
> cat("\n")


> cat(paste(mission,"FLAG Report:, ", n))
18HU04016 FLAG Report:,  2019-03-15 10:14:06
> cat("\n")


> cat(c("-----------------------","\n","\n"))
----------------------- 
 

> # ========================= #
> # PLOT DATA FOR EACH EVENT
> # ========================= #
> 
> 
> for (i in 1:length(fe)) {
+   
+   event=sprintf( .... [TRUNCATED] 

> # plot flagged profiles using BC flagged file
> #original file from Gordana Lazin
> #updated by E Chisholm, March 2019
> 
> 
> source("flagcol2.r")

> require(lubridate)

> source("plot_profiles.r")

> wd="C:/Users/ChisholmE/Documents/BIOCHEM/IML QC"

> # load flagged BCD file
> mission="18HU04061"

> fn=file.path(paste0(wd,'/BCD/',mission, '/',mission,"_BCD_flagged.csv"))

> df0=data.frame(read.csv(fn,  header = F, quote = '', fill = T, stringsAsFactors = F))

> names(df0) <- df0[1,]

> df0 <- df0[-1,1:25]

> df0$DIS_HEADER_START_DEPTH <- as.numeric(df0$DIS_HEADER_START_DEPTH)

> df0$DIS_DETAIL_DATA_VAL <- as.numeric(df0$DIS_DETAIL_DATA_VAL)

> # load QC report files 
> qc_folder="C:/Users/ChisholmE/Documents/BIOCHEM/IML QC/QC_V6"

> qcf=paste0("QC_data_",substr(mission,nchar(mission)-4,nchar(mission)),"_IML_format.txt")

> qcf_ctd=paste0("QC_data_",substr(mission,nchar(mission)-4,nchar(mission)),"_IML_format_ctd.txt")

> qcrep=read.table(file.path(qc_folder,qcf), stringsAsFactors=F, sep=";", header=T)

> #no ctd data
> #qcrep_ctd=read.table(file.path(qc_folder,qcf_ctd), stringsAsFactors=F, sep=";", header=T)
> 
> # if (mission %in% c("HUD99054","HUD9 ..." ... [TRUNCATED] 

> qcpar <-  vars$BCD_FIELDS[vars$qc == 'qc']

> #qcpar=c("Temp_CTD_1968","Salinity_CTD","O2_CTD_mLL","Salinity_Sal_PSS","Chl_a_Holm-Hansen_F","pH_CTD",
>         #"Chl_Fluor_Voltage", "O2_Electrod ..." ... [TRUNCATED] 

> # find events for which the dat was flagged
> 
> # 1. find indices of flagged data, fi
> fi=which(df$DIS_DETAIL_DATA_QC_CODE>1)

> # 2. Find flagged events, fe
> fe=unique(df$EVENT_COLLECTOR_EVENT_ID[fi])

> # order flagged events by event number
> fe=fe[order(fe)]

> # =================== #
> # DEFINE REPORT FILE
> # =================== #
> outpath=file.path(paste0(wd,'/BCD/',mission))

> n=now() # make time stamp to mark the start of processing

> timestamp=paste0(year(n), sprintf("%02d",month(n)),sprintf("%02d",day(n)),
+                  sprintf("%02d",hour(n)),sprintf("%02d",minute(n)),spri .... [TRUNCATED] 

> # name of the report file                 
> report_file=paste0("FLAG_report_",mission,"_",timestamp, ".txt")

> report_file=file.path(outpath,report_file)

> # write input files into report
> sink(file=report_file,append=TRUE, split=TRUE)

> cat("\n")


> cat(paste(mission,"FLAG Report:, ", n))
18HU04061 FLAG Report:,  2019-03-15 10:16:54
> cat("\n")


> cat(c("-----------------------","\n","\n"))
----------------------- 
 

> # ========================= #
> # PLOT DATA FOR EACH EVENT
> # ========================= #
> 
> 
> for (i in 1:length(fe)) {
+   
+   event=sprintf( .... [TRUNCATED] 
-> Flagged OXYGEN, event IML200406111, station 11:

 sample_key depth O2_CTD_mLL qc
             2.88   285.9580  0
             5.45   285.7347  0
            14.78   283.7696  0
            24.49   280.5541  0
            50.47   250.0513  0
            74.96   255.9465  0


-> QC repot:
[1] Filename    Pressure    Uniqueno    Variable    Values      Test.failed
<0 rows> (or 0-length row.names)



-> Flagged OXYGEN, event IML200406131, station 31:

 sample_key  depth O2_CTD_mLL qc
              2.98   298.2841  0
              5.55   298.2841  0
             15.27   298.7307  0
             25.29   299.1327  0
             49.88   311.8608  0
            100.43   303.2414  0
            201.61   153.0945  0
            295.11   157.6498  0
            321.06   166.7158  0


-> QC repot:
[1] Filename    Pressure    Uniqueno    Variable    Values      Test.failed
<0 rows> (or 0-length row.names)



-> Flagged OXYGEN, event IML200406141, station 41:

 sample_key  depth O2_CTD_mLL qc
              1.09   297.6589  0
              5.06   297.6142  0
             15.67   298.1055  0
             25.58   298.2395  0
             50.27   312.5753  0
            101.92   308.9579  0
            201.01   147.4673  0
            295.01   146.5295  0
            398.07   173.0128  0
            448.94   181.3196  0


-> QC repot:
[1] Filename    Pressure    Uniqueno    Variable    Values      Test.failed
<0 rows> (or 0-length row.names)



-> Flagged NITRATE, event IML200406161, station 61:

 sample_key  depth  value        method qc
              2.58  0.165 NO2NO3_Alp_SF  1
              5.26  0.245 NO2NO3_Alp_SF  1
             15.27  0.225 NO2NO3_Alp_SF  1
             25.19  0.275 NO2NO3_Alp_SF  1
             48.58  0.455 NO2NO3_Alp_SF  2
            101.22  5.735 NO2NO3_Alp_SF  1
            199.03 10.020 NO2NO3_Alp_SF  1
            254.40 17.265 NO2NO3_Alp_SF  1


-> QC repot:
[1] Filename    Pressure    Uniqueno    Variable    Values      Test.failed
<0 rows> (or 0-length row.names)




> sink()

> # plot flagged profiles using BC flagged file
> #original file from Gordana Lazin
> #updated by E Chisholm, March 2019
> 
> 
> source("flagcol2.r")

> require(lubridate)

> source("plot_profiles.r")

> wd="C:/Users/ChisholmE/Documents/BIOCHEM/IML QC"

> # load flagged BCD file
> mission="18HU04586"

> fn=file.path(paste0(wd,'/BCD/',mission, '/',mission,"_BCD_flagged.csv"))

> df0=data.frame(read.csv(fn,  header = F, quote = '', fill = T, stringsAsFactors = F))

> names(df0) <- df0[1,]

> df0 <- df0[-1,1:25]

> df0$DIS_HEADER_START_DEPTH <- as.numeric(df0$DIS_HEADER_START_DEPTH)

> df0$DIS_DETAIL_DATA_VAL <- as.numeric(df0$DIS_DETAIL_DATA_VAL)

> # load QC report files 
> qc_folder="C:/Users/ChisholmE/Documents/BIOCHEM/IML QC/QC_V6"

> qcf=paste0("QC_data_",substr(mission,nchar(mission)-4,nchar(mission)),"_IML_format.txt")

> qcf_ctd=paste0("QC_data_",substr(mission,nchar(mission)-4,nchar(mission)),"_IML_format_ctd.txt")

> qcrep=read.table(file.path(qc_folder,qcf), stringsAsFactors=F, sep=";", header=T)

> #no ctd data
> #qcrep_ctd=read.table(file.path(qc_folder,qcf_ctd), stringsAsFactors=F, sep=";", header=T)
> 
> # if (mission %in% c("HUD99054","HUD9 ..." ... [TRUNCATED] 

> qcpar <-  vars$BCD_FIELDS[vars$qc == 'qc']

> #qcpar=c("Temp_CTD_1968","Salinity_CTD","O2_CTD_mLL","Salinity_Sal_PSS","Chl_a_Holm-Hansen_F","pH_CTD",
>         #"Chl_Fluor_Voltage", "O2_Electrod ..." ... [TRUNCATED] 

> # find events for which the dat was flagged
> 
> # 1. find indices of flagged data, fi
> fi=which(df$DIS_DETAIL_DATA_QC_CODE>1)

> # 2. Find flagged events, fe
> fe=unique(df$EVENT_COLLECTOR_EVENT_ID[fi])

> # order flagged events by event number
> fe=fe[order(fe)]

> # =================== #
> # DEFINE REPORT FILE
> # =================== #
> outpath=file.path(paste0(wd,'/BCD/',mission))

> n=now() # make time stamp to mark the start of processing

> timestamp=paste0(year(n), sprintf("%02d",month(n)),sprintf("%02d",day(n)),
+                  sprintf("%02d",hour(n)),sprintf("%02d",minute(n)),spri .... [TRUNCATED] 

> # name of the report file                 
> report_file=paste0("FLAG_report_",mission,"_",timestamp, ".txt")

> report_file=file.path(outpath,report_file)

> # write input files into report
> sink(file=report_file,append=TRUE, split=TRUE)

> cat("\n")


> cat(paste(mission,"FLAG Report:, ", n))
18HU04586 FLAG Report:,  2019-03-15 10:29:11
> cat("\n")


> cat(c("-----------------------","\n","\n"))
----------------------- 
 

> # ========================= #
> # PLOT DATA FOR EACH EVENT
> # ========================= #
> 
> 
> for (i in 1:length(fe)) {
+   
+   event=sprintf( .... [TRUNCATED] 
-> Flagged NITRATE, event 6, station SEGB-03:

           sample_key depth value   method qc
 18HU04586_304_258990    11  0.68 NO2NO3_0  1
 18HU04586_304_258989    21  0.59 NO2NO3_0  1
 18HU04586_304_258988    31  0.63 NO2NO3_0  7
 18HU04586_304_258987    41  1.48 NO2NO3_0  1
 18HU04586_304_258986    50  0.71 NO2NO3_0  1
 18HU04586_304_258985    75  8.30 NO2NO3_0  1
 18HU04586_304_258984   100 10.56 NO2NO3_0  1
 18HU04586_304_258983   151  8.12 NO2NO3_0  1
 18HU04586_304_258982   164 10.59 NO2NO3_0  1


-> QC repot:
[1] Filename    Pressure    Uniqueno    Variable    Values      Test.failed
<0 rows> (or 0-length row.names)



-> Flagged PHOSPHATE, event 6, station SEGB-03:

           sample_key depth value method qc
 18HU04586_304_258990    11  0.37  PO4_0  1
 18HU04586_304_258989    21  0.32  PO4_0  7
 18HU04586_304_258988    31  0.32  PO4_0  1
 18HU04586_304_258987    41  0.37  PO4_0  1
 18HU04586_304_258986    50  0.37  PO4_0  1
 18HU04586_304_258985    75  1.06  PO4_0  1
 18HU04586_304_258984   100  1.26  PO4_0  1
 18HU04586_304_258983   151  1.09  PO4_0  1
 18HU04586_304_258982   164  1.37  PO4_0  1


-> QC repot:
[1] Filename    Pressure    Uniqueno    Variable    Values      Test.failed
<0 rows> (or 0-length row.names)



-> Flagged SILICATE, event 6, station SEGB-03:

           sample_key depth value method qc
 18HU04586_304_258990    11  2.26 SiO4_0  1
 18HU04586_304_258989    21  1.98 SiO4_0  1
 18HU04586_304_258988    31  1.82 SiO4_0  1
 18HU04586_304_258987    41  2.36 SiO4_0  1
 18HU04586_304_258986    50  2.03 SiO4_0  1
 18HU04586_304_258985    75  9.99 SiO4_0  1
 18HU04586_304_258984   100 11.42 SiO4_0  7
 18HU04586_304_258983   151 11.13 SiO4_0  1
 18HU04586_304_258982   164 14.30 SiO4_0  1


-> QC repot:
[1] Filename    Pressure    Uniqueno    Variable    Values      Test.failed
<0 rows> (or 0-length row.names)




> sink()

> # plot flagged profiles using BC flagged file
> #original file from Gordana Lazin
> #updated by E Chisholm, March 2019
> 
> 
> source("flagcol2.r")

> require(lubridate)

> source("plot_profiles.r")

> wd="C:/Users/ChisholmE/Documents/BIOCHEM/IML QC"

> # load flagged BCD file
> mission="18HU05071"

> fn=file.path(paste0(wd,'/BCD/',mission, '/',mission,"_BCD_flagged.csv"))

> df0=data.frame(read.csv(fn,  header = F, quote = '', fill = T, stringsAsFactors = F))

> names(df0) <- df0[1,]

> df0 <- df0[-1,1:25]

> df0$DIS_HEADER_START_DEPTH <- as.numeric(df0$DIS_HEADER_START_DEPTH)

> df0$DIS_DETAIL_DATA_VAL <- as.numeric(df0$DIS_DETAIL_DATA_VAL)

> # load QC report files 
> qc_folder="C:/Users/ChisholmE/Documents/BIOCHEM/IML QC/QC_V6"

> qcf=paste0("QC_data_",substr(mission,nchar(mission)-4,nchar(mission)),"_IML_format.txt")

> qcf_ctd=paste0("QC_data_",substr(mission,nchar(mission)-4,nchar(mission)),"_IML_format_ctd.txt")

> qcrep=read.table(file.path(qc_folder,qcf), stringsAsFactors=F, sep=";", header=T)

> #no ctd data
> #qcrep_ctd=read.table(file.path(qc_folder,qcf_ctd), stringsAsFactors=F, sep=";", header=T)
> 
> # if (mission %in% c("HUD99054","HUD9 ..." ... [TRUNCATED] 

> qcpar <-  vars$BCD_FIELDS[vars$qc == 'qc']

> #qcpar=c("Temp_CTD_1968","Salinity_CTD","O2_CTD_mLL","Salinity_Sal_PSS","Chl_a_Holm-Hansen_F","pH_CTD",
>         #"Chl_Fluor_Voltage", "O2_Electrod ..." ... [TRUNCATED] 

> # find events for which the dat was flagged
> 
> # 1. find indices of flagged data, fi
> fi=which(df$DIS_DETAIL_DATA_QC_CODE>1)

> # 2. Find flagged events, fe
> fe=unique(df$EVENT_COLLECTOR_EVENT_ID[fi])

> # order flagged events by event number
> fe=fe[order(fe)]

> # =================== #
> # DEFINE REPORT FILE
> # =================== #
> outpath=file.path(paste0(wd,'/BCD/',mission))

> n=now() # make time stamp to mark the start of processing

> timestamp=paste0(year(n), sprintf("%02d",month(n)),sprintf("%02d",day(n)),
+                  sprintf("%02d",hour(n)),sprintf("%02d",minute(n)),spri .... [TRUNCATED] 

> # name of the report file                 
> report_file=paste0("FLAG_report_",mission,"_",timestamp, ".txt")

> report_file=file.path(outpath,report_file)

> # write input files into report
> sink(file=report_file,append=TRUE, split=TRUE)

> cat("\n")


> cat(paste(mission,"FLAG Report:, ", n))
18HU05071 FLAG Report:,  2019-03-15 10:30:45
> cat("\n")


> cat(c("-----------------------","\n","\n"))
----------------------- 
 

> # ========================= #
> # PLOT DATA FOR EACH EVENT
> # ========================= #
> 
> 
> for (i in 1:length(fe)) {
+   
+   event=sprintf( .... [TRUNCATED] 
-> Flagged OXYGEN, event IML2005071741, station 741:

 sample_key  depth O2_CTD_mLL qc
              2.58   309.7618  0
              5.26   309.7618  0
             14.87   309.6278  0
             25.39   308.2433  0
             49.38   280.4201  0
            101.92   282.0726  0
            193.59   170.0206  0
            299.87   143.4479  0
            314.13   143.4033  0


-> QC repot:
[1] Filename    Pressure    Uniqueno    Variable    Values      Test.failed
<0 rows> (or 0-length row.names)




> sink()

> # plot flagged profiles using BC flagged file
> #original file from Gordana Lazin
> #updated by E Chisholm, March 2019
> 
> 
> source("flagcol2.r")

> require(lubridate)

> source("plot_profiles.r")

> wd="C:/Users/ChisholmE/Documents/BIOCHEM/IML QC"

> # load flagged BCD file
> mission="18HU05656"

> fn=file.path(paste0(wd,'/BCD/',mission, '/',mission,"_BCD_flagged.csv"))

> df0=data.frame(read.csv(fn,  header = F, quote = '', fill = T, stringsAsFactors = F))

> names(df0) <- df0[1,]

> df0 <- df0[-1,1:25]

> df0$DIS_HEADER_START_DEPTH <- as.numeric(df0$DIS_HEADER_START_DEPTH)

> df0$DIS_DETAIL_DATA_VAL <- as.numeric(df0$DIS_DETAIL_DATA_VAL)

> # load QC report files 
> qc_folder="C:/Users/ChisholmE/Documents/BIOCHEM/IML QC/QC_V6"

> qcf=paste0("QC_data_",substr(mission,nchar(mission)-4,nchar(mission)),"_IML_format.txt")

> qcf_ctd=paste0("QC_data_",substr(mission,nchar(mission)-4,nchar(mission)),"_IML_format_ctd.txt")

> qcrep=read.table(file.path(qc_folder,qcf), stringsAsFactors=F, sep=";", header=T)

> #no ctd data
> #qcrep_ctd=read.table(file.path(qc_folder,qcf_ctd), stringsAsFactors=F, sep=";", header=T)
> 
> # if (mission %in% c("HUD99054","HUD9 ..." ... [TRUNCATED] 

> qcpar <-  vars$BCD_FIELDS[vars$qc == 'qc']

> #qcpar=c("Temp_CTD_1968","Salinity_CTD","O2_CTD_mLL","Salinity_Sal_PSS","Chl_a_Holm-Hansen_F","pH_CTD",
>         #"Chl_Fluor_Voltage", "O2_Electrod ..." ... [TRUNCATED] 

> # find events for which the dat was flagged
> 
> # 1. find indices of flagged data, fi
> fi=which(df$DIS_DETAIL_DATA_QC_CODE>1)

> # 2. Find flagged events, fe
> fe=unique(df$EVENT_COLLECTOR_EVENT_ID[fi])

> # order flagged events by event number
> fe=fe[order(fe)]

> # =================== #
> # DEFINE REPORT FILE
> # =================== #
> outpath=file.path(paste0(wd,'/BCD/',mission))

> n=now() # make time stamp to mark the start of processing

> timestamp=paste0(year(n), sprintf("%02d",month(n)),sprintf("%02d",day(n)),
+                  sprintf("%02d",hour(n)),sprintf("%02d",minute(n)),spri .... [TRUNCATED] 

> # name of the report file                 
> report_file=paste0("FLAG_report_",mission,"_",timestamp, ".txt")

> report_file=file.path(outpath,report_file)

> # write input files into report
> sink(file=report_file,append=TRUE, split=TRUE)

> cat("\n")


> cat(paste(mission,"FLAG Report:, ", n))
18HU05656 FLAG Report:,  2019-03-15 10:32:48
> cat("\n")


> cat(c("-----------------------","\n","\n"))
----------------------- 
 

> # ========================= #
> # PLOT DATA FOR EACH EVENT
> # ========================= #
> 
> 
> for (i in 1:length(fe)) {
+   
+   event=sprintf( .... [TRUNCATED] 
-> Flagged NITRATE, event 45, station FC-12:

           sample_key depth value   method qc
 18HU05656_279_260728     5  1.89 NO2NO3_0  1
 18HU05656_279_260727    10  0.90 NO2NO3_0  1
 18HU05656_279_260726    21  2.02 NO2NO3_0  1
 18HU05656_279_260725    30  1.28 NO2NO3_0  1
 18HU05656_279_260724    40  1.01 NO2NO3_0  1
 18HU05656_279_260723    50  2.82 NO2NO3_0  2
 18HU05656_279_260722    76  8.31 NO2NO3_0  1
 18HU05656_279_260721   100 12.22 NO2NO3_0  1
 18HU05656_279_260720   129 11.39 NO2NO3_0  1


-> QC repot:
[1] Filename    Pressure    Uniqueno    Variable    Values      Test.failed
<0 rows> (or 0-length row.names)



-> Flagged PHOSPHATE, event 45, station FC-12:

           sample_key depth value method qc
 18HU05656_279_260728     5  0.47  PO4_0  1
 18HU05656_279_260727    10  0.38  PO4_0  1
 18HU05656_279_260726    21  0.57  PO4_0  1
 18HU05656_279_260725    30  0.36  PO4_0  1
 18HU05656_279_260724    40  0.41  PO4_0  2
 18HU05656_279_260723    50  0.44  PO4_0  1
 18HU05656_279_260722    76  0.90  PO4_0  1
 18HU05656_279_260721   100  1.05  PO4_0  1
 18HU05656_279_260720   129  0.89  PO4_0  1


-> QC repot:
[1] Filename    Pressure    Uniqueno    Variable    Values      Test.failed
<0 rows> (or 0-length row.names)



-> Flagged NITRATE, event 85, station TB-10:

           sample_key depth value   method qc
 18HU05656_334_260970     5  1.76 NO2NO3_0  1
 18HU05656_334_260969    10  1.63 NO2NO3_0  1
 18HU05656_334_260968    19  1.96 NO2NO3_0  1
 18HU05656_334_260967    30  1.92 NO2NO3_0  1
 18HU05656_334_260966    40  2.42 NO2NO3_0  1
 18HU05656_334_260965    50  3.66 NO2NO3_0  1
 18HU05656_334_260964    74  5.66 NO2NO3_0  1
 18HU05656_334_260963    98  8.17 NO2NO3_0  1
 18HU05656_334_260962   149  8.77 NO2NO3_0  2
 18HU05656_334_260961   265 15.12 NO2NO3_0  1


-> QC repot:
[1] Filename    Pressure    Uniqueno    Variable    Values      Test.failed
<0 rows> (or 0-length row.names)




> sink()

> # plot flagged profiles using BC flagged file
> #original file from Gordana Lazin
> #updated by E Chisholm, March 2019
> 
> 
> source("flagcol2.r")

> require(lubridate)

> source("plot_profiles.r")

> wd="C:/Users/ChisholmE/Documents/BIOCHEM/IML QC"

> # load flagged BCD file
> mission="18HU06019"

> fn=file.path(paste0(wd,'/BCD/',mission, '/',mission,"_BCD_flagged.csv"))

> df0=data.frame(read.csv(fn,  header = F, quote = '', fill = T, stringsAsFactors = F))

> names(df0) <- df0[1,]

> df0 <- df0[-1,1:25]

> df0$DIS_HEADER_START_DEPTH <- as.numeric(df0$DIS_HEADER_START_DEPTH)

> df0$DIS_DETAIL_DATA_VAL <- as.numeric(df0$DIS_DETAIL_DATA_VAL)

> # load QC report files 
> qc_folder="C:/Users/ChisholmE/Documents/BIOCHEM/IML QC/QC_V6"

> qcf=paste0("QC_data_",substr(mission,nchar(mission)-4,nchar(mission)),"_IML_format.txt")

> qcf_ctd=paste0("QC_data_",substr(mission,nchar(mission)-4,nchar(mission)),"_IML_format_ctd.txt")

> qcrep=read.table(file.path(qc_folder,qcf), stringsAsFactors=F, sep=";", header=T)

> #no ctd data
> #qcrep_ctd=read.table(file.path(qc_folder,qcf_ctd), stringsAsFactors=F, sep=";", header=T)
> 
> # if (mission %in% c("HUD99054","HUD9 ..." ... [TRUNCATED] 

> qcpar <-  vars$BCD_FIELDS[vars$qc == 'qc']

> #qcpar=c("Temp_CTD_1968","Salinity_CTD","O2_CTD_mLL","Salinity_Sal_PSS","Chl_a_Holm-Hansen_F","pH_CTD",
>         #"Chl_Fluor_Voltage", "O2_Electrod ..." ... [TRUNCATED] 

> # find events for which the dat was flagged
> 
> # 1. find indices of flagged data, fi
> fi=which(df$DIS_DETAIL_DATA_QC_CODE>1)

> # 2. Find flagged events, fe
> fe=unique(df$EVENT_COLLECTOR_EVENT_ID[fi])

> # order flagged events by event number
> fe=fe[order(fe)]

> # =================== #
> # DEFINE REPORT FILE
> # =================== #
> outpath=file.path(paste0(wd,'/BCD/',mission))

> n=now() # make time stamp to mark the start of processing

> timestamp=paste0(year(n), sprintf("%02d",month(n)),sprintf("%02d",day(n)),
+                  sprintf("%02d",hour(n)),sprintf("%02d",minute(n)),spri .... [TRUNCATED] 

> # name of the report file                 
> report_file=paste0("FLAG_report_",mission,"_",timestamp, ".txt")

> report_file=file.path(outpath,report_file)

> # write input files into report
> sink(file=report_file,append=TRUE, split=TRUE)

> cat("\n")


> cat(paste(mission,"FLAG Report:, ", n))
18HU06019 FLAG Report:,  2019-03-15 10:33:26
> cat("\n")


> cat(c("-----------------------","\n","\n"))
----------------------- 
 

> # ========================= #
> # PLOT DATA FOR EACH EVENT
> # ========================= #
> 
> 
> for (i in 1:length(fe)) {
+   
+   event=sprintf( .... [TRUNCATED] 

> # plot flagged profiles using BC flagged file
> #original file from Gordana Lazin
> #updated by E Chisholm, March 2019
> 
> 
> source("flagcol2.r")

> require(lubridate)

> source("plot_profiles.r")

> wd="C:/Users/ChisholmE/Documents/BIOCHEM/IML QC"

> # load flagged BCD file
> mission="18HU06019"

> fn=file.path(paste0(wd,'/BCD/',mission, '/',mission,"_BCD_flagged.csv"))

> df0=data.frame(read.csv(fn,  header = F, quote = '', fill = T, stringsAsFactors = F))

> names(df0) <- df0[1,]

> df0 <- df0[-1,1:25]

> df0$DIS_HEADER_START_DEPTH <- as.numeric(df0$DIS_HEADER_START_DEPTH)

> df0$DIS_DETAIL_DATA_VAL <- as.numeric(df0$DIS_DETAIL_DATA_VAL)

> # load QC report files 
> qc_folder="C:/Users/ChisholmE/Documents/BIOCHEM/IML QC/QC_V6"

> qcf=paste0("QC_data_",substr(mission,nchar(mission)-4,nchar(mission)),"_IML_format.txt")

> qcf_ctd=paste0("QC_data_",substr(mission,nchar(mission)-4,nchar(mission)),"_IML_format_ctd.txt")

> qcrep=read.table(file.path(qc_folder,qcf), stringsAsFactors=F, sep=";", header=T)

> #no ctd data
> #qcrep_ctd=read.table(file.path(qc_folder,qcf_ctd), stringsAsFactors=F, sep=";", header=T)
> 
> # if (mission %in% c("HUD99054","HUD9 ..." ... [TRUNCATED] 

> qcpar <-  vars$BCD_FIELDS[vars$qc == 'qc']

> #qcpar=c("Temp_CTD_1968","Salinity_CTD","O2_CTD_mLL","Salinity_Sal_PSS","Chl_a_Holm-Hansen_F","pH_CTD",
>         #"Chl_Fluor_Voltage", "O2_Electrod ..." ... [TRUNCATED] 

> # find events for which the dat was flagged
> 
> # 1. find indices of flagged data, fi
> fi=which(df$DIS_DETAIL_DATA_QC_CODE>1)

> # 2. Find flagged events, fe
> fe=unique(df$EVENT_COLLECTOR_EVENT_ID[fi])

> # order flagged events by event number
> fe=fe[order(fe)]

> # =================== #
> # DEFINE REPORT FILE
> # =================== #
> outpath=file.path(paste0(wd,'/BCD/',mission))

> n=now() # make time stamp to mark the start of processing

> timestamp=paste0(year(n), sprintf("%02d",month(n)),sprintf("%02d",day(n)),
+                  sprintf("%02d",hour(n)),sprintf("%02d",minute(n)),spri .... [TRUNCATED] 

> # name of the report file                 
> report_file=paste0("FLAG_report_",mission,"_",timestamp, ".txt")

> report_file=file.path(outpath,report_file)

> # write input files into report
> sink(file=report_file,append=TRUE, split=TRUE)

> cat("\n")


> cat(paste(mission,"FLAG Report:, ", n))
18HU06019 FLAG Report:,  2019-03-15 10:33:42
> cat("\n")


> cat(c("-----------------------","\n","\n"))
----------------------- 
 

> # ========================= #
> # PLOT DATA FOR EACH EVENT
> # ========================= #
> 
> 
> for (i in 1:length(fe)) {
+   
+   event=sprintf( .... [TRUNCATED] 
