
> cat("\n")


> cat(paste(mission,"FLAG Report:, ", n))
18HU92053 FLAG Report:,  2019-03-15 11:48:15
> cat("\n")


> cat(c("-----------------------","\n","\n"))
----------------------- 
 

> # ========================= #
> # PLOT DATA FOR EACH EVENT
> # ========================= #
> 
> 
> for (i in 1:length(fe)) {
+   
+   event=sprintf( .... [TRUNCATED] 
-> Flagged SALINITY, event 1, station CAST#1:

           sample_key depth.x Salinity_CTD qc.x
 18HU92053_002_121001  990.72      34.9879    3
 18HU92053_002_121002  783.33      34.9578    3
 18HU92053_002_121003  591.39      34.9331    3
 18HU92053_002_121004  403.00      35.1869    3
 18HU92053_002_121005  304.56      35.4280    3


-> QC repot:
[1] Filename    Pressure    Uniqueno    Variable    Values      Test.failed
<0 rows> (or 0-length row.names)



-> Flagged SALINITY, event 2, station CAST#1:

           sample_key depth.x Salinity_CTD qc.x
 18HU92053_113_121006  299.44      35.4654    3
 18HU92053_113_121007  152.07      35.8230    3
 18HU92053_113_121008  122.18      35.8581    3
 18HU92053_113_121009  111.52      35.8910    3
 18HU92053_113_121010  101.84      35.9390    3
 18HU92053_113_121011   92.49      35.9741    3
 18HU92053_113_121012   82.36      36.0640    3
 18HU92053_113_121013   72.62      36.1065    3
 18HU92053_113_121014   62.54      36.1096    3
 18HU92053_113_121015   52.34      36.1196    3
 18HU92053_113_121016   42.57      36.1224    3
 18HU92053_113_121017   23.27      36.1237    3
 18HU92053_113_121018   12.97      36.1236    3
 18HU92053_113_121019    3.52      36.1235    3


-> QC repot:
[1] Filename    Pressure    Uniqueno    Variable    Values      Test.failed
<0 rows> (or 0-length row.names)



-> Flagged SALINITY, event 3, station CAST#1:

           sample_key depth.x Salinity_CTD qc.x
 18HU92053_225_121020  300.41      36.3823    3
 18HU92053_225_121021  152.34      36.5091    3
 18HU92053_225_121022  120.91      36.5094    3
 18HU92053_225_121023  111.52      36.5098    3
 18HU92053_225_121024  102.38      36.5095    3
 18HU92053_225_121025   92.33      36.5097    3
 18HU92053_225_121026   83.11      36.5094    3
 18HU92053_225_121027   72.80      36.5093    3
 18HU92053_225_121028   62.96      36.5095    3
 18HU92053_225_121029   52.39      36.5090    3
 18HU92053_225_121030   42.99      36.5079    3
 18HU92053_225_121031   42.92      36.5077    3
 18HU92053_225_121032   22.90      36.5081    3
 18HU92053_225_121033   23.27      36.5082    3
 18HU92053_225_121034   13.22      36.5067    3
 18HU92053_225_121035    3.75      36.5085    3
 18HU92053_225_121036    3.69      36.5090    3


-> QC repot:
[1] Filename    Pressure    Uniqueno    Variable    Values      Test.failed
<0 rows> (or 0-length row.names)




> sink()
