
> cat("\n")


> cat(paste(mission,"FLAG Report:, ", n))
18VA17666 FLAG Report:,  2019-03-15 13:20:33
> cat("\n")


> cat(c("-----------------------","\n","\n"))
----------------------- 
 

> # ========================= #
> # PLOT DATA FOR EACH EVENT
> # ========================= #
> 
> 
> for (i in 1:length(fe)) {
+   
+   event=sprintf( .... [TRUNCATED] 
-> Flagged SALINITY, event 2, station HL_02:

 sample_key depth.x Salinity_CTD qc.x depth.y Salinity_Sal_PSS qc.y
               1.40      31.9734    0    1.40           31.063    7
               1.40      31.9734    0   40.88           31.353    1
               1.40      31.9734    0  141.32           33.940    1
               5.47      31.0491    0    1.40           31.063    7
               5.47      31.0491    0   40.88           31.353    1
               5.47      31.0491    0  141.32           33.940    1
              10.61      31.0524    0    1.40           31.063    7
              10.61      31.0524    0   40.88           31.353    1
              10.61      31.0524    0  141.32           33.940    1
              20.72      31.1534    0    1.40           31.063    7
              20.72      31.1534    0   40.88           31.353    1
              20.72      31.1534    0  141.32           33.940    1
              31.19      31.1728    0    1.40           31.063    7
              31.19      31.1728    0   40.88           31.353    1
              31.19      31.1728    0  141.32           33.940    1
              40.88      31.2164    0    1.40           31.063    7
              40.88      31.2164    0   40.88           31.353    1
              40.88      31.2164    0  141.32           33.940    1
              51.42      31.8811    0    1.40           31.063    7
              51.42      31.8811    0   40.88           31.353    1
              51.42      31.8811    0  141.32           33.940    1
              76.48      32.5166    0    1.40           31.063    7
              76.48      32.5166    0   40.88           31.353    1
              76.48      32.5166    0  141.32           33.940    1
             101.27      32.8853    0    1.40           31.063    7
             101.27      32.8853    0   40.88           31.353    1
             101.27      32.8853    0  141.32           33.940    1
             141.32      33.9399    0    1.40           31.063    7
             141.32      33.9399    0   40.88           31.353    1
             141.32      33.9399    0  141.32           33.940    1


-> QC repot:
[1] Filename    Pressure    Uniqueno    Variable    Values      Test.failed
<0 rows> (or 0-length row.names)



-> Flagged SALINITY, event 3, station HL_02:

 sample_key depth.x Salinity_CTD qc.x depth.y Salinity_Sal_PSS qc.y
               1.53      30.0466    0    1.53           30.809    7
               1.53      30.0466    0   40.52           32.229    1
               1.53      30.0466    0  140.78           34.638    1
               5.57      30.7811    0    1.53           30.809    7
               5.57      30.7811    0   40.52           32.229    1
               5.57      30.7811    0  140.78           34.638    1
              10.53      30.9060    0    1.53           30.809    7
              10.53      30.9060    0   40.52           32.229    1
              10.53      30.9060    0  140.78           34.638    1
              20.69      31.3466    0    1.53           30.809    7
              20.69      31.3466    0   40.52           32.229    1
              20.69      31.3466    0  140.78           34.638    1
              30.94      31.9968    0    1.53           30.809    7
              30.94      31.9968    0   40.52           32.229    1
              30.94      31.9968    0  140.78           34.638    1
              40.52      32.0575    0    1.53           30.809    7
              40.52      32.0575    0   40.52           32.229    1
              40.52      32.0575    0  140.78           34.638    1
              50.88      32.2491    0    1.53           30.809    7
              50.88      32.2491    0   40.52           32.229    1
              50.88      32.2491    0  140.78           34.638    1
              75.65      32.4632    0    1.53           30.809    7
              75.65      32.4632    0   40.52           32.229    1
              75.65      32.4632    0  140.78           34.638    1
             101.30      32.6592    0    1.53           30.809    7
             101.30      32.6592    0   40.52           32.229    1
             101.30      32.6592    0  140.78           34.638    1
             140.78      34.5078    0    1.53           30.809    7
             140.78      34.5078    0   40.52           32.229    1
             140.78      34.5078    0  140.78           34.638    1


-> QC repot:
[1] Filename    Pressure    Uniqueno    Variable    Values      Test.failed
<0 rows> (or 0-length row.names)



-> Flagged OXYGEN, event 4, station HL_02:

 sample_key  depth O2_CTD_mLL qc
              2.41     4.3573  0
              5.50     4.5531  0
             10.66     4.7599  0
             20.33     5.0817  0
             30.80     5.3238  0
             40.66     5.3148  0
             50.62     5.2495  0
             75.93     5.1230  0
            101.03     4.7972  0
            141.39     3.9570  0


-> QC repot:
[1] Filename    Pressure    Uniqueno    Variable    Values      Test.failed
<0 rows> (or 0-length row.names)



-> Flagged SALINITY, event 5, station HL_02:

 sample_key depth.x Salinity_CTD qc.x depth.y Salinity_Sal_PSS qc.y
               1.07      31.1015    0    1.07           31.000    1
               1.07      31.1015    0   40.34           31.403    1
               1.07      31.1015    0  140.97           34.163    7
               5.57      30.8655    0    1.07           31.000    1
               5.57      30.8655    0   40.34           31.403    1
               5.57      30.8655    0  140.97           34.163    7
              10.62      30.8954    0    1.07           31.000    1
              10.62      30.8954    0   40.34           31.403    1
              10.62      30.8954    0  140.97           34.163    7
              20.47      30.9480    0    1.07           31.000    1
              20.47      30.9480    0   40.34           31.403    1
              20.47      30.9480    0  140.97           34.163    7
              31.47      31.0993    0    1.07           31.000    1
              31.47      31.0993    0   40.34           31.403    1
              31.47      31.0993    0  140.97           34.163    7
              40.34      31.2491    0    1.07           31.000    1
              40.34      31.2491    0   40.34           31.403    1
              40.34      31.2491    0  140.97           34.163    7
              50.70      31.4384    0    1.07           31.000    1
              50.70      31.4384    0   40.34           31.403    1
              50.70      31.4384    0  140.97           34.163    7
              75.97      31.7556    0    1.07           31.000    1
              75.97      31.7556    0   40.34           31.403    1
              75.97      31.7556    0  140.97           34.163    7
             100.72      32.1439    0    1.07           31.000    1
             100.72      32.1439    0   40.34           31.403    1
             100.72      32.1439    0  140.97           34.163    7
             140.97      33.8618    0    1.07           31.000    1
             140.97      33.8618    0   40.34           31.403    1
             140.97      33.8618    0  140.97           34.163    7


-> QC repot:
[1] Filename    Pressure    Uniqueno    Variable    Values      Test.failed
<0 rows> (or 0-length row.names)



-> Flagged OXYGEN, event 5, station HL_02:

 sample_key  depth O2_CTD_mLL qc
              1.07     4.7623  0
              5.57     5.9461  0
             10.62     4.6739  0
             20.47     4.4048  0
             31.47     6.4165  0
             40.34     4.5249  0
             50.70     4.5158  0
             75.97     4.5919  0
            100.72     4.4179  0
            140.97     3.2248  0


-> QC repot:
[1] Filename    Pressure    Uniqueno    Variable    Values      Test.failed
<0 rows> (or 0-length row.names)




> sink()
