
> cat("\n")


> cat(paste(mission,"FLAG Report:, ", n))
18HU18008 FLAG Report:,  2019-03-15 11:31:15
> cat("\n")


> cat(c("-----------------------","\n","\n"))
----------------------- 
 

> # ========================= #
> # PLOT DATA FOR EACH EVENT
> # ========================= #
> 
> 
> for (i in 1:length(fe)) {
+   
+   event=sprintf( .... [TRUNCATED] 
-> Flagged SALINITY, event 206, station HL_08:

           sample_key depth.x Salinity_CTD qc.x depth.y Salinity_Sal_PSS qc.y
 18HU18008_123_438150 3450.71      34.9025    0 3450.71         34.90200    1
 18HU18008_123_438151 3349.41      34.9098    0 3349.41         34.90900    1
 18HU18008_123_438152 3199.22      34.9130    0 3199.22         34.91300    1
 18HU18008_123_438153 3050.56      34.9166    0 3050.56         34.91700    1
 18HU18008_123_438154 2848.94      34.9218    0 2848.94         34.92100    1
 18HU18008_123_438155 2637.18      34.9287    0 2637.18         34.92900    1
 18HU18008_123_438156 2421.71      34.9386    0 2421.71         34.93800    1
 18HU18008_123_438157 2220.18      34.9452    0 2220.18         34.94600    1
 18HU18008_123_438158 2039.48      34.9507    0 2039.48         34.95100    1
 18HU18008_123_438159 1860.33      34.9536    0 1860.33         34.95442    1
 18HU18008_123_438160 1679.13      34.9544    0 1679.13         34.95400    1
 18HU18008_123_438161 1500.38      34.9513    0 1500.38         34.95400    1
 18HU18008_123_438162 1320.15      34.9496    0 1320.15         34.95000    1
 18HU18008_123_438163 1139.56      34.9554    0 1139.56         34.95600    1
 18HU18008_123_438164  967.95      34.9653    0  967.95         34.96500    1
 18HU18008_123_438165  811.59      34.9844    0  811.59         34.98500    1
 18HU18008_123_438166  649.12      35.0209    0      NA               NA <NA>
 18HU18008_123_438167  499.31      35.0911    0  499.31         35.08400    1
 18HU18008_123_438168  350.25      35.3332    0  350.25         35.33500    1
 18HU18008_123_438169  200.37      35.6156    0  200.37         35.62400    1
 18HU18008_123_438170  100.74      35.5709    0  100.74         35.57200    1
 18HU18008_123_438171   47.41      35.5779    0      NA               NA <NA>
 18HU18008_123_438172   24.35      35.7495    0   24.35         35.74200    2
 18HU18008_123_438173    3.41      35.7361    0      NA               NA <NA>


-> QC repot:
[1] Filename    Pressure    Uniqueno    Variable    Values      Test.failed
<0 rows> (or 0-length row.names)



-> Flagged OXYGEN, event 211, station HL_10:

           sample_key   depth O2_CTD_mLL qc
 18HU18008_129_438179 4140.54     5.6777  0
 18HU18008_129_438180 3998.85     5.7595  0
 18HU18008_129_438181 3799.87     5.8133  0
 18HU18008_129_438182 3599.82     5.8276  0
 18HU18008_129_438183 3421.55     5.8082  0
 18HU18008_129_438184 3222.51     5.8269  0
 18HU18008_129_438185 3001.21     5.7988  0
 18HU18008_129_438186 2768.09     5.7439  0
 18HU18008_129_438187 2528.97     5.6803  0
 18HU18008_129_438188 2279.72     5.6826  0
 18HU18008_129_438189 2019.53     5.6783  0
 18HU18008_129_438190 1760.60     5.6593  0
 18HU18008_129_438191 1510.57     5.6324  0
 18HU18008_129_438192 1269.49     5.6175  0
 18HU18008_129_438193 1051.21     5.5429  0
 18HU18008_129_438194  850.79     5.2459  0
 18HU18008_129_438195  649.89     4.7195  0
 18HU18008_129_438196  499.20     3.9873  0
 18HU18008_129_438197  328.65     3.0560  0
 18HU18008_129_438198  195.88     4.6548  0
 18HU18008_129_438199  100.75     5.1679  0
 18HU18008_129_438200   50.37     5.1331  0
 18HU18008_129_438201   25.46     5.7350  0
 18HU18008_129_438202    4.35     5.7807  0


-> QC repot:
[1] Filename    Pressure    Uniqueno    Variable    Values      Test.failed
<0 rows> (or 0-length row.names)



-> Flagged SALINITY, event 213, station HL_12:

           sample_key depth.x Salinity_CTD qc.x depth.y Salinity_Sal_PSS qc.y
 18HU18008_131_438208 4725.12      34.8816    0 4725.12         34.87900    1
 18HU18008_131_438209 4650.74      34.8840    0 4650.74         34.88200    1
 18HU18008_131_438210 4500.96      34.8863    0 4500.96         34.88400    1
 18HU18008_131_438211 4341.88      34.8895    0 4341.88         34.88700    1
 18HU18008_131_438212 4149.65      34.8935    0 4149.65         34.89100    1
 18HU18008_131_438213 3930.37      34.8958    0 3930.37         34.89400    1
 18HU18008_131_438214 3690.80      34.9023    0 3690.80         34.90000    1
 18HU18008_131_438215 3441.06      34.9085    0 3441.06         34.90600    1
 18HU18008_131_438216 3177.45      34.9186    0 3177.45         34.91700    1
 18HU18008_131_438217 2910.56      34.9293    0 2910.56         34.92800    1
 18HU18008_131_438218 2629.64      34.9395    0 2629.64         34.93700    1
 18HU18008_131_438219 2338.67      34.9438    0 2338.67         34.94300    1
 18HU18008_131_438220 2040.38      34.9525    0 2040.38         34.95102    1
 18HU18008_131_438221 1750.99      34.9581    0 1750.99         34.95900    1
 18HU18008_131_438222 1470.14      34.9701    0 1470.14         34.97100    1
 18HU18008_131_438223 1200.32      34.9797    0 1200.32         34.97900    1
 18HU18008_131_438224  940.50      35.0019    0  940.50         35.00100    1
 18HU18008_131_438225  690.24      35.0297    0  690.24         35.02900    1
 18HU18008_131_438226  460.90      35.0952    0  460.90         35.09600    1
 18HU18008_131_438227  249.83      35.2981    0  249.83         35.60200    7
 18HU18008_131_438228  100.70      35.6023    0  100.70         35.60300    1
 18HU18008_131_438229   49.79      35.6993    0      NA               NA <NA>
 18HU18008_131_438230   24.44      35.6530    0   24.44         35.65500    1
 18HU18008_131_438231    1.38      35.6552    0      NA               NA <NA>


-> QC repot:
[1] Filename    Pressure    Uniqueno    Variable    Values      Test.failed
<0 rows> (or 0-length row.names)



-> Flagged OXYGEN, event 234, station HL_13:

           sample_key   depth O2_CTD_mLL qc
 18HU18008_154_438335 4937.80     5.3951  0
 18HU18008_154_438336 4796.51     5.5147  0
 18HU18008_154_438337 4600.68     5.5409  0
 18HU18008_154_438338 4450.44     5.5800  0
 18HU18008_154_438339 4250.42     5.5940  0
 18HU18008_154_438340 4009.35     5.6333  0
 18HU18008_154_438341 3749.42     5.6520  0
 18HU18008_154_438342 3471.43     5.6741  0
 18HU18008_154_438343 3181.82     5.6694  0
 18HU18008_154_438344 2890.41     5.6489  0
 18HU18008_154_438345 2600.73     5.6338  0
 18HU18008_154_438346 2310.54     5.6495  0
 18HU18008_154_438347 2020.39     5.6390  0
 18HU18008_154_438348 1731.30     5.6249  0
 18HU18008_154_438349 1437.82     5.5814  0
 18HU18008_154_438350 1159.12     5.5398  0
 18HU18008_154_438351  903.53     5.3809  0
 18HU18008_154_438352  660.28     4.8276  0
 18HU18008_154_438353  440.63     3.6809  0
 18HU18008_154_438354  248.56     3.2831  0
 18HU18008_154_438355  100.14     4.8995  0
 18HU18008_154_438356   50.39     5.2171  0
 18HU18008_154_438357   25.00     5.4090  0
 18HU18008_154_438358    2.78     5.2710  0


-> QC repot:
[1] Filename    Pressure    Uniqueno    Variable    Values      Test.failed
<0 rows> (or 0-length row.names)



-> Flagged OXYGEN, event 253, station HL_06:

           sample_key   depth O2_CTD_mLL qc
 18HU18008_175_438484 1088.09     5.6058  0
 18HU18008_175_438485  920.80     5.4898  0
 18HU18008_175_438486  819.50     5.3515  0
 18HU18008_175_438487  720.13     5.2162  0
 18HU18008_175_438488  620.93     4.9688  0
 18HU18008_175_438489  482.27     4.2301  0
 18HU18008_175_438490  398.69     3.6780  0
 18HU18008_175_438491  299.58     3.1388  0
 18HU18008_175_438492  200.42     4.0529  0
 18HU18008_175_438493  150.87     4.8902  0
 18HU18008_175_438494  100.68     5.0681  0
 18HU18008_175_438495   80.80     5.0685  0
 18HU18008_175_438496   59.88     5.2046  0
 18HU18008_175_438497   50.68     5.2136  0
 18HU18008_175_438498   40.31     5.2654  0
 18HU18008_175_438499   30.38     5.5075  0
 18HU18008_175_438500   20.18     5.8961  0
 18HU18008_175_438501    9.75     5.9521  0
 18HU18008_175_438502    3.80     5.9629  0


-> QC repot:
[1] Filename    Pressure    Uniqueno    Variable    Values      Test.failed
<0 rows> (or 0-length row.names)



-> Flagged PHOSPHATE, event 267, station HL_02:

           sample_key  depth   value     method qc
 18HU18008_190_438561   2.05 0.26425 PO4_Tech_F  1
 18HU18008_190_438560   4.88 0.25950 PO4_Tech_F  1
 18HU18008_190_438559  11.18 0.26225 PO4_Tech_F  1
 18HU18008_190_438558  20.49 0.28725 PO4_Tech_F  1
 18HU18008_190_438557  30.40 0.48650 PO4_Tech_F  1
 18HU18008_190_438556  41.05 0.48725 PO4_Tech_F  1
 18HU18008_190_438555  50.26 0.49825 PO4_Tech_F  7
 18HU18008_190_438554  75.49 0.75275 PO4_Tech_F  1
 18HU18008_190_438553 100.31 0.77700 PO4_Tech_F  1
 18HU18008_190_438552 149.04 1.16625 PO4_Tech_F  1


-> QC repot:
[1] Filename    Pressure    Uniqueno    Variable    Values      Test.failed
<0 rows> (or 0-length row.names)



-> Flagged SALINITY, event 5, station STN27:

           sample_key depth.x Salinity_CTD qc.x depth.y Salinity_Sal_PSS qc.y
 18HU18008_284_446729  165.19      32.7514    0  165.19         32.75700    1
 18HU18008_284_446730  164.86      32.7517    0  164.86         32.75600    1
 18HU18008_284_446731  164.56      32.7524    0  164.56         32.75800    1
 18HU18008_284_446732  164.66      32.7519    0  164.66         32.75600    1
 18HU18008_284_446733  164.75      32.7516    0  164.75         32.75586    1
 18HU18008_284_446734  164.93      32.7509    0      NA               NA <NA>
 18HU18008_284_446735  149.86      32.6730    0  149.86         32.70600    1
 18HU18008_284_446736   99.61      32.1900    0   99.61         32.20700    1
 18HU18008_284_446737   99.82      32.1905    0   99.82         32.20900    1
 18HU18008_284_446738   99.29      32.1908    0   99.29         32.20800    1
 18HU18008_284_446739   99.59      32.1903    0   99.59         32.20200    1
 18HU18008_284_446740   99.81      32.1902    0   99.81         32.20200    1
 18HU18008_284_446741   99.48      32.1907    0   99.48         32.19800    7
 18HU18008_284_446742   75.83      32.1628    0   75.83         32.16700    1
 18HU18008_284_446743   49.29      32.0896    0   49.29         32.08300    1
 18HU18008_284_446744   49.25      32.0852    0   49.25         32.08700    1
 18HU18008_284_446745   49.59      32.0838    0      NA               NA <NA>
 18HU18008_284_446746   49.22      32.0841    0   49.22         32.07100    1
 18HU18008_284_446747   49.24      32.0829    0   49.24         32.08000    1
 18HU18008_284_446748   39.60      31.9868    0   39.60         31.97300    1
 18HU18008_284_446749   29.63      31.9185    0   29.63         31.92500    1
 18HU18008_284_446750   20.14      31.8996    0   20.14         31.89900    1
 18HU18008_284_446751   10.66      31.8997    0   10.66         31.90300    1
 18HU18008_284_446752    6.01      31.8996    0    6.01         31.90500    1


-> QC repot:
[1] Filename    Pressure    Uniqueno    Variable    Values      Test.failed
<0 rows> (or 0-length row.names)



-> Flagged OXYGEN, event 5, station STN27:

           sample_key  depth O2_CTD_mLL qc
 18HU18008_284_446729 165.19     7.1225  0
 18HU18008_284_446730 164.86     7.1218  0
 18HU18008_284_446731 164.56     7.1226  0
 18HU18008_284_446732 164.66     7.1173  0
 18HU18008_284_446733 164.75     7.1298  0
 18HU18008_284_446734 164.93     7.1149  0
 18HU18008_284_446735 149.86     7.2365  0
 18HU18008_284_446736  99.61     8.2869  0
 18HU18008_284_446737  99.82     8.2830  0
 18HU18008_284_446738  99.29     8.3009  0
 18HU18008_284_446739  99.59     8.2884  0
 18HU18008_284_446740  99.81     8.2879  0
 18HU18008_284_446741  99.48     8.2898  0
 18HU18008_284_446742  75.83     8.3886  0
 18HU18008_284_446743  49.29     8.3546  0
 18HU18008_284_446744  49.25     8.3561  0
 18HU18008_284_446745  49.59     8.3501  0
 18HU18008_284_446746  49.22     8.3601  0
 18HU18008_284_446747  49.24     8.3558  0
 18HU18008_284_446748  39.60     8.4412  0
 18HU18008_284_446749  29.63     8.5171  0
 18HU18008_284_446750  20.14     8.6106  0
 18HU18008_284_446751  10.66     8.5999  0
 18HU18008_284_446752   6.01     8.6120  0


-> QC repot:
[1] Filename    Pressure    Uniqueno    Variable    Values      Test.failed
<0 rows> (or 0-length row.names)



-> Flagged NITRATE, event 5, station STN27:

           sample_key  depth   value        method qc
 18HU18008_284_446752   6.01 0.00000 NO2NO3_Tech_F  1
 18HU18008_284_446751  10.66 0.00000 NO2NO3_Tech_F  1
 18HU18008_284_446750  20.14 0.00000 NO2NO3_Tech_F  1
 18HU18008_284_446749  29.63 0.00000 NO2NO3_Tech_F  1
 18HU18008_284_446748  39.60 0.17088 NO2NO3_Tech_F  1
 18HU18008_284_446743  49.29 0.49128 NO2NO3_Tech_F  1
 18HU18008_284_446742  75.83 0.49662 NO2NO3_Tech_F  1
 18HU18008_284_446736  99.61 1.60200 NO2NO3_Tech_F  7
 18HU18008_284_446735 149.86 8.58672 NO2NO3_Tech_F  1
 18HU18008_284_446729 165.19 8.74692 NO2NO3_Tech_F  1


-> QC repot:
[1] Filename    Pressure    Uniqueno    Variable    Values      Test.failed
<0 rows> (or 0-length row.names)




> sink()
