
> cat("\n")


> cat(paste(mission,"FLAG Report:, ", n))
18TL15133 FLAG Report:,  2019-03-15 13:12:01
> cat("\n")


> cat(c("-----------------------","\n","\n"))
----------------------- 
 

> # ========================= #
> # PLOT DATA FOR EACH EVENT
> # ========================= #
> 
> 
> for (i in 1:length(fe)) {
+   
+   event=sprintf( .... [TRUNCATED] 

> # plot flagged profiles using BC flagged file
> #original file from Gordana Lazin
> #updated by E Chisholm, March 2019
> 
> 
> source("flagcol2.r")

> require(lubridate)

> source("plot_profiles.r")

> wd="C:/Users/ChisholmE/Documents/BIOCHEM/IML QC"

> # load flagged BCD file
> mission="18TL16002"

> fn=file.path(paste0(wd,'/BCD/',mission, '/',mission,"_BCD_flagged.csv"))

> df0=data.frame(read.csv(fn,  header = F, quote = '', fill = T, stringsAsFactors = F))

> names(df0) <- df0[1,]

> df0 <- df0[-1,1:25]

> df0$DIS_HEADER_START_DEPTH <- as.numeric(df0$DIS_HEADER_START_DEPTH)

> df0$DIS_DETAIL_DATA_VAL <- as.numeric(df0$DIS_DETAIL_DATA_VAL)

> # load QC report files 
> qc_folder="C:/Users/ChisholmE/Documents/BIOCHEM/IML QC/QC_V6"

> qcf=paste0("QC_data_",substr(mission,nchar(mission)-4,nchar(mission)),"_IML_format.txt")

> qcf_ctd=paste0("QC_data_",substr(mission,nchar(mission)-4,nchar(mission)),"_IML_format_ctd.txt")

> qcrep=read.table(file.path(qc_folder,qcf), stringsAsFactors=F, sep=";", header=T)

> #no ctd data
> #qcrep_ctd=read.table(file.path(qc_folder,qcf_ctd), stringsAsFactors=F, sep=";", header=T)
> 
> # if (mission %in% c("HUD99054","HUD9 ..." ... [TRUNCATED] 

> qcpar <-  vars$BCD_FIELDS[vars$qc == 'qc']

> #qcpar=c("Temp_CTD_1968","Salinity_CTD","O2_CTD_mLL","Salinity_Sal_PSS","Chl_a_Holm-Hansen_F","pH_CTD",
>         #"Chl_Fluor_Voltage", "O2_Electrod ..." ... [TRUNCATED] 

> # find events for which the dat was flagged
> 
> # 1. find indices of flagged data, fi
> fi=which(df$DIS_DETAIL_DATA_QC_CODE>1)

> # 2. Find flagged events, fe
> fe=unique(df$EVENT_COLLECTOR_EVENT_ID[fi])

> # order flagged events by event number
> fe=fe[order(fe)]

> # =================== #
> # DEFINE REPORT FILE
> # =================== #
> outpath=file.path(paste0(wd,'/BCD/',mission))

> n=now() # make time stamp to mark the start of processing

> timestamp=paste0(year(n), sprintf("%02d",month(n)),sprintf("%02d",day(n)),
+                  sprintf("%02d",hour(n)),sprintf("%02d",minute(n)),spri .... [TRUNCATED] 

> # name of the report file                 
> report_file=paste0("FLAG_report_",mission,"_",timestamp, ".txt")

> report_file=file.path(outpath,report_file)

> # write input files into report
> sink(file=report_file,append=TRUE, split=TRUE)

> cat("\n")


> cat(paste(mission,"FLAG Report:, ", n))
18TL16002 FLAG Report:,  2019-03-15 13:12:43
> cat("\n")


> cat(c("-----------------------","\n","\n"))
----------------------- 
 

> # ========================= #
> # PLOT DATA FOR EACH EVENT
> # ========================= #
> 
> 
> for (i in 1:length(fe)) {
+   
+   event=sprintf( .... [TRUNCATED] 
-> Flagged OXYGEN, event 12, station 10:

 sample_key depth O2_CTD_mLL qc
             6.72     6.7358  0
            80.69     6.7130  0


-> QC repot:
[1] Filename    Pressure    Uniqueno    Variable    Values      Test.failed
<0 rows> (or 0-length row.names)



-> Flagged OXYGEN, event 13, station 14:

 sample_key  depth O2_CTD_mLL qc
              4.97     6.8047  0
            134.47     5.0734  0


-> QC repot:
[1] Filename    Pressure    Uniqueno    Variable    Values      Test.failed
<0 rows> (or 0-length row.names)



-> Flagged OXYGEN, event 16, station 20:

 sample_key depth O2_CTD_mLL qc
             5.72     6.8435  0
            66.22     6.7953  0


-> QC repot:
[1] Filename    Pressure    Uniqueno    Variable    Values      Test.failed
<0 rows> (or 0-length row.names)



-> Flagged OXYGEN, event 17, station 21:

 sample_key depth O2_CTD_mLL qc
             5.54     6.8941  0
            65.92     6.8773  0


-> QC repot:
[1] Filename    Pressure    Uniqueno    Variable    Values      Test.failed
<0 rows> (or 0-length row.names)



-> Flagged OXYGEN, event 18, station 22:

 sample_key depth O2_CTD_mLL qc
             5.38     6.4763  0
            91.17     5.8670  0


-> QC repot:
[1] Filename    Pressure    Uniqueno    Variable    Values      Test.failed
<0 rows> (or 0-length row.names)



-> Flagged OXYGEN, event 19, station 24:

 sample_key depth O2_CTD_mLL qc
             5.40     6.6441  0
            85.54     6.0061  0


-> QC repot:
[1] Filename    Pressure    Uniqueno    Variable    Values      Test.failed
<0 rows> (or 0-length row.names)



-> Flagged OXYGEN, event 20, station 26:

 sample_key depth O2_CTD_mLL qc
             5.13     6.8345  0
            74.30     6.8327  0
            75.14     6.8135  0


-> QC repot:
[1] Filename    Pressure    Uniqueno    Variable    Values      Test.failed
<0 rows> (or 0-length row.names)



-> Flagged OXYGEN, event 25, station 35:

 sample_key depth O2_CTD_mLL qc
             4.86     6.6243  0
            66.95     6.6212  0


-> QC repot:
      Filename Pressure Uniqueno Variable Values                    Test.failed
 18TL16002_025     6.73   429121     doxy   3.89  Bottle-CTD Difference Problem
 18TL16002_025    80.70   429120     doxy   4.31  Bottle-CTD Difference Problem



-> Flagged CHLOROPHYLL, event 25, station 35:

 sample_key depth Chl_a_Holm-Hansen_F qc
             4.86             0.89698  7
            66.95             0.89698  7


-> QC repot:
[1] Filename    Pressure    Uniqueno    Variable    Values      Test.failed
<0 rows> (or 0-length row.names)



-> Flagged OXYGEN, event 28, station 42:

 sample_key depth O2_CTD_mLL qc
             5.27     7.0096  0
            48.04     7.0128  0


-> QC repot:
[1] Filename    Pressure    Uniqueno    Variable    Values      Test.failed
<0 rows> (or 0-length row.names)



-> Flagged OXYGEN, event 29, station 43:

 sample_key depth O2_CTD_mLL qc
             4.86     6.8433  0
            34.64     6.8690  0


-> QC repot:
[1] Filename    Pressure    Uniqueno    Variable    Values      Test.failed
<0 rows> (or 0-length row.names)



-> Flagged OXYGEN, event 30, station 45:

 sample_key depth O2_CTD_mLL qc
             4.80     6.5774  0
            96.07     6.5191  0


-> QC repot:
[1] Filename    Pressure    Uniqueno    Variable    Values      Test.failed
<0 rows> (or 0-length row.names)



-> Flagged OXYGEN, event 31, station 51:

 sample_key depth O2_CTD_mLL qc
             4.74     6.5632  0
            79.94     6.5551  0


-> QC repot:
[1] Filename    Pressure    Uniqueno    Variable    Values      Test.failed
<0 rows> (or 0-length row.names)



-> Flagged NITRATE, event 31, station 51:

 sample_key depth    value        method qc
             4.74 13.60333 NO2NO3_Tech_F  2
            79.94 12.55667 NO2NO3_Tech_F  1


-> QC repot:
[1] Filename    Pressure    Uniqueno    Variable    Values      Test.failed
<0 rows> (or 0-length row.names)



-> Flagged NITRATE, event 32, station 53:

 sample_key depth    value        method qc
             5.12 11.41667 NO2NO3_Tech_F  2
            70.19 12.82667 NO2NO3_Tech_F  1


-> QC repot:
[1] Filename    Pressure    Uniqueno    Variable    Values      Test.failed
<0 rows> (or 0-length row.names)



-> Flagged NITRATE, event 34, station 55:

 sample_key  depth    value        method qc
              5.15  8.07333 NO2NO3_Tech_F  1
             24.33  8.14333 NO2NO3_Tech_F  1
             49.73  8.73333 NO2NO3_Tech_F  1
            226.83 21.31667 NO2NO3_Tech_F  2


-> QC repot:
[1] Filename    Pressure    Uniqueno    Variable    Values      Test.failed
<0 rows> (or 0-length row.names)



-> Flagged OXYGEN, event 39, station 59:

 sample_key depth O2_CTD_mLL qc
             5.81     6.8460  0
            90.13     6.8165  0


-> QC repot:
[1] Filename    Pressure    Uniqueno    Variable    Values      Test.failed
<0 rows> (or 0-length row.names)



-> Flagged OXYGEN, event 43, station 64:

 sample_key  depth O2_CTD_mLL qc
              5.22     6.6719  0
             24.71     6.6271  0
             50.70     6.5920  0
            155.27     6.3875  0


-> QC repot:
[1] Filename    Pressure    Uniqueno    Variable    Values      Test.failed
<0 rows> (or 0-length row.names)



-> Flagged SILICATE, event 43, station 64:

 sample_key  depth   value      method qc
              5.22 2.40667 SiO4_Tech_F  1
             24.71 2.42667 SiO4_Tech_F  2
             50.70 2.46000 SiO4_Tech_F  1
            155.27 3.33333 SiO4_Tech_F  1


-> QC repot:
[1] Filename    Pressure    Uniqueno    Variable    Values      Test.failed
<0 rows> (or 0-length row.names)



-> Flagged OXYGEN, event 45, station 67:

 sample_key depth O2_CTD_mLL qc
              4.1     6.7994  0
             73.4     6.7643  0


-> QC repot:
[1] Filename    Pressure    Uniqueno    Variable    Values      Test.failed
<0 rows> (or 0-length row.names)



-> Flagged OXYGEN, event 48, station 71:

 sample_key depth O2_CTD_mLL qc
             4.15     6.9946  0
            51.03     6.9800  0


-> QC repot:
[1] Filename    Pressure    Uniqueno    Variable    Values      Test.failed
<0 rows> (or 0-length row.names)



-> Flagged OXYGEN, event 49, station 72:

 sample_key depth O2_CTD_mLL qc
             5.65     6.6434  0
            86.66     6.4765  0


-> QC repot:
[1] Filename    Pressure    Uniqueno    Variable    Values      Test.failed
<0 rows> (or 0-length row.names)



-> Flagged OXYGEN, event 5, station 2:

 sample_key  depth O2_CTD_mLL qc
              5.20     7.0537  0
             49.54     6.5148  0
            101.33     6.1754  0
            228.78     4.3136  0


-> QC repot:
[1] Filename    Pressure    Uniqueno    Variable    Values      Test.failed
<0 rows> (or 0-length row.names)



-> Flagged OXYGEN, event 6, station 3:

 sample_key depth O2_CTD_mLL qc
             4.08     6.4969  0
            78.12     6.4691  0


-> QC repot:
[1] Filename    Pressure    Uniqueno    Variable    Values      Test.failed
<0 rows> (or 0-length row.names)



-> Flagged OXYGEN, event 61, station 87:

 sample_key depth O2_CTD_mLL qc
             5.29     7.1501  0
            40.14     7.1513  0


-> QC repot:
[1] Filename    Pressure    Uniqueno    Variable    Values      Test.failed
<0 rows> (or 0-length row.names)



-> Flagged OXYGEN, event 7, station 5:

 sample_key depth O2_CTD_mLL qc
             4.99     6.7588  0
            96.92     5.8490  0


-> QC repot:
[1] Filename    Pressure    Uniqueno    Variable    Values      Test.failed
<0 rows> (or 0-length row.names)




> sink()

> # plot flagged profiles using BC flagged file
> #original file from Gordana Lazin
> #updated by E Chisholm, March 2019
> 
> 
> source("flagcol2.r")

> require(lubridate)

> source("plot_profiles.r")

> wd="C:/Users/ChisholmE/Documents/BIOCHEM/IML QC"

> # load flagged BCD file
> mission="18TL16003"

> fn=file.path(paste0(wd,'/BCD/',mission, '/',mission,"_BCD_flagged.csv"))

> df0=data.frame(read.csv(fn,  header = F, quote = '', fill = T, stringsAsFactors = F))

> names(df0) <- df0[1,]

> df0 <- df0[-1,1:25]

> df0$DIS_HEADER_START_DEPTH <- as.numeric(df0$DIS_HEADER_START_DEPTH)

> df0$DIS_DETAIL_DATA_VAL <- as.numeric(df0$DIS_DETAIL_DATA_VAL)

> # load QC report files 
> qc_folder="C:/Users/ChisholmE/Documents/BIOCHEM/IML QC/QC_V6"

> qcf=paste0("QC_data_",substr(mission,nchar(mission)-4,nchar(mission)),"_IML_format.txt")

> qcf_ctd=paste0("QC_data_",substr(mission,nchar(mission)-4,nchar(mission)),"_IML_format_ctd.txt")

> qcrep=read.table(file.path(qc_folder,qcf), stringsAsFactors=F, sep=";", header=T)

> #no ctd data
> #qcrep_ctd=read.table(file.path(qc_folder,qcf_ctd), stringsAsFactors=F, sep=";", header=T)
> 
> # if (mission %in% c("HUD99054","HUD9 ..." ... [TRUNCATED] 

> qcpar <-  vars$BCD_FIELDS[vars$qc == 'qc']

> #qcpar=c("Temp_CTD_1968","Salinity_CTD","O2_CTD_mLL","Salinity_Sal_PSS","Chl_a_Holm-Hansen_F","pH_CTD",
>         #"Chl_Fluor_Voltage", "O2_Electrod ..." ... [TRUNCATED] 

> # find events for which the dat was flagged
> 
> # 1. find indices of flagged data, fi
> fi=which(df$DIS_DETAIL_DATA_QC_CODE>1)

> # 2. Find flagged events, fe
> fe=unique(df$EVENT_COLLECTOR_EVENT_ID[fi])

> # order flagged events by event number
> fe=fe[order(fe)]

> # =================== #
> # DEFINE REPORT FILE
> # =================== #
> outpath=file.path(paste0(wd,'/BCD/',mission))

> n=now() # make time stamp to mark the start of processing

> timestamp=paste0(year(n), sprintf("%02d",month(n)),sprintf("%02d",day(n)),
+                  sprintf("%02d",hour(n)),sprintf("%02d",minute(n)),spri .... [TRUNCATED] 

> # name of the report file                 
> report_file=paste0("FLAG_report_",mission,"_",timestamp, ".txt")

> report_file=file.path(outpath,report_file)

> # write input files into report
> sink(file=report_file,append=TRUE, split=TRUE)

> cat("\n")


> cat(paste(mission,"FLAG Report:, ", n))
18TL16003 FLAG Report:,  2019-03-15 13:14:47
> cat("\n")


> cat(c("-----------------------","\n","\n"))
----------------------- 
 

> # ========================= #
> # PLOT DATA FOR EACH EVENT
> # ========================= #
> 
> 
> for (i in 1:length(fe)) {
+   
+   event=sprintf( .... [TRUNCATED] 
-> Flagged PHOSPHATE, event 1, station 1:

 sample_key  depth   value     method qc
              6.10 0.56467 PO4_Tech_F  1
             49.75 0.57733 PO4_Tech_F  1
            109.83 0.62067 PO4_Tech_F  2


-> QC repot:
[1] Filename    Pressure    Uniqueno    Variable    Values      Test.failed
<0 rows> (or 0-length row.names)



-> Flagged SILICATE, event 1, station 1:

 sample_key  depth   value      method qc
              6.10 3.13333 SiO4_Tech_F  1
             49.75 3.57667 SiO4_Tech_F  1
            109.83 3.89667 SiO4_Tech_F  2


-> QC repot:
[1] Filename    Pressure    Uniqueno    Variable    Values      Test.failed
<0 rows> (or 0-length row.names)



-> Flagged SILICATE, event 10, station 8:

 sample_key  depth    value      method qc
              5.09  5.63000 SiO4_Tech_F  1
             24.73  5.59333 SiO4_Tech_F  1
             50.48  2.35333 SiO4_Tech_F  1
            211.44 20.81667 SiO4_Tech_F  2


-> QC repot:
[1] Filename    Pressure    Uniqueno    Variable    Values      Test.failed
<0 rows> (or 0-length row.names)



-> Flagged PHOSPHATE, event 13, station 10:

 sample_key  depth   value     method qc
              4.74 0.65967 PO4_Tech_F  1
             24.95 0.65100 PO4_Tech_F  1
             50.75 0.53867 PO4_Tech_F  1
            179.93 1.40800 PO4_Tech_F  2


-> QC repot:
[1] Filename    Pressure    Uniqueno    Variable    Values      Test.failed
<0 rows> (or 0-length row.names)



-> Flagged SILICATE, event 13, station 10:

 sample_key  depth    value      method qc
              4.74  4.23667 SiO4_Tech_F  1
             24.95  4.31000 SiO4_Tech_F  1
             50.75  1.96667 SiO4_Tech_F  2
            179.93 15.94333 SiO4_Tech_F  1


-> QC repot:
[1] Filename    Pressure    Uniqueno    Variable    Values      Test.failed
<0 rows> (or 0-length row.names)



-> Flagged SILICATE, event 14, station 11:

 sample_key depth   value      method qc
             4.76 2.37667 SiO4_Tech_F  2
            25.37 1.84333 SiO4_Tech_F  2
            50.16 1.76333 SiO4_Tech_F  2
            89.04 2.65333 SiO4_Tech_F  1


-> QC repot:
[1] Filename    Pressure    Uniqueno    Variable    Values      Test.failed
<0 rows> (or 0-length row.names)



-> Flagged SILICATE, event 16, station 13:

 sample_key depth   value      method qc
             4.60 2.52667 SiO4_Tech_F  2
            24.72 2.23000 SiO4_Tech_F  2
            51.61 1.80333 SiO4_Tech_F  2
            94.09 7.00000 SiO4_Tech_F  1


-> QC repot:
[1] Filename    Pressure    Uniqueno    Variable    Values      Test.failed
<0 rows> (or 0-length row.names)



-> Flagged SILICATE, event 2, station 2:

 sample_key  depth   value      method qc
              5.39 2.54000 SiO4_Tech_F  2
             24.53 2.47667 SiO4_Tech_F  2
             50.84 2.28333 SiO4_Tech_F  1
            107.06 8.07333 SiO4_Tech_F  1


-> QC repot:
      Filename Pressure Uniqueno Variable Values
 18TL16003_002   109.83   429213     slca    3.9
                                                         Test.failed
  Out of Nutrient Climatology in box(es) 4 (Min=5.63 Max=21.00 n=31)



-> Flagged NITRATE, event 21, station 17:

 sample_key  depth    value        method qc
              6.19  1.24333 NO2NO3_Tech_F  1
             25.05  1.33667 NO2NO3_Tech_F  1
             48.33  3.40000 NO2NO3_Tech_F  1
            100.76 14.81000 NO2NO3_Tech_F  2


-> QC repot:
[1] Filename    Pressure    Uniqueno    Variable    Values      Test.failed
<0 rows> (or 0-length row.names)



-> Flagged SILICATE, event 21, station 17:

 sample_key  depth    value      method qc
              6.19  0.89333 SiO4_Tech_F  2
             25.05  0.78000 SiO4_Tech_F  2
             48.33  2.29333 SiO4_Tech_F  1
            100.76 10.20000 SiO4_Tech_F  1


-> QC repot:
[1] Filename    Pressure    Uniqueno    Variable    Values      Test.failed
<0 rows> (or 0-length row.names)



-> Flagged SILICATE, event 22, station 18:

 sample_key  depth    value      method qc
              6.00  1.37333 SiO4_Tech_F  2
             26.27  1.41667 SiO4_Tech_F  2
             50.08  1.61333 SiO4_Tech_F  2
            139.38 12.03000 SiO4_Tech_F  1


-> QC repot:
[1] Filename    Pressure    Uniqueno    Variable    Values      Test.failed
<0 rows> (or 0-length row.names)



-> Flagged NITRATE, event 24, station 20:

 sample_key  depth  value        method qc
              4.70 15.820 NO2NO3_Tech_F  2
             24.88  2.960 NO2NO3_Tech_F  1
             50.88  2.055 NO2NO3_Tech_F  1
            123.87  2.050 NO2NO3_Tech_F  1


-> QC repot:
[1] Filename    Pressure    Uniqueno    Variable    Values      Test.failed
<0 rows> (or 0-length row.names)



-> Flagged PHOSPHATE, event 24, station 20:

 sample_key  depth   value     method qc
              4.70 1.18433 PO4_Tech_F  2
             24.88 0.52267 PO4_Tech_F  1
             50.88 0.48350 PO4_Tech_F  1
            123.87 0.46800 PO4_Tech_F  2


-> QC repot:
[1] Filename    Pressure    Uniqueno    Variable    Values      Test.failed
<0 rows> (or 0-length row.names)



-> Flagged SILICATE, event 24, station 20:

 sample_key  depth    value      method qc
              4.70 11.26333 SiO4_Tech_F  1
             24.88  2.36667 SiO4_Tech_F  2
             50.88  1.64500 SiO4_Tech_F  2
            123.87  1.80333 SiO4_Tech_F  2


-> QC repot:
[1] Filename    Pressure    Uniqueno    Variable    Values      Test.failed
<0 rows> (or 0-length row.names)



-> Flagged SILICATE, event 25, station 21:

 sample_key depth   value      method qc
             5.71 1.66667 SiO4_Tech_F  2
            25.86 1.39000 SiO4_Tech_F  2
            50.65 1.58667 SiO4_Tech_F  2
            91.42 7.78333 SiO4_Tech_F  1


-> QC repot:
[1] Filename    Pressure    Uniqueno    Variable    Values      Test.failed
<0 rows> (or 0-length row.names)



-> Flagged SILICATE, event 26, station 22:

 sample_key depth   value      method qc
             4.78 1.98333 SiO4_Tech_F  2
            25.77 1.78667 SiO4_Tech_F  2
            49.99 1.26667 SiO4_Tech_F  2
            88.64 7.50333 SiO4_Tech_F  1


-> QC repot:
[1] Filename    Pressure    Uniqueno    Variable    Values      Test.failed
<0 rows> (or 0-length row.names)



-> Flagged SILICATE, event 29, station 25:

 sample_key  depth   value      method qc
              4.63 1.02000 SiO4_Tech_F  2
             25.14 1.56000 SiO4_Tech_F  2
             50.14 4.18667 SiO4_Tech_F  1
            137.73 9.26333 SiO4_Tech_F  1


-> QC repot:
[1] Filename    Pressure    Uniqueno    Variable    Values      Test.failed
<0 rows> (or 0-length row.names)



-> Flagged OXYGEN, event 3, station 3:

 sample_key  depth O2_CTD_mLL qc
              5.02     7.4703  0
             25.25     7.3911  0
             50.94     7.1692  0
            104.89     5.1153  0


-> QC repot:
      Filename Pressure Uniqueno Variable Values
 18TL16003_003   211.44   429247     slca  20.82
                                                          Test.failed
  Out of Nutrient Climatology in box(es) 5 (Min=0.58 Max=18.98 n=140)



-> Flagged SILICATE, event 3, station 3:

 sample_key  depth   value      method qc
              5.02 3.05667 SiO4_Tech_F  1
             25.25 3.14333 SiO4_Tech_F  1
             50.94 2.18333 SiO4_Tech_F  2
            104.89 7.26000 SiO4_Tech_F  1


-> QC repot:
      Filename Pressure Uniqueno Variable Values
 18TL16003_003   211.44   429247     slca  20.82
                                                          Test.failed
  Out of Nutrient Climatology in box(es) 5 (Min=0.58 Max=18.98 n=140)



-> Flagged SILICATE, event 31, station 26:

 sample_key depth   value      method qc
             4.76 1.69667 SiO4_Tech_F  2
            24.28 3.59333 SiO4_Tech_F  1
            50.49 6.37333 SiO4_Tech_F  1
            93.36 6.48667 SiO4_Tech_F  1


-> QC repot:
[1] Filename    Pressure    Uniqueno    Variable    Values      Test.failed
<0 rows> (or 0-length row.names)



-> Flagged SILICATE, event 33, station 27:

 sample_key depth   value      method qc
             4.90 1.79000 SiO4_Tech_F  2
            25.84 1.92333 SiO4_Tech_F  2
            51.12 5.36667 SiO4_Tech_F  1
            89.18 5.47333 SiO4_Tech_F  1


-> QC repot:
[1] Filename    Pressure    Uniqueno    Variable    Values      Test.failed
<0 rows> (or 0-length row.names)



-> Flagged SILICATE, event 34, station 28:

 sample_key  depth   value      method qc
              5.50 2.10333 SiO4_Tech_F  2
             25.61 2.37000 SiO4_Tech_F  2
             50.83 4.91333 SiO4_Tech_F  1
            151.96 5.44667 SiO4_Tech_F  2


-> QC repot:
[1] Filename    Pressure    Uniqueno    Variable    Values      Test.failed
<0 rows> (or 0-length row.names)



-> Flagged SILICATE, event 35, station 29:

 sample_key  depth   value      method qc
              4.97 2.09667 SiO4_Tech_F  2
             24.38 2.15000 SiO4_Tech_F  2
             51.20 4.16000 SiO4_Tech_F  1
            109.92 5.65667 SiO4_Tech_F  1


-> QC repot:
[1] Filename    Pressure    Uniqueno    Variable    Values      Test.failed
<0 rows> (or 0-length row.names)



-> Flagged SILICATE, event 36, station 30:

 sample_key  depth   value      method qc
              5.43 3.92667 SiO4_Tech_F  1
             25.47 3.35667 SiO4_Tech_F  1
             49.62 3.84667 SiO4_Tech_F  1
            109.36 5.46333 SiO4_Tech_F  2


-> QC repot:
      Filename Pressure Uniqueno Variable Values
 18TL16003_036    50.75   429256     slca   1.97
                                                         Test.failed
  Out of Nutrient Climatology in box(es) 4 (Min=2.25 Max=21.00 n=72)



-> Flagged OXYGEN, event 5, station HL_02:

 sample_key  depth O2_CTD_mLL qc
              2.30     7.8781  0
              5.22     7.8794  0
             10.33     7.8738  0
             20.00     7.8777  0
             30.14     7.8535  0
             39.59     7.7707  0
             50.21     7.5890  0
             75.81     6.5813  0
            100.11     6.4267  0
            165.24     3.6614  0


-> QC repot:
[1] Filename    Pressure    Uniqueno    Variable    Values      Test.failed
<0 rows> (or 0-length row.names)



-> Flagged NITRATE, event 65, station 55:

 sample_key  depth   value        method qc
              4.57 6.48000 NO2NO3_Tech_F  1
             24.83 6.80667 NO2NO3_Tech_F  2
             50.68 6.81667 NO2NO3_Tech_F  1
            155.03 7.12333 NO2NO3_Tech_F  1


-> QC repot:
[1] Filename    Pressure    Uniqueno    Variable    Values      Test.failed
<0 rows> (or 0-length row.names)



-> Flagged NITRATE, event 66, station 56:

 sample_key depth   value        method qc
             5.14 8.82000 NO2NO3_Tech_F  1
            25.38 8.45333 NO2NO3_Tech_F  2
            51.49 8.22667 NO2NO3_Tech_F  1
            80.54 8.16667 NO2NO3_Tech_F  1


-> QC repot:
[1] Filename    Pressure    Uniqueno    Variable    Values      Test.failed
<0 rows> (or 0-length row.names)



-> Flagged PHOSPHATE, event 66, station 56:

 sample_key depth   value     method qc
             5.14 0.83367 PO4_Tech_F  1
            25.38 0.84933 PO4_Tech_F  2
            51.49 0.88767 PO4_Tech_F  1
            80.54 0.93167 PO4_Tech_F  1


-> QC repot:
[1] Filename    Pressure    Uniqueno    Variable    Values      Test.failed
<0 rows> (or 0-length row.names)



-> Flagged NITRATE, event 67, station 57:

 sample_key depth   value        method qc
             4.99 9.86000 NO2NO3_Tech_F  1
            25.28 8.31667 NO2NO3_Tech_F  2
            50.32 8.12333 NO2NO3_Tech_F  1
            56.86 8.20000 NO2NO3_Tech_F  1


-> QC repot:
[1] Filename    Pressure    Uniqueno    Variable    Values      Test.failed
<0 rows> (or 0-length row.names)



-> Flagged PHOSPHATE, event 67, station 57:

 sample_key depth   value     method qc
             4.99 0.81700 PO4_Tech_F  1
            25.28 0.90433 PO4_Tech_F  2
            50.32 0.99400 PO4_Tech_F  1
            56.86 1.02600 PO4_Tech_F  1


-> QC repot:
[1] Filename    Pressure    Uniqueno    Variable    Values      Test.failed
<0 rows> (or 0-length row.names)



-> Flagged SILICATE, event 67, station 57:

 sample_key depth    value      method qc
             4.99 13.56667 SiO4_Tech_F  2
            25.28  7.91000 SiO4_Tech_F  1
            50.32  7.71000 SiO4_Tech_F  1
            56.86  7.73000 SiO4_Tech_F  1


-> QC repot:
[1] Filename    Pressure    Uniqueno    Variable    Values      Test.failed
<0 rows> (or 0-length row.names)



-> Flagged NITRATE, event 68, station 58:

 sample_key  depth   value        method qc
              5.35 7.37000 NO2NO3_Tech_F  1
             25.17 7.60667 NO2NO3_Tech_F  2
             49.93 7.62667 NO2NO3_Tech_F  1
            103.24 7.48667 NO2NO3_Tech_F  1


-> QC repot:
[1] Filename    Pressure    Uniqueno    Variable    Values      Test.failed
<0 rows> (or 0-length row.names)



-> Flagged PHOSPHATE, event 68, station 58:

 sample_key  depth   value     method qc
              5.35 0.84000 PO4_Tech_F  1
             25.17 0.83667 PO4_Tech_F  2
             49.93 0.83800 PO4_Tech_F  1
            103.24 0.82733 PO4_Tech_F  1


-> QC repot:
[1] Filename    Pressure    Uniqueno    Variable    Values      Test.failed
<0 rows> (or 0-length row.names)



-> Flagged NITRATE, event 69, station 59:

 sample_key depth   value        method qc
             4.72 9.68667 NO2NO3_Tech_F  1
            24.88 8.01000 NO2NO3_Tech_F  2
            51.55 7.88000 NO2NO3_Tech_F  1
            86.19 7.96667 NO2NO3_Tech_F  1


-> QC repot:
[1] Filename    Pressure    Uniqueno    Variable    Values      Test.failed
<0 rows> (or 0-length row.names)



-> Flagged PHOSPHATE, event 69, station 59:

 sample_key depth   value     method qc
             4.72 0.86533 PO4_Tech_F  1
            24.88 0.86733 PO4_Tech_F  2
            51.55 0.87533 PO4_Tech_F  1
            86.19 0.89133 PO4_Tech_F  1


-> QC repot:
[1] Filename    Pressure    Uniqueno    Variable    Values      Test.failed
<0 rows> (or 0-length row.names)



-> Flagged NITRATE, event 70, station 60:

 sample_key depth   value        method qc
             5.93 8.23000 NO2NO3_Tech_F  1
            25.89 8.49667 NO2NO3_Tech_F  2
            56.42 8.54333 NO2NO3_Tech_F  1


-> QC repot:
[1] Filename    Pressure    Uniqueno    Variable    Values      Test.failed
<0 rows> (or 0-length row.names)



-> Flagged PHOSPHATE, event 70, station 60:

 sample_key depth   value     method qc
             5.93 0.94367 PO4_Tech_F  1
            25.89 0.97967 PO4_Tech_F  2
            56.42 0.96533 PO4_Tech_F  1


-> QC repot:
[1] Filename    Pressure    Uniqueno    Variable    Values      Test.failed
<0 rows> (or 0-length row.names)



-> Flagged NITRATE, event 71, station 61:

 sample_key depth   value        method qc
             4.98 8.38000 NO2NO3_Tech_F  1
            24.43 8.61667 NO2NO3_Tech_F  2
            50.50 8.60667 NO2NO3_Tech_F  1
            80.32 8.28667 NO2NO3_Tech_F  1


-> QC repot:
[1] Filename    Pressure    Uniqueno    Variable    Values      Test.failed
<0 rows> (or 0-length row.names)



-> Flagged PHOSPHATE, event 71, station 61:

 sample_key depth   value     method qc
             4.98 0.92967 PO4_Tech_F  1
            24.43 0.97667 PO4_Tech_F  2
            50.50 0.96033 PO4_Tech_F  1
            80.32 1.10300 PO4_Tech_F  1


-> QC repot:
[1] Filename    Pressure    Uniqueno    Variable    Values      Test.failed
<0 rows> (or 0-length row.names)



-> Flagged NITRATE, event 72, station 62:

 sample_key depth   value        method qc
             5.91 6.64000 NO2NO3_Tech_F  1
            26.05 6.56667 NO2NO3_Tech_F  2
            65.30 6.83000 NO2NO3_Tech_F  1


-> QC repot:
[1] Filename    Pressure    Uniqueno    Variable    Values      Test.failed
<0 rows> (or 0-length row.names)



-> Flagged NITRATE, event 73, station 63:

 sample_key depth   value        method qc
             4.54 7.23000 NO2NO3_Tech_F  1
            24.39 7.23333 NO2NO3_Tech_F  2
            49.94 7.31000 NO2NO3_Tech_F  1
            86.57 7.21333 NO2NO3_Tech_F  1


-> QC repot:
[1] Filename    Pressure    Uniqueno    Variable    Values      Test.failed
<0 rows> (or 0-length row.names)



-> Flagged NITRATE, event 74, station 64:

 sample_key  depth   value        method qc
              4.56 5.95667 NO2NO3_Tech_F  1
             24.89 6.66000 NO2NO3_Tech_F  2
             50.46 6.57333 NO2NO3_Tech_F  1
            104.04 6.61667 NO2NO3_Tech_F  1


-> QC repot:
[1] Filename    Pressure    Uniqueno    Variable    Values      Test.failed
<0 rows> (or 0-length row.names)



-> Flagged SILICATE, event 74, station 64:

 sample_key  depth   value      method qc
              4.56 5.68333 SiO4_Tech_F  1
             24.89 5.54000 SiO4_Tech_F  1
             50.46 5.44000 SiO4_Tech_F  1
            104.04 5.49000 SiO4_Tech_F  2


-> QC repot:
[1] Filename    Pressure    Uniqueno    Variable    Values      Test.failed
<0 rows> (or 0-length row.names)



-> Flagged PHOSPHATE, event 75, station 65:

 sample_key depth   value     method qc
             5.05 0.73200 PO4_Tech_F  1
            25.17 0.78967 PO4_Tech_F  2
            50.57 0.75200 PO4_Tech_F  1
            89.26 0.72333 PO4_Tech_F  1


-> QC repot:
[1] Filename    Pressure    Uniqueno    Variable    Values      Test.failed
<0 rows> (or 0-length row.names)



-> Flagged SILICATE, event 83, station 71:

 sample_key  depth   value      method qc
              4.90 2.77667 SiO4_Tech_F  1
             24.90 2.92333 SiO4_Tech_F  1
             50.32 1.75333 SiO4_Tech_F  2
            109.44 5.19000 SiO4_Tech_F  2


-> QC repot:
[1] Filename    Pressure    Uniqueno    Variable    Values      Test.failed
<0 rows> (or 0-length row.names)




> sink()

> # plot flagged profiles using BC flagged file
> #original file from Gordana Lazin
> #updated by E Chisholm, March 2019
> 
> 
> source("flagcol2.r")

> require(lubridate)

> source("plot_profiles.r")

> wd="C:/Users/ChisholmE/Documents/BIOCHEM/IML QC"

> # load flagged BCD file
> mission="18TL16037"

> fn=file.path(paste0(wd,'/BCD/',mission, '/',mission,"_BCD_flagged.csv"))

> df0=data.frame(read.csv(fn,  header = F, quote = '', fill = T, stringsAsFactors = F))

> names(df0) <- df0[1,]

> df0 <- df0[-1,1:25]

> df0$DIS_HEADER_START_DEPTH <- as.numeric(df0$DIS_HEADER_START_DEPTH)

> df0$DIS_DETAIL_DATA_VAL <- as.numeric(df0$DIS_DETAIL_DATA_VAL)

> # load QC report files 
> qc_folder="C:/Users/ChisholmE/Documents/BIOCHEM/IML QC/QC_V6"

> qcf=paste0("QC_data_",substr(mission,nchar(mission)-4,nchar(mission)),"_IML_format.txt")

> qcf_ctd=paste0("QC_data_",substr(mission,nchar(mission)-4,nchar(mission)),"_IML_format_ctd.txt")

> qcrep=read.table(file.path(qc_folder,qcf), stringsAsFactors=F, sep=";", header=T)

> #no ctd data
> #qcrep_ctd=read.table(file.path(qc_folder,qcf_ctd), stringsAsFactors=F, sep=";", header=T)
> 
> # if (mission %in% c("HUD99054","HUD9 ..." ... [TRUNCATED] 

> qcpar <-  vars$BCD_FIELDS[vars$qc == 'qc']

> #qcpar=c("Temp_CTD_1968","Salinity_CTD","O2_CTD_mLL","Salinity_Sal_PSS","Chl_a_Holm-Hansen_F","pH_CTD",
>         #"Chl_Fluor_Voltage", "O2_Electrod ..." ... [TRUNCATED] 

> # find events for which the dat was flagged
> 
> # 1. find indices of flagged data, fi
> fi=which(df$DIS_DETAIL_DATA_QC_CODE>1)

> # 2. Find flagged events, fe
> fe=unique(df$EVENT_COLLECTOR_EVENT_ID[fi])

> # order flagged events by event number
> fe=fe[order(fe)]

> # =================== #
> # DEFINE REPORT FILE
> # =================== #
> outpath=file.path(paste0(wd,'/BCD/',mission))

> n=now() # make time stamp to mark the start of processing

> timestamp=paste0(year(n), sprintf("%02d",month(n)),sprintf("%02d",day(n)),
+                  sprintf("%02d",hour(n)),sprintf("%02d",minute(n)),spri .... [TRUNCATED] 

> # name of the report file                 
> report_file=paste0("FLAG_report_",mission,"_",timestamp, ".txt")

> report_file=file.path(outpath,report_file)

> # write input files into report
> sink(file=report_file,append=TRUE, split=TRUE)

> cat("\n")


> cat(paste(mission,"FLAG Report:, ", n))
18TL16037 FLAG Report:,  2019-03-15 13:16:33
> cat("\n")


> cat(c("-----------------------","\n","\n"))
----------------------- 
 

> # ========================= #
> # PLOT DATA FOR EACH EVENT
> # ========================= #
> 
> 
> for (i in 1:length(fe)) {
+   
+   event=sprintf( .... [TRUNCATED] 
-> Flagged SILICATE, event IML20160370701, station 701:

 sample_key  depth    value       method qc
              4.26  0.66667 SiO4_Tech_SF  1
             12.20  0.80667 SiO4_Tech_SF  1
             16.36  1.17500 SiO4_Tech_SF  1
             50.96  2.37000 SiO4_Tech_SF  1
            510.46 37.14000 SiO4_Tech_SF  2


-> QC repot:
[1] Filename    Pressure    Uniqueno    Variable    Values      Test.failed
<0 rows> (or 0-length row.names)




> sink()

> # plot flagged profiles using BC flagged file
> #original file from Gordana Lazin
> #updated by E Chisholm, March 2019
> 
> 
> source("flagcol2.r")

> require(lubridate)

> source("plot_profiles.r")

> wd="C:/Users/ChisholmE/Documents/BIOCHEM/IML QC"

> # load flagged BCD file
> mission="18TL16161"

> fn=file.path(paste0(wd,'/BCD/',mission, '/',mission,"_BCD_flagged.csv"))

> df0=data.frame(read.csv(fn,  header = F, quote = '', fill = T, stringsAsFactors = F))

> names(df0) <- df0[1,]

> df0 <- df0[-1,1:25]

> df0$DIS_HEADER_START_DEPTH <- as.numeric(df0$DIS_HEADER_START_DEPTH)

> df0$DIS_DETAIL_DATA_VAL <- as.numeric(df0$DIS_DETAIL_DATA_VAL)

> # load QC report files 
> qc_folder="C:/Users/ChisholmE/Documents/BIOCHEM/IML QC/QC_V6"

> qcf=paste0("QC_data_",substr(mission,nchar(mission)-4,nchar(mission)),"_IML_format.txt")

> qcf_ctd=paste0("QC_data_",substr(mission,nchar(mission)-4,nchar(mission)),"_IML_format_ctd.txt")

> qcrep=read.table(file.path(qc_folder,qcf), stringsAsFactors=F, sep=";", header=T)

> #no ctd data
> #qcrep_ctd=read.table(file.path(qc_folder,qcf_ctd), stringsAsFactors=F, sep=";", header=T)
> 
> # if (mission %in% c("HUD99054","HUD9 ..." ... [TRUNCATED] 

> qcpar <-  vars$BCD_FIELDS[vars$qc == 'qc']

> #qcpar=c("Temp_CTD_1968","Salinity_CTD","O2_CTD_mLL","Salinity_Sal_PSS","Chl_a_Holm-Hansen_F","pH_CTD",
>         #"Chl_Fluor_Voltage", "O2_Electrod ..." ... [TRUNCATED] 

> # find events for which the dat was flagged
> 
> # 1. find indices of flagged data, fi
> fi=which(df$DIS_DETAIL_DATA_QC_CODE>1)

> # 2. Find flagged events, fe
> fe=unique(df$EVENT_COLLECTOR_EVENT_ID[fi])

> # order flagged events by event number
> fe=fe[order(fe)]

> # =================== #
> # DEFINE REPORT FILE
> # =================== #
> outpath=file.path(paste0(wd,'/BCD/',mission))

> n=now() # make time stamp to mark the start of processing

> timestamp=paste0(year(n), sprintf("%02d",month(n)),sprintf("%02d",day(n)),
+                  sprintf("%02d",hour(n)),sprintf("%02d",minute(n)),spri .... [TRUNCATED] 

> # name of the report file                 
> report_file=paste0("FLAG_report_",mission,"_",timestamp, ".txt")

> report_file=file.path(outpath,report_file)

> # write input files into report
> sink(file=report_file,append=TRUE, split=TRUE)

> cat("\n")


> cat(paste(mission,"FLAG Report:, ", n))
18TL16161 FLAG Report:,  2019-03-15 13:16:46
> cat("\n")


> cat(c("-----------------------","\n","\n"))
----------------------- 
 

> # ========================= #
> # PLOT DATA FOR EACH EVENT
> # ========================= #
> 
> 
> for (i in 1:length(fe)) {
+   
+   event=sprintf( .... [TRUNCATED] 
-> Flagged OXYGEN, event IMLTEL20161611011, station 1011:

 sample_key depth O2_CTD_mLL qc
             5.06   263.3154  0
            25.68   307.7521  0
            58.99   286.2259  0


-> QC repot:
[1] Filename    Pressure    Uniqueno    Variable    Values      Test.failed
<0 rows> (or 0-length row.names)




> sink()

> # plot flagged profiles using BC flagged file
> #original file from Gordana Lazin
> #updated by E Chisholm, March 2019
> 
> 
> source("flagcol2.r")

> require(lubridate)

> source("plot_profiles.r")

> wd="C:/Users/ChisholmE/Documents/BIOCHEM/IML QC"

> # load flagged BCD file
> mission="18TL17002"

> fn=file.path(paste0(wd,'/BCD/',mission, '/',mission,"_BCD_flagged.csv"))

> df0=data.frame(read.csv(fn,  header = F, quote = '', fill = T, stringsAsFactors = F))

> names(df0) <- df0[1,]

> df0 <- df0[-1,1:25]

> df0$DIS_HEADER_START_DEPTH <- as.numeric(df0$DIS_HEADER_START_DEPTH)

> df0$DIS_DETAIL_DATA_VAL <- as.numeric(df0$DIS_DETAIL_DATA_VAL)

> # load QC report files 
> qc_folder="C:/Users/ChisholmE/Documents/BIOCHEM/IML QC/QC_V6"

> qcf=paste0("QC_data_",substr(mission,nchar(mission)-4,nchar(mission)),"_IML_format.txt")

> qcf_ctd=paste0("QC_data_",substr(mission,nchar(mission)-4,nchar(mission)),"_IML_format_ctd.txt")

> qcrep=read.table(file.path(qc_folder,qcf), stringsAsFactors=F, sep=";", header=T)

> #no ctd data
> #qcrep_ctd=read.table(file.path(qc_folder,qcf_ctd), stringsAsFactors=F, sep=";", header=T)
> 
> # if (mission %in% c("HUD99054","HUD9 ..." ... [TRUNCATED] 

> qcpar <-  vars$BCD_FIELDS[vars$qc == 'qc']

> #qcpar=c("Temp_CTD_1968","Salinity_CTD","O2_CTD_mLL","Salinity_Sal_PSS","Chl_a_Holm-Hansen_F","pH_CTD",
>         #"Chl_Fluor_Voltage", "O2_Electrod ..." ... [TRUNCATED] 

> # find events for which the dat was flagged
> 
> # 1. find indices of flagged data, fi
> fi=which(df$DIS_DETAIL_DATA_QC_CODE>1)

> # 2. Find flagged events, fe
> fe=unique(df$EVENT_COLLECTOR_EVENT_ID[fi])

> # order flagged events by event number
> fe=fe[order(fe)]

> # =================== #
> # DEFINE REPORT FILE
> # =================== #
> outpath=file.path(paste0(wd,'/BCD/',mission))

> n=now() # make time stamp to mark the start of processing

> timestamp=paste0(year(n), sprintf("%02d",month(n)),sprintf("%02d",day(n)),
+                  sprintf("%02d",hour(n)),sprintf("%02d",minute(n)),spri .... [TRUNCATED] 

> # name of the report file                 
> report_file=paste0("FLAG_report_",mission,"_",timestamp, ".txt")

> report_file=file.path(outpath,report_file)

> # write input files into report
> sink(file=report_file,append=TRUE, split=TRUE)

> cat("\n")


> cat(paste(mission,"FLAG Report:, ", n))
18TL17002 FLAG Report:,  2019-03-15 13:17:00
> cat("\n")


> cat(c("-----------------------","\n","\n"))
----------------------- 
 

> # ========================= #
> # PLOT DATA FOR EACH EVENT
> # ========================= #
> 
> 
> for (i in 1:length(fe)) {
+   
+   event=sprintf( .... [TRUNCATED] 
-> Flagged SILICATE, event 15, station 20:

 sample_key depth value      method qc
             5.79     0 SiO4_Tech_F  7
            26.14     0 SiO4_Tech_F  2
            49.74     0 SiO4_Tech_F  7


-> QC repot:
[1] Filename    Pressure    Uniqueno    Variable    Values      Test.failed
<0 rows> (or 0-length row.names)



-> Flagged SILICATE, event 26, station 36:

 sample_key depth value      method qc
             4.95 5.805 SiO4_Tech_F  7
            24.67 5.805 SiO4_Tech_F  7
            60.46 5.805 SiO4_Tech_F  7


-> QC repot:
[1] Filename    Pressure    Uniqueno    Variable    Values      Test.failed
<0 rows> (or 0-length row.names)




> sink()

> # plot flagged profiles using BC flagged file
> #original file from Gordana Lazin
> #updated by E Chisholm, March 2019
> 
> 
> source("flagcol2.r")

> require(lubridate)

> source("plot_profiles.r")

> wd="C:/Users/ChisholmE/Documents/BIOCHEM/IML QC"

> # load flagged BCD file
> mission="18TL17008"

> fn=file.path(paste0(wd,'/BCD/',mission, '/',mission,"_BCD_flagged.csv"))

> df0=data.frame(read.csv(fn,  header = F, quote = '', fill = T, stringsAsFactors = F))

> names(df0) <- df0[1,]

> df0 <- df0[-1,1:25]

> df0$DIS_HEADER_START_DEPTH <- as.numeric(df0$DIS_HEADER_START_DEPTH)

> df0$DIS_DETAIL_DATA_VAL <- as.numeric(df0$DIS_DETAIL_DATA_VAL)

> # load QC report files 
> qc_folder="C:/Users/ChisholmE/Documents/BIOCHEM/IML QC/QC_V6"

> qcf=paste0("QC_data_",substr(mission,nchar(mission)-4,nchar(mission)),"_IML_format.txt")

> qcf_ctd=paste0("QC_data_",substr(mission,nchar(mission)-4,nchar(mission)),"_IML_format_ctd.txt")

> qcrep=read.table(file.path(qc_folder,qcf), stringsAsFactors=F, sep=";", header=T)

> #no ctd data
> #qcrep_ctd=read.table(file.path(qc_folder,qcf_ctd), stringsAsFactors=F, sep=";", header=T)
> 
> # if (mission %in% c("HUD99054","HUD9 ..." ... [TRUNCATED] 

> qcpar <-  vars$BCD_FIELDS[vars$qc == 'qc']

> #qcpar=c("Temp_CTD_1968","Salinity_CTD","O2_CTD_mLL","Salinity_Sal_PSS","Chl_a_Holm-Hansen_F","pH_CTD",
>         #"Chl_Fluor_Voltage", "O2_Electrod ..." ... [TRUNCATED] 

> # find events for which the dat was flagged
> 
> # 1. find indices of flagged data, fi
> fi=which(df$DIS_DETAIL_DATA_QC_CODE>1)

> # 2. Find flagged events, fe
> fe=unique(df$EVENT_COLLECTOR_EVENT_ID[fi])

> # order flagged events by event number
> fe=fe[order(fe)]

> # =================== #
> # DEFINE REPORT FILE
> # =================== #
> outpath=file.path(paste0(wd,'/BCD/',mission))

> n=now() # make time stamp to mark the start of processing

> timestamp=paste0(year(n), sprintf("%02d",month(n)),sprintf("%02d",day(n)),
+                  sprintf("%02d",hour(n)),sprintf("%02d",minute(n)),spri .... [TRUNCATED] 

> # name of the report file                 
> report_file=paste0("FLAG_report_",mission,"_",timestamp, ".txt")

> report_file=file.path(outpath,report_file)

> # write input files into report
> sink(file=report_file,append=TRUE, split=TRUE)

> cat("\n")


> cat(paste(mission,"FLAG Report:, ", n))
18TL17008 FLAG Report:,  2019-03-15 13:17:19
> cat("\n")


> cat(c("-----------------------","\n","\n"))
----------------------- 
 

> # ========================= #
> # PLOT DATA FOR EACH EVENT
> # ========================= #
> 
> 
> for (i in 1:length(fe)) {
+   
+   event=sprintf( .... [TRUNCATED] 
-> Flagged OXYGEN, event IML2017008331, station 331:

 sample_key depth O2_CTD_mLL qc
             2.08   334.0568  0
             5.16   336.5131  0
            15.47   337.6743  0
            25.19   339.2820  0
            50.17   303.8220  0
            76.84   282.6978  0


-> QC repot:
[1] Filename    Pressure    Uniqueno    Variable    Values      Test.failed
<0 rows> (or 0-length row.names)



-> Flagged NITRATE, event IML2017008481, station 481:

 sample_key  depth  value         method qc
              4.76  0.125 NO2NO3_Tech_SF  1
             15.57  0.215 NO2NO3_Tech_SF  1
             25.19  0.145 NO2NO3_Tech_SF  1
             50.57  0.490 NO2NO3_Tech_SF  1
            100.14  4.165 NO2NO3_Tech_SF  1
            200.03 21.100 NO2NO3_Tech_SF  1
            300.16 23.360 NO2NO3_Tech_SF  2
            312.84 23.360 NO2NO3_Tech_SF  2


-> QC repot:
[1] Filename    Pressure    Uniqueno    Variable    Values      Test.failed
<0 rows> (or 0-length row.names)



-> Flagged OXYGEN, event IML2017008981, station 981:

 sample_key depth O2_CTD_mLL qc
             2.38   329.5461  0
            21.12   301.9909  0


-> QC repot:
[1] Filename    Pressure    Uniqueno    Variable    Values      Test.failed
<0 rows> (or 0-length row.names)




> sink()

> # plot flagged profiles using BC flagged file
> #original file from Gordana Lazin
> #updated by E Chisholm, March 2019
> 
> 
> source("flagcol2.r")

> require(lubridate)

> source("plot_profiles.r")

> wd="C:/Users/ChisholmE/Documents/BIOCHEM/IML QC"

> # load flagged BCD file
> mission="18TL17027"

> fn=file.path(paste0(wd,'/BCD/',mission, '/',mission,"_BCD_flagged.csv"))

> df0=data.frame(read.csv(fn,  header = F, quote = '', fill = T, stringsAsFactors = F))

> names(df0) <- df0[1,]

> df0 <- df0[-1,1:25]

> df0$DIS_HEADER_START_DEPTH <- as.numeric(df0$DIS_HEADER_START_DEPTH)

> df0$DIS_DETAIL_DATA_VAL <- as.numeric(df0$DIS_DETAIL_DATA_VAL)

> # load QC report files 
> qc_folder="C:/Users/ChisholmE/Documents/BIOCHEM/IML QC/QC_V6"

> qcf=paste0("QC_data_",substr(mission,nchar(mission)-4,nchar(mission)),"_IML_format.txt")

> qcf_ctd=paste0("QC_data_",substr(mission,nchar(mission)-4,nchar(mission)),"_IML_format_ctd.txt")

> qcrep=read.table(file.path(qc_folder,qcf), stringsAsFactors=F, sep=";", header=T)

> #no ctd data
> #qcrep_ctd=read.table(file.path(qc_folder,qcf_ctd), stringsAsFactors=F, sep=";", header=T)
> 
> # if (mission %in% c("HUD99054","HUD9 ..." ... [TRUNCATED] 

> qcpar <-  vars$BCD_FIELDS[vars$qc == 'qc']

> #qcpar=c("Temp_CTD_1968","Salinity_CTD","O2_CTD_mLL","Salinity_Sal_PSS","Chl_a_Holm-Hansen_F","pH_CTD",
>         #"Chl_Fluor_Voltage", "O2_Electrod ..." ... [TRUNCATED] 

> # find events for which the dat was flagged
> 
> # 1. find indices of flagged data, fi
> fi=which(df$DIS_DETAIL_DATA_QC_CODE>1)

> # 2. Find flagged events, fe
> fe=unique(df$EVENT_COLLECTOR_EVENT_ID[fi])

> # order flagged events by event number
> fe=fe[order(fe)]

> # =================== #
> # DEFINE REPORT FILE
> # =================== #
> outpath=file.path(paste0(wd,'/BCD/',mission))

> n=now() # make time stamp to mark the start of processing

> timestamp=paste0(year(n), sprintf("%02d",month(n)),sprintf("%02d",day(n)),
+                  sprintf("%02d",hour(n)),sprintf("%02d",minute(n)),spri .... [TRUNCATED] 

> # name of the report file                 
> report_file=paste0("FLAG_report_",mission,"_",timestamp, ".txt")

> report_file=file.path(outpath,report_file)

> # write input files into report
> sink(file=report_file,append=TRUE, split=TRUE)

> cat("\n")


> cat(paste(mission,"FLAG Report:, ", n))
18TL17027 FLAG Report:,  2019-03-15 13:17:44
> cat("\n")


> cat(c("-----------------------","\n","\n"))
----------------------- 
 

> # ========================= #
> # PLOT DATA FOR EACH EVENT
> # ========================= #
> 
> 
> for (i in 1:length(fe)) {
+   
+   event=sprintf( .... [TRUNCATED] 
-> Flagged NITRATE, event IML20170270621, station 621:

 sample_key  depth  value         method qc
              2.58  0.120 NO2NO3_Tech_SF  1
             15.27  0.130 NO2NO3_Tech_SF  1
             25.09  1.065 NO2NO3_Tech_SF  1
             50.96  3.330 NO2NO3_Tech_SF  1
            100.43  8.805 NO2NO3_Tech_SF  2
            250.33 22.635 NO2NO3_Tech_SF  1
            518.57 22.430 NO2NO3_Tech_SF  1


-> QC repot:
[1] Filename    Pressure    Uniqueno    Variable    Values      Test.failed
<0 rows> (or 0-length row.names)



-> Flagged PHOSPHATE, event IML20170270621, station 621:

 sample_key  depth value      method qc
              2.58 0.075 PO4_Tech_SF  2
             15.27 0.345 PO4_Tech_SF  1
             25.09 0.470 PO4_Tech_SF  1
             50.96 0.680 PO4_Tech_SF  1
            100.43 0.950 PO4_Tech_SF  1
            250.33 1.650 PO4_Tech_SF  1
            518.57 1.760 PO4_Tech_SF  1


-> QC repot:
[1] Filename    Pressure    Uniqueno    Variable    Values      Test.failed
<0 rows> (or 0-length row.names)




> sink()

> # plot flagged profiles using BC flagged file
> #original file from Gordana Lazin
> #updated by E Chisholm, March 2019
> 
> 
> source("flagcol2.r")

> require(lubridate)

> source("plot_profiles.r")

> wd="C:/Users/ChisholmE/Documents/BIOCHEM/IML QC"

> # load flagged BCD file
> mission="18TL17177"

> fn=file.path(paste0(wd,'/BCD/',mission, '/',mission,"_BCD_flagged.csv"))

> df0=data.frame(read.csv(fn,  header = F, quote = '', fill = T, stringsAsFactors = F))

> names(df0) <- df0[1,]

> df0 <- df0[-1,1:25]

> df0$DIS_HEADER_START_DEPTH <- as.numeric(df0$DIS_HEADER_START_DEPTH)

> df0$DIS_DETAIL_DATA_VAL <- as.numeric(df0$DIS_DETAIL_DATA_VAL)

> # load QC report files 
> qc_folder="C:/Users/ChisholmE/Documents/BIOCHEM/IML QC/QC_V6"

> qcf=paste0("QC_data_",substr(mission,nchar(mission)-4,nchar(mission)),"_IML_format.txt")

> qcf_ctd=paste0("QC_data_",substr(mission,nchar(mission)-4,nchar(mission)),"_IML_format_ctd.txt")

> qcrep=read.table(file.path(qc_folder,qcf), stringsAsFactors=F, sep=";", header=T)

> #no ctd data
> #qcrep_ctd=read.table(file.path(qc_folder,qcf_ctd), stringsAsFactors=F, sep=";", header=T)
> 
> # if (mission %in% c("HUD99054","HUD9 ..." ... [TRUNCATED] 

> qcpar <-  vars$BCD_FIELDS[vars$qc == 'qc']

> #qcpar=c("Temp_CTD_1968","Salinity_CTD","O2_CTD_mLL","Salinity_Sal_PSS","Chl_a_Holm-Hansen_F","pH_CTD",
>         #"Chl_Fluor_Voltage", "O2_Electrod ..." ... [TRUNCATED] 

> # find events for which the dat was flagged
> 
> # 1. find indices of flagged data, fi
> fi=which(df$DIS_DETAIL_DATA_QC_CODE>1)

> # 2. Find flagged events, fe
> fe=unique(df$EVENT_COLLECTOR_EVENT_ID[fi])

> # order flagged events by event number
> fe=fe[order(fe)]

> # =================== #
> # DEFINE REPORT FILE
> # =================== #
> outpath=file.path(paste0(wd,'/BCD/',mission))

> n=now() # make time stamp to mark the start of processing

> timestamp=paste0(year(n), sprintf("%02d",month(n)),sprintf("%02d",day(n)),
+                  sprintf("%02d",hour(n)),sprintf("%02d",minute(n)),spri .... [TRUNCATED] 

> # name of the report file                 
> report_file=paste0("FLAG_report_",mission,"_",timestamp, ".txt")

> report_file=file.path(outpath,report_file)

> # write input files into report
> sink(file=report_file,append=TRUE, split=TRUE)

> cat("\n")


> cat(paste(mission,"FLAG Report:, ", n))
18TL17177 FLAG Report:,  2019-03-15 13:18:04
> cat("\n")


> cat(c("-----------------------","\n","\n"))
----------------------- 
 

> # ========================= #
> # PLOT DATA FOR EACH EVENT
> # ========================= #
> 
> 
> for (i in 1:length(fe)) {
+   
+   event=sprintf( .... [TRUNCATED] 
-> Flagged OXYGEN, event IMLTEL2017177241, station 241:

 sample_key depth O2_CTD_mLL qc
             4.86   254.2494  0
            24.79   231.2941  0
            65.44   281.4473  0


-> QC repot:
[1] Filename    Pressure    Uniqueno    Variable    Values      Test.failed
<0 rows> (or 0-length row.names)



-> Flagged NITRATE, event IMLTEL2017177361, station 361:

 sample_key  depth  value        method qc
              4.17  0.780 NO2NO3_Tech_F  1
             24.29  0.780 NO2NO3_Tech_F  1
             49.38  7.165 NO2NO3_Tech_F  1
            157.32 27.905 NO2NO3_Tech_F  2


-> QC repot:
[1] Filename    Pressure    Uniqueno    Variable    Values      Test.failed
<0 rows> (or 0-length row.names)



-> Flagged OXYGEN, event IMLTEL201717751, station 51:

 sample_key depth O2_CTD_mLL qc
             5.26   259.7426  0
            33.82   244.8261  0


-> QC repot:
[1] Filename    Pressure    Uniqueno    Variable    Values      Test.failed
<0 rows> (or 0-length row.names)



-> Flagged OXYGEN, event IMLTEL2017177741, station 741:

 sample_key depth O2_CTD_mLL qc
             4.76   277.8745  0
            24.79   243.8883  0
            49.67   242.5931  0


-> QC repot:
[1] Filename    Pressure    Uniqueno    Variable    Values      Test.failed
<0 rows> (or 0-length row.names)




> sink()

> # plot flagged profiles using BC flagged file
> #original file from Gordana Lazin
> #updated by E Chisholm, March 2019
> 
> 
> source("flagcol2.r")

> require(lubridate)

> source("plot_profiles.r")

> wd="C:/Users/ChisholmE/Documents/BIOCHEM/IML QC"

> # load flagged BCD file
> mission="18TL18023"

> fn=file.path(paste0(wd,'/BCD/',mission, '/',mission,"_BCD_flagged.csv"))

> df0=data.frame(read.csv(fn,  header = F, quote = '', fill = T, stringsAsFactors = F))

> names(df0) <- df0[1,]

> df0 <- df0[-1,1:25]

> df0$DIS_HEADER_START_DEPTH <- as.numeric(df0$DIS_HEADER_START_DEPTH)

> df0$DIS_DETAIL_DATA_VAL <- as.numeric(df0$DIS_DETAIL_DATA_VAL)

> # load QC report files 
> qc_folder="C:/Users/ChisholmE/Documents/BIOCHEM/IML QC/QC_V6"

> qcf=paste0("QC_data_",substr(mission,nchar(mission)-4,nchar(mission)),"_IML_format.txt")

> qcf_ctd=paste0("QC_data_",substr(mission,nchar(mission)-4,nchar(mission)),"_IML_format_ctd.txt")

> qcrep=read.table(file.path(qc_folder,qcf), stringsAsFactors=F, sep=";", header=T)

> #no ctd data
> #qcrep_ctd=read.table(file.path(qc_folder,qcf_ctd), stringsAsFactors=F, sep=";", header=T)
> 
> # if (mission %in% c("HUD99054","HUD9 ..." ... [TRUNCATED] 

> qcpar <-  vars$BCD_FIELDS[vars$qc == 'qc']

> #qcpar=c("Temp_CTD_1968","Salinity_CTD","O2_CTD_mLL","Salinity_Sal_PSS","Chl_a_Holm-Hansen_F","pH_CTD",
>         #"Chl_Fluor_Voltage", "O2_Electrod ..." ... [TRUNCATED] 

> # find events for which the dat was flagged
> 
> # 1. find indices of flagged data, fi
> fi=which(df$DIS_DETAIL_DATA_QC_CODE>1)

> # 2. Find flagged events, fe
> fe=unique(df$EVENT_COLLECTOR_EVENT_ID[fi])

> # order flagged events by event number
> fe=fe[order(fe)]

> # =================== #
> # DEFINE REPORT FILE
> # =================== #
> outpath=file.path(paste0(wd,'/BCD/',mission))

> n=now() # make time stamp to mark the start of processing

> timestamp=paste0(year(n), sprintf("%02d",month(n)),sprintf("%02d",day(n)),
+                  sprintf("%02d",hour(n)),sprintf("%02d",minute(n)),spri .... [TRUNCATED] 

> # name of the report file                 
> report_file=paste0("FLAG_report_",mission,"_",timestamp, ".txt")

> report_file=file.path(outpath,report_file)

> # write input files into report
> sink(file=report_file,append=TRUE, split=TRUE)

> cat("\n")


> cat(paste(mission,"FLAG Report:, ", n))
18TL18023 FLAG Report:,  2019-03-15 13:18:36
> cat("\n")


> cat(c("-----------------------","\n","\n"))
----------------------- 
 

> # ========================= #
> # PLOT DATA FOR EACH EVENT
> # ========================= #
> 
> 
> for (i in 1:length(fe)) {
+   
+   event=sprintf( .... [TRUNCATED] 
-> Flagged SALINITY, event 1, station HL_02:

 sample_key depth.x Salinity_CTD qc.x depth.y Salinity_Sal_PSS qc.y
               1.76      30.9855    0    1.76           30.627    7
               1.76      30.9855    0   40.78           31.957    1
               1.76      30.9855    0  204.66           34.648    1
               5.53      30.6415    0    1.76           30.627    7
               5.53      30.6415    0   40.78           31.957    1
               5.53      30.6415    0  204.66           34.648    1
              10.09      30.6498    0    1.76           30.627    7
              10.09      30.6498    0   40.78           31.957    1
              10.09      30.6498    0  204.66           34.648    1
              20.58      31.0318    0    1.76           30.627    7
              20.58      31.0318    0   40.78           31.957    1
              20.58      31.0318    0  204.66           34.648    1
              30.55      31.6422    0    1.76           30.627    7
              30.55      31.6422    0   40.78           31.957    1
              30.55      31.6422    0  204.66           34.648    1
              40.78      32.0135    0    1.76           30.627    7
              40.78      32.0135    0   40.78           31.957    1
              40.78      32.0135    0  204.66           34.648    1
              50.84      32.2676    0    1.76           30.627    7
              50.84      32.2676    0   40.78           31.957    1
              50.84      32.2676    0  204.66           34.648    1
              75.95      32.4846    0    1.76           30.627    7
              75.95      32.4846    0   40.78           31.957    1
              75.95      32.4846    0  204.66           34.648    1
             101.52      33.1954    0    1.76           30.627    7
             101.52      33.1954    0   40.78           31.957    1
             101.52      33.1954    0  204.66           34.648    1
             204.66      34.6457    0    1.76           30.627    7
             204.66      34.6457    0   40.78           31.957    1
             204.66      34.6457    0  204.66           34.648    1


-> QC repot:
[1] Filename    Pressure    Uniqueno    Variable    Values      Test.failed
<0 rows> (or 0-length row.names)



-> Flagged OXYGEN, event 1, station HL_02:

 sample_key  depth O2_CTD_mLL qc
              1.76     5.1206  0
              5.53     6.2859  0
             10.09     6.2887  0
             20.58     7.0398  0
             30.55     6.9338  0
             40.78     7.0864  0
             50.84     6.9780  0
             75.95     6.0296  0
            101.52     5.8239  0
            204.66     3.6096  0


-> QC repot:
[1] Filename    Pressure    Uniqueno    Variable    Values      Test.failed
<0 rows> (or 0-length row.names)



-> Flagged OXYGEN, event 28, station 26:

 sample_key  depth O2_CTD_mLL qc
              4.88     5.9099  0
             24.45     6.9832  0
             48.70     7.0514  0
            137.73     4.6004  0


-> QC repot:
[1] Filename    Pressure    Uniqueno    Variable    Values      Test.failed
<0 rows> (or 0-length row.names)



-> Flagged PHOSPHATE, event 97, station 90:

 sample_key  depth  value     method qc
              5.37 0.2170 PO4_Tech_F  1
             24.05 0.0875 PO4_Tech_F  2
             49.61 0.4355 PO4_Tech_F  1
            200.68 1.3195 PO4_Tech_F  1


-> QC repot:
[1] Filename    Pressure    Uniqueno    Variable    Values      Test.failed
<0 rows> (or 0-length row.names)




> sink()

> # plot flagged profiles using BC flagged file
> #original file from Gordana Lazin
> #updated by E Chisholm, March 2019
> 
> 
> source("flagcol2.r")

> require(lubridate)

> source("plot_profiles.r")

> wd="C:/Users/ChisholmE/Documents/BIOCHEM/IML QC"

> # load flagged BCD file
> mission="18TL18196"

> fn=file.path(paste0(wd,'/BCD/',mission, '/',mission,"_BCD_flagged.csv"))

> df0=data.frame(read.csv(fn,  header = F, quote = '', fill = T, stringsAsFactors = F))

> names(df0) <- df0[1,]

> df0 <- df0[-1,1:25]

> df0$DIS_HEADER_START_DEPTH <- as.numeric(df0$DIS_HEADER_START_DEPTH)

> df0$DIS_DETAIL_DATA_VAL <- as.numeric(df0$DIS_DETAIL_DATA_VAL)

> # load QC report files 
> qc_folder="C:/Users/ChisholmE/Documents/BIOCHEM/IML QC/QC_V6"

> qcf=paste0("QC_data_",substr(mission,nchar(mission)-4,nchar(mission)),"_IML_format.txt")

> qcf_ctd=paste0("QC_data_",substr(mission,nchar(mission)-4,nchar(mission)),"_IML_format_ctd.txt")

> qcrep=read.table(file.path(qc_folder,qcf), stringsAsFactors=F, sep=";", header=T)

> #no ctd data
> #qcrep_ctd=read.table(file.path(qc_folder,qcf_ctd), stringsAsFactors=F, sep=";", header=T)
> 
> # if (mission %in% c("HUD99054","HUD9 ..." ... [TRUNCATED] 

> qcpar <-  vars$BCD_FIELDS[vars$qc == 'qc']

> #qcpar=c("Temp_CTD_1968","Salinity_CTD","O2_CTD_mLL","Salinity_Sal_PSS","Chl_a_Holm-Hansen_F","pH_CTD",
>         #"Chl_Fluor_Voltage", "O2_Electrod ..." ... [TRUNCATED] 

> # find events for which the dat was flagged
> 
> # 1. find indices of flagged data, fi
> fi=which(df$DIS_DETAIL_DATA_QC_CODE>1)

> # 2. Find flagged events, fe
> fe=unique(df$EVENT_COLLECTOR_EVENT_ID[fi])

> # order flagged events by event number
> fe=fe[order(fe)]

> # =================== #
> # DEFINE REPORT FILE
> # =================== #
> outpath=file.path(paste0(wd,'/BCD/',mission))

> n=now() # make time stamp to mark the start of processing

> timestamp=paste0(year(n), sprintf("%02d",month(n)),sprintf("%02d",day(n)),
+                  sprintf("%02d",hour(n)),sprintf("%02d",minute(n)),spri .... [TRUNCATED] 

> # name of the report file                 
> report_file=paste0("FLAG_report_",mission,"_",timestamp, ".txt")

> report_file=file.path(outpath,report_file)

> # write input files into report
> sink(file=report_file,append=TRUE, split=TRUE)

> cat("\n")


> cat(paste(mission,"FLAG Report:, ", n))
18TL18196 FLAG Report:,  2019-03-15 13:19:00
> cat("\n")


> cat(c("-----------------------","\n","\n"))
----------------------- 
 

> # ========================= #
> # PLOT DATA FOR EACH EVENT
> # ========================= #
> 
> 
> for (i in 1:length(fe)) {
+   
+   event=sprintf( .... [TRUNCATED] 
-> Flagged SILICATE, event IMLTEL20181961031, station 1031:

 sample_key  depth  value      method qc
              5.65  0.490 SiO4_Tech_F  1
             25.09  0.470 SiO4_Tech_F  1
             50.87  2.795 SiO4_Tech_F  1
            100.73  9.175 SiO4_Tech_F  1
            177.34 30.905 SiO4_Tech_F  2


-> QC repot:
[1] Filename    Pressure    Uniqueno    Variable    Values      Test.failed
<0 rows> (or 0-length row.names)



-> Flagged OXYGEN, event IMLTEL2018196471, station 471:

 sample_key depth O2_CTD_mLL qc
             4.96   261.7523  0
            24.79   277.1153  0
            57.61   254.5620  0


-> QC repot:
[1] Filename    Pressure    Uniqueno    Variable    Values      Test.failed
<0 rows> (or 0-length row.names)



-> Flagged OXYGEN, event IMLTEL2018196481, station 481:

 sample_key depth O2_CTD_mLL qc
             4.56   262.3775  0
            24.99   259.5639  0
            38.67   231.1602  0


-> QC repot:
[1] Filename    Pressure    Uniqueno    Variable    Values      Test.failed
<0 rows> (or 0-length row.names)



-> Flagged OXYGEN, event IMLTEL2018196551, station 551:

 sample_key depth O2_CTD_mLL qc
             4.96   257.5542  0
            24.89   275.3289  0
            50.07   285.3774  0
            71.38   264.2532  0


-> QC repot:
[1] Filename    Pressure    Uniqueno    Variable    Values      Test.failed
<0 rows> (or 0-length row.names)



-> Flagged OXYGEN, event IMLTEL2018196601, station 601:

 sample_key depth O2_CTD_mLL qc
             4.66   270.9076  0
            25.09   282.6085  0
            40.66   287.7890  0


-> QC repot:
[1] Filename    Pressure    Uniqueno    Variable    Values      Test.failed
<0 rows> (or 0-length row.names)



-> Flagged OXYGEN, event IMLTEL2018196611, station 611:

 sample_key depth O2_CTD_mLL qc
             4.96   263.6280  0
            25.29   279.2590  0
            31.63   260.7251  0


-> QC repot:
[1] Filename    Pressure    Uniqueno    Variable    Values      Test.failed
<0 rows> (or 0-length row.names)



-> Flagged OXYGEN, event IMLTEL2018196621, station 621:

 sample_key depth O2_CTD_mLL qc
             5.45   269.6571  0
            23.50   240.8067  0


-> QC repot:
[1] Filename    Pressure    Uniqueno    Variable    Values      Test.failed
<0 rows> (or 0-length row.names)



-> Flagged NITRATE, event IMLTEL2018196681, station 681:

 sample_key depth value        method qc
             4.66  0.73 NO2NO3_Tech_F  7
            22.91  0.73 NO2NO3_Tech_F  7


-> QC repot:
[1] Filename    Pressure    Uniqueno    Variable    Values      Test.failed
<0 rows> (or 0-length row.names)



-> Flagged PHOSPHATE, event IMLTEL2018196681, station 681:

 sample_key depth value     method qc
             4.66  0.47 PO4_Tech_F  7
            22.91  0.47 PO4_Tech_F  7


-> QC repot:
[1] Filename    Pressure    Uniqueno    Variable    Values      Test.failed
<0 rows> (or 0-length row.names)



-> Flagged NITRATE, event IMLTEL2018196751, station 751:

 sample_key depth value        method qc
             5.45  0.06 NO2NO3_Tech_F  7
            22.31  0.06 NO2NO3_Tech_F  7


-> QC repot:
[1] Filename    Pressure    Uniqueno    Variable    Values      Test.failed
<0 rows> (or 0-length row.names)




> sink()

> # plot flagged profiles using BC flagged file
> #original file from Gordana Lazin
> #updated by E Chisholm, March 2019
> 
> 
> source("flagcol2.r")

> require(lubridate)

> source("plot_profiles.r")

> wd="C:/Users/ChisholmE/Documents/BIOCHEM/IML QC"

> # load flagged BCD file
> mission="18VA01004"

> fn=file.path(paste0(wd,'/BCD/',mission, '/',mission,"_BCD_flagged.csv"))

> df0=data.frame(read.csv(fn,  header = F, quote = '', fill = T, stringsAsFactors = F))

> names(df0) <- df0[1,]

> df0 <- df0[-1,1:25]

> df0$DIS_HEADER_START_DEPTH <- as.numeric(df0$DIS_HEADER_START_DEPTH)

> df0$DIS_DETAIL_DATA_VAL <- as.numeric(df0$DIS_DETAIL_DATA_VAL)

> # load QC report files 
> qc_folder="C:/Users/ChisholmE/Documents/BIOCHEM/IML QC/QC_V6"

> qcf=paste0("QC_data_",substr(mission,nchar(mission)-4,nchar(mission)),"_IML_format.txt")

> qcf_ctd=paste0("QC_data_",substr(mission,nchar(mission)-4,nchar(mission)),"_IML_format_ctd.txt")

> qcrep=read.table(file.path(qc_folder,qcf), stringsAsFactors=F, sep=";", header=T)

> #no ctd data
> #qcrep_ctd=read.table(file.path(qc_folder,qcf_ctd), stringsAsFactors=F, sep=";", header=T)
> 
> # if (mission %in% c("HUD99054","HUD9 ..." ... [TRUNCATED] 

> qcpar <-  vars$BCD_FIELDS[vars$qc == 'qc']

> #qcpar=c("Temp_CTD_1968","Salinity_CTD","O2_CTD_mLL","Salinity_Sal_PSS","Chl_a_Holm-Hansen_F","pH_CTD",
>         #"Chl_Fluor_Voltage", "O2_Electrod ..." ... [TRUNCATED] 

> # find events for which the dat was flagged
> 
> # 1. find indices of flagged data, fi
> fi=which(df$DIS_DETAIL_DATA_QC_CODE>1)

> # 2. Find flagged events, fe
> fe=unique(df$EVENT_COLLECTOR_EVENT_ID[fi])

> # order flagged events by event number
> fe=fe[order(fe)]

> # =================== #
> # DEFINE REPORT FILE
> # =================== #
> outpath=file.path(paste0(wd,'/BCD/',mission))

> n=now() # make time stamp to mark the start of processing

> timestamp=paste0(year(n), sprintf("%02d",month(n)),sprintf("%02d",day(n)),
+                  sprintf("%02d",hour(n)),sprintf("%02d",minute(n)),spri .... [TRUNCATED] 

> # name of the report file                 
> report_file=paste0("FLAG_report_",mission,"_",timestamp, ".txt")

> report_file=file.path(outpath,report_file)

> # write input files into report
> sink(file=report_file,append=TRUE, split=TRUE)

> cat("\n")


> cat(paste(mission,"FLAG Report:, ", n))
18VA01004 FLAG Report:,  2019-03-15 13:19:45
> cat("\n")


> cat(c("-----------------------","\n","\n"))
----------------------- 
 

> # ========================= #
> # PLOT DATA FOR EACH EVENT
> # ========================= #
> 
> 
> for (i in 1:length(fe)) {
+   
+   event=sprintf( .... [TRUNCATED] 

> sink()

> # plot flagged profiles using BC flagged file
> #original file from Gordana Lazin
> #updated by E Chisholm, March 2019
> 
> 
> source("flagcol2.r")

> require(lubridate)

> source("plot_profiles.r")

> wd="C:/Users/ChisholmE/Documents/BIOCHEM/IML QC"

> # load flagged BCD file
> mission="18VA16668"

> fn=file.path(paste0(wd,'/BCD/',mission, '/',mission,"_BCD_flagged.csv"))

> df0=data.frame(read.csv(fn,  header = F, quote = '', fill = T, stringsAsFactors = F))

> names(df0) <- df0[1,]

> df0 <- df0[-1,1:25]

> df0$DIS_HEADER_START_DEPTH <- as.numeric(df0$DIS_HEADER_START_DEPTH)

> df0$DIS_DETAIL_DATA_VAL <- as.numeric(df0$DIS_DETAIL_DATA_VAL)

> # load QC report files 
> qc_folder="C:/Users/ChisholmE/Documents/BIOCHEM/IML QC/QC_V6"

> qcf=paste0("QC_data_",substr(mission,nchar(mission)-4,nchar(mission)),"_IML_format.txt")

> qcf_ctd=paste0("QC_data_",substr(mission,nchar(mission)-4,nchar(mission)),"_IML_format_ctd.txt")

> qcrep=read.table(file.path(qc_folder,qcf), stringsAsFactors=F, sep=";", header=T)

> #no ctd data
> #qcrep_ctd=read.table(file.path(qc_folder,qcf_ctd), stringsAsFactors=F, sep=";", header=T)
> 
> # if (mission %in% c("HUD99054","HUD9 ..." ... [TRUNCATED] 

> qcpar <-  vars$BCD_FIELDS[vars$qc == 'qc']

> #qcpar=c("Temp_CTD_1968","Salinity_CTD","O2_CTD_mLL","Salinity_Sal_PSS","Chl_a_Holm-Hansen_F","pH_CTD",
>         #"Chl_Fluor_Voltage", "O2_Electrod ..." ... [TRUNCATED] 

> # find events for which the dat was flagged
> 
> # 1. find indices of flagged data, fi
> fi=which(df$DIS_DETAIL_DATA_QC_CODE>1)

> # 2. Find flagged events, fe
> fe=unique(df$EVENT_COLLECTOR_EVENT_ID[fi])

> # order flagged events by event number
> fe=fe[order(fe)]

> # =================== #
> # DEFINE REPORT FILE
> # =================== #
> outpath=file.path(paste0(wd,'/BCD/',mission))

> n=now() # make time stamp to mark the start of processing

> timestamp=paste0(year(n), sprintf("%02d",month(n)),sprintf("%02d",day(n)),
+                  sprintf("%02d",hour(n)),sprintf("%02d",minute(n)),spri .... [TRUNCATED] 

> # name of the report file                 
> report_file=paste0("FLAG_report_",mission,"_",timestamp, ".txt")

> report_file=file.path(outpath,report_file)

> # write input files into report
> sink(file=report_file,append=TRUE, split=TRUE)

> cat("\n")


> cat(paste(mission,"FLAG Report:, ", n))
18VA16668 FLAG Report:,  2019-03-15 13:20:03
> cat("\n")


> cat(c("-----------------------","\n","\n"))
----------------------- 
 

> # ========================= #
> # PLOT DATA FOR EACH EVENT
> # ========================= #
> 
> 
> for (i in 1:length(fe)) {
+   
+   event=sprintf( .... [TRUNCATED] 

> # plot flagged profiles using BC flagged file
> #original file from Gordana Lazin
> #updated by E Chisholm, March 2019
> 
> 
> source("flagcol2.r")

> require(lubridate)

> source("plot_profiles.r")

> wd="C:/Users/ChisholmE/Documents/BIOCHEM/IML QC"

> # load flagged BCD file
> mission="18VA17666"

> fn=file.path(paste0(wd,'/BCD/',mission, '/',mission,"_BCD_flagged.csv"))

> df0=data.frame(read.csv(fn,  header = F, quote = '', fill = T, stringsAsFactors = F))

> names(df0) <- df0[1,]

> df0 <- df0[-1,1:25]

> df0$DIS_HEADER_START_DEPTH <- as.numeric(df0$DIS_HEADER_START_DEPTH)

> df0$DIS_DETAIL_DATA_VAL <- as.numeric(df0$DIS_DETAIL_DATA_VAL)

> # load QC report files 
> qc_folder="C:/Users/ChisholmE/Documents/BIOCHEM/IML QC/QC_V6"

> qcf=paste0("QC_data_",substr(mission,nchar(mission)-4,nchar(mission)),"_IML_format.txt")

> qcf_ctd=paste0("QC_data_",substr(mission,nchar(mission)-4,nchar(mission)),"_IML_format_ctd.txt")

> qcrep=read.table(file.path(qc_folder,qcf), stringsAsFactors=F, sep=";", header=T)

> #no ctd data
> #qcrep_ctd=read.table(file.path(qc_folder,qcf_ctd), stringsAsFactors=F, sep=";", header=T)
> 
> # if (mission %in% c("HUD99054","HUD9 ..." ... [TRUNCATED] 

> qcpar <-  vars$BCD_FIELDS[vars$qc == 'qc']

> #qcpar=c("Temp_CTD_1968","Salinity_CTD","O2_CTD_mLL","Salinity_Sal_PSS","Chl_a_Holm-Hansen_F","pH_CTD",
>         #"Chl_Fluor_Voltage", "O2_Electrod ..." ... [TRUNCATED] 

> # find events for which the dat was flagged
> 
> # 1. find indices of flagged data, fi
> fi=which(df$DIS_DETAIL_DATA_QC_CODE>1)

> # 2. Find flagged events, fe
> fe=unique(df$EVENT_COLLECTOR_EVENT_ID[fi])

> # order flagged events by event number
> fe=fe[order(fe)]

> # =================== #
> # DEFINE REPORT FILE
> # =================== #
> outpath=file.path(paste0(wd,'/BCD/',mission))

> n=now() # make time stamp to mark the start of processing

> timestamp=paste0(year(n), sprintf("%02d",month(n)),sprintf("%02d",day(n)),
+                  sprintf("%02d",hour(n)),sprintf("%02d",minute(n)),spri .... [TRUNCATED] 

> # name of the report file                 
> report_file=paste0("FLAG_report_",mission,"_",timestamp, ".txt")

> report_file=file.path(outpath,report_file)

> # write input files into report
> sink(file=report_file,append=TRUE, split=TRUE)

> cat("\n")


> cat(paste(mission,"FLAG Report:, ", n))
18VA17666 FLAG Report:,  2019-03-15 13:20:33
> cat("\n")


> cat(c("-----------------------","\n","\n"))
----------------------- 
 

> # ========================= #
> # PLOT DATA FOR EACH EVENT
> # ========================= #
> 
> 
> for (i in 1:length(fe)) {
+   
+   event=sprintf( .... [TRUNCATED] 
-> Flagged SALINITY, event 2, station HL_02:

 sample_key depth.x Salinity_CTD qc.x depth.y Salinity_Sal_PSS qc.y
               1.40      31.9734    0    1.40           31.063    7
               1.40      31.9734    0   40.88           31.353    1
               1.40      31.9734    0  141.32           33.940    1
               5.47      31.0491    0    1.40           31.063    7
               5.47      31.0491    0   40.88           31.353    1
               5.47      31.0491    0  141.32           33.940    1
              10.61      31.0524    0    1.40           31.063    7
              10.61      31.0524    0   40.88           31.353    1
              10.61      31.0524    0  141.32           33.940    1
              20.72      31.1534    0    1.40           31.063    7
              20.72      31.1534    0   40.88           31.353    1
              20.72      31.1534    0  141.32           33.940    1
              31.19      31.1728    0    1.40           31.063    7
              31.19      31.1728    0   40.88           31.353    1
              31.19      31.1728    0  141.32           33.940    1
              40.88      31.2164    0    1.40           31.063    7
              40.88      31.2164    0   40.88           31.353    1
              40.88      31.2164    0  141.32           33.940    1
              51.42      31.8811    0    1.40           31.063    7
              51.42      31.8811    0   40.88           31.353    1
              51.42      31.8811    0  141.32           33.940    1
              76.48      32.5166    0    1.40           31.063    7
              76.48      32.5166    0   40.88           31.353    1
              76.48      32.5166    0  141.32           33.940    1
             101.27      32.8853    0    1.40           31.063    7
             101.27      32.8853    0   40.88           31.353    1
             101.27      32.8853    0  141.32           33.940    1
             141.32      33.9399    0    1.40           31.063    7
             141.32      33.9399    0   40.88           31.353    1
             141.32      33.9399    0  141.32           33.940    1


-> QC repot:
[1] Filename    Pressure    Uniqueno    Variable    Values      Test.failed
<0 rows> (or 0-length row.names)



-> Flagged SALINITY, event 3, station HL_02:

 sample_key depth.x Salinity_CTD qc.x depth.y Salinity_Sal_PSS qc.y
               1.53      30.0466    0    1.53           30.809    7
               1.53      30.0466    0   40.52           32.229    1
               1.53      30.0466    0  140.78           34.638    1
               5.57      30.7811    0    1.53           30.809    7
               5.57      30.7811    0   40.52           32.229    1
               5.57      30.7811    0  140.78           34.638    1
              10.53      30.9060    0    1.53           30.809    7
              10.53      30.9060    0   40.52           32.229    1
              10.53      30.9060    0  140.78           34.638    1
              20.69      31.3466    0    1.53           30.809    7
              20.69      31.3466    0   40.52           32.229    1
              20.69      31.3466    0  140.78           34.638    1
              30.94      31.9968    0    1.53           30.809    7
              30.94      31.9968    0   40.52           32.229    1
              30.94      31.9968    0  140.78           34.638    1
              40.52      32.0575    0    1.53           30.809    7
              40.52      32.0575    0   40.52           32.229    1
              40.52      32.0575    0  140.78           34.638    1
              50.88      32.2491    0    1.53           30.809    7
              50.88      32.2491    0   40.52           32.229    1
              50.88      32.2491    0  140.78           34.638    1
              75.65      32.4632    0    1.53           30.809    7
              75.65      32.4632    0   40.52           32.229    1
              75.65      32.4632    0  140.78           34.638    1
             101.30      32.6592    0    1.53           30.809    7
             101.30      32.6592    0   40.52           32.229    1
             101.30      32.6592    0  140.78           34.638    1
             140.78      34.5078    0    1.53           30.809    7
             140.78      34.5078    0   40.52           32.229    1
             140.78      34.5078    0  140.78           34.638    1


-> QC repot:
[1] Filename    Pressure    Uniqueno    Variable    Values      Test.failed
<0 rows> (or 0-length row.names)



-> Flagged OXYGEN, event 4, station HL_02:

 sample_key  depth O2_CTD_mLL qc
              2.41     4.3573  0
              5.50     4.5531  0
             10.66     4.7599  0
             20.33     5.0817  0
             30.80     5.3238  0
             40.66     5.3148  0
             50.62     5.2495  0
             75.93     5.1230  0
            101.03     4.7972  0
            141.39     3.9570  0


-> QC repot:
[1] Filename    Pressure    Uniqueno    Variable    Values      Test.failed
<0 rows> (or 0-length row.names)



-> Flagged SALINITY, event 5, station HL_02:

 sample_key depth.x Salinity_CTD qc.x depth.y Salinity_Sal_PSS qc.y
               1.07      31.1015    0    1.07           31.000    1
               1.07      31.1015    0   40.34           31.403    1
               1.07      31.1015    0  140.97           34.163    7
               5.57      30.8655    0    1.07           31.000    1
               5.57      30.8655    0   40.34           31.403    1
               5.57      30.8655    0  140.97           34.163    7
              10.62      30.8954    0    1.07           31.000    1
              10.62      30.8954    0   40.34           31.403    1
              10.62      30.8954    0  140.97           34.163    7
              20.47      30.9480    0    1.07           31.000    1
              20.47      30.9480    0   40.34           31.403    1
              20.47      30.9480    0  140.97           34.163    7
              31.47      31.0993    0    1.07           31.000    1
              31.47      31.0993    0   40.34           31.403    1
              31.47      31.0993    0  140.97           34.163    7
              40.34      31.2491    0    1.07           31.000    1
              40.34      31.2491    0   40.34           31.403    1
              40.34      31.2491    0  140.97           34.163    7
              50.70      31.4384    0    1.07           31.000    1
              50.70      31.4384    0   40.34           31.403    1
              50.70      31.4384    0  140.97           34.163    7
              75.97      31.7556    0    1.07           31.000    1
              75.97      31.7556    0   40.34           31.403    1
              75.97      31.7556    0  140.97           34.163    7
             100.72      32.1439    0    1.07           31.000    1
             100.72      32.1439    0   40.34           31.403    1
             100.72      32.1439    0  140.97           34.163    7
             140.97      33.8618    0    1.07           31.000    1
             140.97      33.8618    0   40.34           31.403    1
             140.97      33.8618    0  140.97           34.163    7


-> QC repot:
[1] Filename    Pressure    Uniqueno    Variable    Values      Test.failed
<0 rows> (or 0-length row.names)



-> Flagged OXYGEN, event 5, station HL_02:

 sample_key  depth O2_CTD_mLL qc
              1.07     4.7623  0
              5.57     5.9461  0
             10.62     4.6739  0
             20.47     4.4048  0
             31.47     6.4165  0
             40.34     4.5249  0
             50.70     4.5158  0
             75.97     4.5919  0
            100.72     4.4179  0
            140.97     3.2248  0


-> QC repot:
[1] Filename    Pressure    Uniqueno    Variable    Values      Test.failed
<0 rows> (or 0-length row.names)




> sink()

> # plot flagged profiles using BC flagged file
> #original file from Gordana Lazin
> #updated by E Chisholm, March 2019
> 
> 
> source("flagcol2.r")

> require(lubridate)

> source("plot_profiles.r")

> wd="C:/Users/ChisholmE/Documents/BIOCHEM/IML QC"

> # load flagged BCD file
> mission="18VA17667"

> fn=file.path(paste0(wd,'/BCD/',mission, '/',mission,"_BCD_flagged.csv"))

> df0=data.frame(read.csv(fn,  header = F, quote = '', fill = T, stringsAsFactors = F))

> names(df0) <- df0[1,]

> df0 <- df0[-1,1:25]

> df0$DIS_HEADER_START_DEPTH <- as.numeric(df0$DIS_HEADER_START_DEPTH)

> df0$DIS_DETAIL_DATA_VAL <- as.numeric(df0$DIS_DETAIL_DATA_VAL)

> # load QC report files 
> qc_folder="C:/Users/ChisholmE/Documents/BIOCHEM/IML QC/QC_V6"

> qcf=paste0("QC_data_",substr(mission,nchar(mission)-4,nchar(mission)),"_IML_format.txt")

> qcf_ctd=paste0("QC_data_",substr(mission,nchar(mission)-4,nchar(mission)),"_IML_format_ctd.txt")

> qcrep=read.table(file.path(qc_folder,qcf), stringsAsFactors=F, sep=";", header=T)

> #no ctd data
> #qcrep_ctd=read.table(file.path(qc_folder,qcf_ctd), stringsAsFactors=F, sep=";", header=T)
> 
> # if (mission %in% c("HUD99054","HUD9 ..." ... [TRUNCATED] 

> qcpar <-  vars$BCD_FIELDS[vars$qc == 'qc']

> #qcpar=c("Temp_CTD_1968","Salinity_CTD","O2_CTD_mLL","Salinity_Sal_PSS","Chl_a_Holm-Hansen_F","pH_CTD",
>         #"Chl_Fluor_Voltage", "O2_Electrod ..." ... [TRUNCATED] 

> # find events for which the dat was flagged
> 
> # 1. find indices of flagged data, fi
> fi=which(df$DIS_DETAIL_DATA_QC_CODE>1)

> # 2. Find flagged events, fe
> fe=unique(df$EVENT_COLLECTOR_EVENT_ID[fi])

> # order flagged events by event number
> fe=fe[order(fe)]

> # =================== #
> # DEFINE REPORT FILE
> # =================== #
> outpath=file.path(paste0(wd,'/BCD/',mission))

> n=now() # make time stamp to mark the start of processing

> timestamp=paste0(year(n), sprintf("%02d",month(n)),sprintf("%02d",day(n)),
+                  sprintf("%02d",hour(n)),sprintf("%02d",minute(n)),spri .... [TRUNCATED] 

> # name of the report file                 
> report_file=paste0("FLAG_report_",mission,"_",timestamp, ".txt")

> report_file=file.path(outpath,report_file)

> # write input files into report
> sink(file=report_file,append=TRUE, split=TRUE)

> cat("\n")


> cat(paste(mission,"FLAG Report:, ", n))
18VA17667 FLAG Report:,  2019-03-15 13:21:15
> cat("\n")


> cat(c("-----------------------","\n","\n"))
----------------------- 
 

> # ========================= #
> # PLOT DATA FOR EACH EVENT
> # ========================= #
> 
> 
> for (i in 1:length(fe)) {
+   
+   event=sprintf( .... [TRUNCATED] 
-> Flagged SALINITY, event 1, station HL_0:

           sample_key depth.x Salinity_CTD qc.x depth.y Salinity_Sal_PSS qc.y
 18VA17667_002_434815   60.53      31.1201    0   60.53           31.333    7
 18VA17667_002_434816   10.31      29.2714    0      NA               NA <NA>
 18VA17667_002_434817    5.26      29.0243    0      NA               NA <NA>
 18VA17667_002_434818    1.81      28.9562    0      NA               NA <NA>


-> QC repot:
[1] Filename    Pressure    Uniqueno    Variable    Values      Test.failed
<0 rows> (or 0-length row.names)



-> Flagged PHOSPHATE, event 1, station HL_0:

           sample_key depth   value     method qc
 18VA17667_002_434818  1.81 0.95767 PO4_Tech_F  1
 18VA17667_002_434817  5.26 0.95367 PO4_Tech_F  1
 18VA17667_002_434816 10.31 0.95500 PO4_Tech_F  1
 18VA17667_002_434815 60.53 3.22000 PO4_Tech_F  2


-> QC repot:
[1] Filename    Pressure    Uniqueno    Variable    Values      Test.failed
<0 rows> (or 0-length row.names)



-> Flagged SILICATE, event 1, station HL_0:

           sample_key depth    value      method qc
 18VA17667_002_434818  1.81 11.12667 SiO4_Tech_F  1
 18VA17667_002_434817  5.26 10.98333 SiO4_Tech_F  1
 18VA17667_002_434816 10.31 10.78333 SiO4_Tech_F  1
 18VA17667_002_434815 60.53 40.40333 SiO4_Tech_F  2


-> QC repot:
[1] Filename    Pressure    Uniqueno    Variable    Values      Test.failed
<0 rows> (or 0-length row.names)



-> Flagged SILICATE, event 10, station HL_0:

           sample_key depth    value      method qc
 18VA17667_003_434854  1.40 11.67000 SiO4_Tech_F  1
 18VA17667_003_434853  5.49 11.72667 SiO4_Tech_F  1
 18VA17667_003_434852 10.51 12.09333 SiO4_Tech_F  2
 18VA17667_003_434851 60.66  9.74333 SiO4_Tech_F  1


-> QC repot:
[1] Filename    Pressure    Uniqueno    Variable    Values      Test.failed
<0 rows> (or 0-length row.names)



-> Flagged SILICATE, event 11, station HL_0:

           sample_key depth    value      method qc
 18VA17667_014_434858  1.16 10.23000 SiO4_Tech_F  1
 18VA17667_014_434857  5.29 10.21667 SiO4_Tech_F  1
 18VA17667_014_434856 10.38 10.27667 SiO4_Tech_F  2
 18VA17667_014_434855 60.63 10.15667 SiO4_Tech_F  1


-> QC repot:
[1] Filename    Pressure    Uniqueno    Variable    Values      Test.failed
<0 rows> (or 0-length row.names)



-> Flagged OXYGEN, event 15, station HL_0:

           sample_key depth O2_CTD_mLL qc
 18VA17667_058_434871 60.67     7.0049  0
 18VA17667_058_434872 10.63     8.5799  0
 18VA17667_058_434873  5.61    10.0411  0
 18VA17667_058_434874  1.46    10.1440  0


-> QC repot:
[1] Filename    Pressure    Uniqueno    Variable    Values      Test.failed
<0 rows> (or 0-length row.names)



-> Flagged PHOSPHATE, event 16, station HL_0:

           sample_key depth  value     method qc
 18VA17667_069_434878  1.37 0.1210 PO4_Tech_F  2
 18VA17667_069_434877  5.38 0.1660 PO4_Tech_F  1
 18VA17667_069_434876 10.47 0.3780 PO4_Tech_F  1
 18VA17667_069_434875 60.76 1.2165 PO4_Tech_F  1


-> QC repot:
[1] Filename    Pressure    Uniqueno    Variable    Values      Test.failed
<0 rows> (or 0-length row.names)



-> Flagged PHOSPHATE, event 17, station HL_0:

           sample_key depth  value     method qc
 18VA17667_080_434882  1.68 0.1280 PO4_Tech_F  2
 18VA17667_080_434881  5.47 0.1355 PO4_Tech_F  2
 18VA17667_080_434880 10.49 0.3555 PO4_Tech_F  1
 18VA17667_080_434879 60.76 1.4440 PO4_Tech_F  1


-> QC repot:
[1] Filename    Pressure    Uniqueno    Variable    Values      Test.failed
<0 rows> (or 0-length row.names)



-> Flagged NITRATE, event 19, station HL_0:

           sample_key depth value        method qc
 18VA17667_102_434890  1.35 4.790 NO2NO3_Tech_F  2
 18VA17667_102_434889  5.39 1.055 NO2NO3_Tech_F  1
 18VA17667_102_434888 10.35 1.255 NO2NO3_Tech_F  1
 18VA17667_102_434887 60.61 6.880 NO2NO3_Tech_F  1


-> QC repot:
[1] Filename    Pressure    Uniqueno    Variable    Values      Test.failed
<0 rows> (or 0-length row.names)



-> Flagged SILICATE, event 19, station HL_0:

           sample_key depth  value      method qc
 18VA17667_102_434890  1.35 11.495 SiO4_Tech_F  2
 18VA17667_102_434889  5.39  0.000 SiO4_Tech_F  1
 18VA17667_102_434888 10.35  0.000 SiO4_Tech_F  1
 18VA17667_102_434887 60.61 13.440 SiO4_Tech_F  1


-> QC repot:
[1] Filename    Pressure    Uniqueno    Variable    Values      Test.failed
<0 rows> (or 0-length row.names)



-> Flagged SALINITY, event 2, station HL_0:

           sample_key depth.x Salinity_CTD qc.x depth.y Salinity_Sal_PSS qc.y
 18VA17667_113_434819   60.73      31.0988    0   60.73           31.312    7
 18VA17667_113_434820   10.61      29.5427    0      NA               NA <NA>
 18VA17667_113_434821    5.71      29.3524    0      NA               NA <NA>
 18VA17667_113_434822    1.95      29.3364    0      NA               NA <NA>


-> QC repot:
      Filename Pressure Uniqueno Variable Values                    Test.failed
 18VA17667_002    60.53   434815     psal  31.33  Bottle-CTD Difference Problem



-> Flagged PHOSPHATE, event 2, station HL_0:

           sample_key depth   value     method qc
 18VA17667_113_434822  1.95 0.92600 PO4_Tech_F  1
 18VA17667_113_434821  5.71 0.92833 PO4_Tech_F  1
 18VA17667_113_434820 10.61 0.96067 PO4_Tech_F  1
 18VA17667_113_434819 60.73 3.32667 PO4_Tech_F  2


-> QC repot:
      Filename Pressure Uniqueno Variable Values
 18VA17667_002    60.53   434815     phos   3.22
                                                         Test.failed
  Out of Nutrient Climatology in box(es) 5 (Min=0.42 Max=1.95 n=109)



-> Flagged SILICATE, event 2, station HL_0:

           sample_key depth    value      method qc
 18VA17667_113_434822  1.95 10.66000 SiO4_Tech_F  1
 18VA17667_113_434821  5.71 10.63000 SiO4_Tech_F  1
 18VA17667_113_434820 10.61 10.56000 SiO4_Tech_F  1
 18VA17667_113_434819 60.73 42.89667 SiO4_Tech_F  2


-> QC repot:
      Filename Pressure Uniqueno Variable Values
 18VA17667_002    60.53   434815     slca   40.4
                                                          Test.failed
  Out of Nutrient Climatology in box(es) 5 (Min=1.00 Max=21.30 n=109)



-> Flagged PHOSPHATE, event 23, station HL_0:

           sample_key depth  value     method qc
 18VA17667_149_434906  1.57 0.1810 PO4_Tech_F  1
 18VA17667_149_434905  5.60 0.2010 PO4_Tech_F  1
 18VA17667_149_434904 10.51 0.4660 PO4_Tech_F  1
 18VA17667_149_434903 60.76 1.7495 PO4_Tech_F  2


-> QC repot:
[1] Filename    Pressure    Uniqueno    Variable    Values      Test.failed
<0 rows> (or 0-length row.names)



-> Flagged SILICATE, event 23, station HL_0:

           sample_key depth  value      method qc
 18VA17667_149_434906  1.57  0.000 SiO4_Tech_F  1
 18VA17667_149_434905  5.60  0.000 SiO4_Tech_F  1
 18VA17667_149_434904 10.51  1.205 SiO4_Tech_F  1
 18VA17667_149_434903 60.76 15.715 SiO4_Tech_F  2


-> QC repot:
[1] Filename    Pressure    Uniqueno    Variable    Values      Test.failed
<0 rows> (or 0-length row.names)



-> Flagged PHOSPHATE, event 24, station HL_0:

           sample_key depth  value     method qc
 18VA17667_160_434910  0.79 0.2065 PO4_Tech_F  1
 18VA17667_160_434909  5.32 0.2265 PO4_Tech_F  1
 18VA17667_160_434908 10.42 0.4510 PO4_Tech_F  1
 18VA17667_160_434907 60.69 1.9070 PO4_Tech_F  2


-> QC repot:
[1] Filename    Pressure    Uniqueno    Variable    Values      Test.failed
<0 rows> (or 0-length row.names)



-> Flagged SILICATE, event 24, station HL_0:

           sample_key depth  value      method qc
 18VA17667_160_434910  0.79  0.370 SiO4_Tech_F  1
 18VA17667_160_434909  5.32  0.000 SiO4_Tech_F  1
 18VA17667_160_434908 10.42  0.730 SiO4_Tech_F  1
 18VA17667_160_434907 60.69 18.455 SiO4_Tech_F  2


-> QC repot:
[1] Filename    Pressure    Uniqueno    Variable    Values      Test.failed
<0 rows> (or 0-length row.names)



-> Flagged PHOSPHATE, event 25, station HL_0:

           sample_key depth  value     method qc
 18VA17667_171_434914  1.12 0.2400 PO4_Tech_F  1
 18VA17667_171_434913  5.33 0.3025 PO4_Tech_F  1
 18VA17667_171_434912 10.34 0.3605 PO4_Tech_F  1
 18VA17667_171_434911 60.73 1.9165 PO4_Tech_F  2


-> QC repot:
[1] Filename    Pressure    Uniqueno    Variable    Values      Test.failed
<0 rows> (or 0-length row.names)



-> Flagged SILICATE, event 25, station HL_0:

           sample_key depth  value      method qc
 18VA17667_171_434914  1.12  0.000 SiO4_Tech_F  1
 18VA17667_171_434913  5.33  0.000 SiO4_Tech_F  1
 18VA17667_171_434912 10.34  0.000 SiO4_Tech_F  1
 18VA17667_171_434911 60.73 17.805 SiO4_Tech_F  2


-> QC repot:
[1] Filename    Pressure    Uniqueno    Variable    Values      Test.failed
<0 rows> (or 0-length row.names)



-> Flagged PHOSPHATE, event 26, station HL_0:

           sample_key depth value     method qc
 18VA17667_182_434918  1.48 0.451 PO4_Tech_F  1
 18VA17667_182_434917  5.43 0.688 PO4_Tech_F  1
 18VA17667_182_434916 10.46 0.632 PO4_Tech_F  1
 18VA17667_182_434915 60.72 1.994 PO4_Tech_F  2


-> QC repot:
[1] Filename    Pressure    Uniqueno    Variable    Values      Test.failed
<0 rows> (or 0-length row.names)



-> Flagged SILICATE, event 26, station HL_0:

           sample_key depth  value      method qc
 18VA17667_182_434918  1.48  0.865 SiO4_Tech_F  1
 18VA17667_182_434917  5.43  3.155 SiO4_Tech_F  2
 18VA17667_182_434916 10.46  1.535 SiO4_Tech_F  1
 18VA17667_182_434915 60.72 17.495 SiO4_Tech_F  2


-> QC repot:
[1] Filename    Pressure    Uniqueno    Variable    Values      Test.failed
<0 rows> (or 0-length row.names)



-> Flagged PHOSPHATE, event 27, station HL_0:

           sample_key depth value     method qc
 18VA17667_193_434922  1.22 0.275 PO4_Tech_F  1
 18VA17667_193_434921  5.37 0.311 PO4_Tech_F  1
 18VA17667_193_434920 10.48 0.625 PO4_Tech_F  1
 18VA17667_193_434919 60.71 1.963 PO4_Tech_F  2


-> QC repot:
[1] Filename    Pressure    Uniqueno    Variable    Values      Test.failed
<0 rows> (or 0-length row.names)



-> Flagged PHOSPHATE, event 28, station HL_0:

           sample_key depth  value     method qc
 18VA17667_204_434926  1.16 0.2675 PO4_Tech_F  1
 18VA17667_204_434925  5.46 0.3535 PO4_Tech_F  1
 18VA17667_204_434924 10.49 0.5780 PO4_Tech_F  1
 18VA17667_204_434923 60.72 2.0560 PO4_Tech_F  2


-> QC repot:
[1] Filename    Pressure    Uniqueno    Variable    Values      Test.failed
<0 rows> (or 0-length row.names)



-> Flagged PHOSPHATE, event 29, station HL_0:

           sample_key depth  value     method qc
 18VA17667_215_434930  1.41 0.2555 PO4_Tech_F  1
 18VA17667_215_434929  5.36 0.2675 PO4_Tech_F  1
 18VA17667_215_434928 10.33 0.4480 PO4_Tech_F  1
 18VA17667_215_434927 60.66 2.1265 PO4_Tech_F  2


-> QC repot:
[1] Filename    Pressure    Uniqueno    Variable    Values      Test.failed
<0 rows> (or 0-length row.names)



-> Flagged SILICATE, event 29, station HL_0:

           sample_key depth  value      method qc
 18VA17667_215_434930  1.41  1.810 SiO4_Tech_F  1
 18VA17667_215_434929  5.36  0.900 SiO4_Tech_F  1
 18VA17667_215_434928 10.33  2.235 SiO4_Tech_F  1
 18VA17667_215_434927 60.66 21.055 SiO4_Tech_F  2


-> QC repot:
[1] Filename    Pressure    Uniqueno    Variable    Values      Test.failed
<0 rows> (or 0-length row.names)



-> Flagged PHOSPHATE, event 3, station HL_0:

           sample_key depth  value     method qc
 18VA17667_225_434826  1.59 0.9105 PO4_Tech_F  1
 18VA17667_225_434825  5.12 0.9330 PO4_Tech_F  1
 18VA17667_225_434824 10.17 0.9545 PO4_Tech_F  1
 18VA17667_225_434823 60.85 2.9945 PO4_Tech_F  2


-> QC repot:
[1] Filename    Pressure    Uniqueno    Variable    Values      Test.failed
<0 rows> (or 0-length row.names)



-> Flagged SILICATE, event 3, station HL_0:

           sample_key depth  value      method qc
 18VA17667_225_434826  1.59 11.600 SiO4_Tech_F  1
 18VA17667_225_434825  5.12 10.630 SiO4_Tech_F  1
 18VA17667_225_434824 10.17  9.910 SiO4_Tech_F  1
 18VA17667_225_434823 60.85 40.525 SiO4_Tech_F  2


-> QC repot:
      Filename Pressure Uniqueno Variable Values
 18VA17667_003    10.51   434852     slca  12.09
                                                         Test.failed
  Out of Nutrient Climatology in box(es) 5 (Min=0.16 Max=9.98 n=139)



-> Flagged PHOSPHATE, event 30, station HL_0:

           sample_key depth  value     method qc
 18VA17667_226_434934  1.31 0.2865 PO4_Tech_F  1
 18VA17667_226_434933  5.52 0.2670 PO4_Tech_F  1
 18VA17667_226_434932 10.52 0.4630 PO4_Tech_F  1
 18VA17667_226_434931 60.73 2.0905 PO4_Tech_F  2


-> QC repot:
[1] Filename    Pressure    Uniqueno    Variable    Values      Test.failed
<0 rows> (or 0-length row.names)



-> Flagged SILICATE, event 30, station HL_0:

           sample_key depth  value      method qc
 18VA17667_226_434934  1.31  0.000 SiO4_Tech_F  1
 18VA17667_226_434933  5.52  0.000 SiO4_Tech_F  1
 18VA17667_226_434932 10.52  0.155 SiO4_Tech_F  1
 18VA17667_226_434931 60.73 21.010 SiO4_Tech_F  2


-> QC repot:
[1] Filename    Pressure    Uniqueno    Variable    Values      Test.failed
<0 rows> (or 0-length row.names)



-> Flagged PHOSPHATE, event 31, station HL_0:

           sample_key depth  value     method qc
 18VA17667_237_434938  1.15 0.2520 PO4_Tech_F  1
 18VA17667_237_434937  5.13 0.2815 PO4_Tech_F  1
 18VA17667_237_434936 10.17 0.4210 PO4_Tech_F  1
 18VA17667_237_434935 60.46 2.0185 PO4_Tech_F  2


-> QC repot:
[1] Filename    Pressure    Uniqueno    Variable    Values      Test.failed
<0 rows> (or 0-length row.names)



-> Flagged SILICATE, event 31, station HL_0:

           sample_key depth  value      method qc
 18VA17667_237_434938  1.15  0.000 SiO4_Tech_F  1
 18VA17667_237_434937  5.13  0.000 SiO4_Tech_F  1
 18VA17667_237_434936 10.17  0.000 SiO4_Tech_F  1
 18VA17667_237_434935 60.46 19.645 SiO4_Tech_F  2


-> QC repot:
[1] Filename    Pressure    Uniqueno    Variable    Values      Test.failed
<0 rows> (or 0-length row.names)



-> Flagged PHOSPHATE, event 32, station HL_0:

           sample_key depth  value     method qc
 18VA17667_239_434942  1.25 0.2895 PO4_Tech_F  1
 18VA17667_239_434941  5.33 0.2910 PO4_Tech_F  1
 18VA17667_239_434940 10.16 0.4125 PO4_Tech_F  1
 18VA17667_239_434939 60.63 2.1610 PO4_Tech_F  2


-> QC repot:
[1] Filename    Pressure    Uniqueno    Variable    Values      Test.failed
<0 rows> (or 0-length row.names)



-> Flagged SILICATE, event 32, station HL_0:

           sample_key depth  value      method qc
 18VA17667_239_434942  1.25  0.000 SiO4_Tech_F  1
 18VA17667_239_434941  5.33  0.000 SiO4_Tech_F  1
 18VA17667_239_434940 10.16  0.075 SiO4_Tech_F  1
 18VA17667_239_434939 60.63 21.355 SiO4_Tech_F  2


-> QC repot:
[1] Filename    Pressure    Uniqueno    Variable    Values      Test.failed
<0 rows> (or 0-length row.names)



-> Flagged PHOSPHATE, event 33, station HL_0:

 sample_key depth  value     method qc
                1 0.2980 PO4_Tech_F  1
                5 0.3100 PO4_Tech_F  1
               10 0.6220 PO4_Tech_F  1
               60 2.2015 PO4_Tech_F  2


-> QC repot:
[1] Filename    Pressure    Uniqueno    Variable    Values      Test.failed
<0 rows> (or 0-length row.names)



-> Flagged SILICATE, event 33, station HL_0:

 sample_key depth  value      method qc
                1  0.000 SiO4_Tech_F  1
                5  0.000 SiO4_Tech_F  1
               10  0.855 SiO4_Tech_F  1
               60 21.485 SiO4_Tech_F  2


-> QC repot:
[1] Filename    Pressure    Uniqueno    Variable    Values      Test.failed
<0 rows> (or 0-length row.names)



-> Flagged PHOSPHATE, event 34, station HL_0:

 sample_key depth  value     method qc
                1 0.3100 PO4_Tech_F  1
                5 0.3065 PO4_Tech_F  1
               10 0.6525 PO4_Tech_F  1
               60 2.4225 PO4_Tech_F  2


-> QC repot:
[1] Filename    Pressure    Uniqueno    Variable    Values      Test.failed
<0 rows> (or 0-length row.names)



-> Flagged SILICATE, event 34, station HL_0:

 sample_key depth  value      method qc
                1  0.945 SiO4_Tech_F  1
                5  1.045 SiO4_Tech_F  1
               10  2.895 SiO4_Tech_F  2
               60 23.500 SiO4_Tech_F  2


-> QC repot:
[1] Filename    Pressure    Uniqueno    Variable    Values      Test.failed
<0 rows> (or 0-length row.names)



-> Flagged PHOSPHATE, event 35, station HL_0:

           sample_key depth  value     method qc
 18VA17667_247_434954  1.36 0.3465 PO4_Tech_F  1
 18VA17667_247_434953  5.38 0.4095 PO4_Tech_F  1
 18VA17667_247_434952 10.32 0.6420 PO4_Tech_F  1
 18VA17667_247_434951 60.72 2.4450 PO4_Tech_F  2


-> QC repot:
[1] Filename    Pressure    Uniqueno    Variable    Values      Test.failed
<0 rows> (or 0-length row.names)



-> Flagged SILICATE, event 35, station HL_0:

           sample_key depth  value      method qc
 18VA17667_247_434954  1.36  0.000 SiO4_Tech_F  1
 18VA17667_247_434953  5.38  0.000 SiO4_Tech_F  1
 18VA17667_247_434952 10.32  2.255 SiO4_Tech_F  1
 18VA17667_247_434951 60.72 24.015 SiO4_Tech_F  2


-> QC repot:
[1] Filename    Pressure    Uniqueno    Variable    Values      Test.failed
<0 rows> (or 0-length row.names)



-> Flagged PHOSPHATE, event 36, station HL_0:

 sample_key depth  value     method qc
             1.30 0.2725 PO4_Tech_F  1
             5.25 0.2840 PO4_Tech_F  1
            10.63 0.3540 PO4_Tech_F  1
            60.71 2.7950 PO4_Tech_F  2


-> QC repot:
[1] Filename    Pressure    Uniqueno    Variable    Values      Test.failed
<0 rows> (or 0-length row.names)



-> Flagged SILICATE, event 36, station HL_0:

 sample_key depth  value      method qc
             1.30  0.000 SiO4_Tech_F  1
             5.25  0.000 SiO4_Tech_F  1
            10.63  0.245 SiO4_Tech_F  2
            60.71 29.950 SiO4_Tech_F  1


-> QC repot:
[1] Filename    Pressure    Uniqueno    Variable    Values      Test.failed
<0 rows> (or 0-length row.names)



-> Flagged PHOSPHATE, event 37, station HL_0:

 sample_key depth  value     method qc
             1.75 0.2505 PO4_Tech_F  1
             5.86 0.4130 PO4_Tech_F  1
            10.91 0.7015 PO4_Tech_F  1
            61.21 2.8700 PO4_Tech_F  2


-> QC repot:
[1] Filename    Pressure    Uniqueno    Variable    Values      Test.failed
<0 rows> (or 0-length row.names)



-> Flagged PHOSPHATE, event 38, station HL_0:

           sample_key depth  value     method qc
 18VA17667_261_434966  1.20 0.3030 PO4_Tech_F  1
 18VA17667_261_434965  5.54 0.3365 PO4_Tech_F  1
 18VA17667_261_434964 10.47 0.4515 PO4_Tech_F  1
 18VA17667_261_434963 60.64 2.7100 PO4_Tech_F  2


-> QC repot:
[1] Filename    Pressure    Uniqueno    Variable    Values      Test.failed
<0 rows> (or 0-length row.names)



-> Flagged OXYGEN, event 39, station HL_0:

           sample_key depth O2_CTD_mLL qc
 18VA17667_263_434967 60.55     2.3818  0
 18VA17667_263_434968 10.24     5.4129  0
 18VA17667_263_434969  5.25     6.3430  0
 18VA17667_263_434970  1.16     6.9707  0


-> QC repot:
[1] Filename    Pressure    Uniqueno    Variable    Values      Test.failed
<0 rows> (or 0-length row.names)



-> Flagged PHOSPHATE, event 39, station HL_0:

           sample_key depth  value     method qc
 18VA17667_263_434970  1.16 0.1655 PO4_Tech_F  1
 18VA17667_263_434969  5.25 0.1540 PO4_Tech_F  1
 18VA17667_263_434968 10.24 0.2105 PO4_Tech_F  1
 18VA17667_263_434967 60.55 2.8820 PO4_Tech_F  2


-> QC repot:
[1] Filename    Pressure    Uniqueno    Variable    Values      Test.failed
<0 rows> (or 0-length row.names)



-> Flagged PHOSPHATE, event 4, station HL_0:

           sample_key depth  value     method qc
 18VA17667_264_434830  1.91 0.9485 PO4_Tech_F  1
 18VA17667_264_434829  5.45 0.9760 PO4_Tech_F  1
 18VA17667_264_434828 10.46 0.9885 PO4_Tech_F  1
 18VA17667_264_434827 60.79 3.0350 PO4_Tech_F  2


-> QC repot:
[1] Filename    Pressure    Uniqueno    Variable    Values      Test.failed
<0 rows> (or 0-length row.names)



-> Flagged SILICATE, event 4, station HL_0:

           sample_key depth  value      method qc
 18VA17667_264_434830  1.91 10.555 SiO4_Tech_F  1
 18VA17667_264_434829  5.45 10.660 SiO4_Tech_F  1
 18VA17667_264_434828 10.46 10.435 SiO4_Tech_F  1
 18VA17667_264_434827 60.79 41.435 SiO4_Tech_F  2


-> QC repot:
[1] Filename    Pressure    Uniqueno    Variable    Values      Test.failed
<0 rows> (or 0-length row.names)



-> Flagged NITRATE, event 40, station HL_0:

           sample_key depth  value        method qc
 18VA17667_265_434974  1.49  0.635 NO2NO3_Tech_F  1
 18VA17667_265_434973  5.76  0.070 NO2NO3_Tech_F  1
 18VA17667_265_434972 10.73  0.600 NO2NO3_Tech_F  1
 18VA17667_265_434971 60.96 23.165 NO2NO3_Tech_F  2


-> QC repot:
[1] Filename    Pressure    Uniqueno    Variable    Values      Test.failed
<0 rows> (or 0-length row.names)



-> Flagged PHOSPHATE, event 40, station HL_0:

           sample_key depth  value     method qc
 18VA17667_265_434974  1.49 0.1635 PO4_Tech_F  1
 18VA17667_265_434973  5.76 0.2870 PO4_Tech_F  1
 18VA17667_265_434972 10.73 0.3560 PO4_Tech_F  1
 18VA17667_265_434971 60.96 2.8650 PO4_Tech_F  2


-> QC repot:
[1] Filename    Pressure    Uniqueno    Variable    Values      Test.failed
<0 rows> (or 0-length row.names)



-> Flagged SILICATE, event 40, station HL_0:

           sample_key depth value      method qc
 18VA17667_265_434974  1.49  2.10 SiO4_Tech_F  1
 18VA17667_265_434973  5.76  1.45 SiO4_Tech_F  1
 18VA17667_265_434972 10.73  1.70 SiO4_Tech_F  1
 18VA17667_265_434971 60.96 30.98 SiO4_Tech_F  2


-> QC repot:
[1] Filename    Pressure    Uniqueno    Variable    Values      Test.failed
<0 rows> (or 0-length row.names)



-> Flagged NITRATE, event 41, station HL_0:

           sample_key depth    value        method qc
 18VA17667_275_434978  1.46  0.00000 NO2NO3_Tech_F  1
 18VA17667_275_434977  5.53  0.04000 NO2NO3_Tech_F  1
 18VA17667_275_434976 10.55  0.74667 NO2NO3_Tech_F  1
 18VA17667_275_434975 60.64 24.07333 NO2NO3_Tech_F  2


-> QC repot:
[1] Filename    Pressure    Uniqueno    Variable    Values      Test.failed
<0 rows> (or 0-length row.names)



-> Flagged PHOSPHATE, event 41, station HL_0:

           sample_key depth   value     method qc
 18VA17667_275_434978  1.46 0.30133 PO4_Tech_F  1
 18VA17667_275_434977  5.53 0.22933 PO4_Tech_F  1
 18VA17667_275_434976 10.55 0.35167 PO4_Tech_F  1
 18VA17667_275_434975 60.64 2.93533 PO4_Tech_F  2


-> QC repot:
[1] Filename    Pressure    Uniqueno    Variable    Values      Test.failed
<0 rows> (or 0-length row.names)



-> Flagged SILICATE, event 41, station HL_0:

           sample_key depth    value      method qc
 18VA17667_275_434978  1.46  1.77667 SiO4_Tech_F  1
 18VA17667_275_434977  5.53  1.96667 SiO4_Tech_F  1
 18VA17667_275_434976 10.55  2.96333 SiO4_Tech_F  1
 18VA17667_275_434975 60.64 29.74667 SiO4_Tech_F  2


-> QC repot:
[1] Filename    Pressure    Uniqueno    Variable    Values      Test.failed
<0 rows> (or 0-length row.names)



-> Flagged NITRATE, event 42, station HL_0:

 sample_key depth value        method qc
             1.38  0.92 NO2NO3_Tech_F  1
             5.33  0.91 NO2NO3_Tech_F  1
            10.42  1.68 NO2NO3_Tech_F  1
            60.63 22.30 NO2NO3_Tech_F  2


-> QC repot:
[1] Filename    Pressure    Uniqueno    Variable    Values      Test.failed
<0 rows> (or 0-length row.names)



-> Flagged PHOSPHATE, event 42, station HL_0:

 sample_key depth  value     method qc
             1.38 0.3500 PO4_Tech_F  1
             5.33 0.3500 PO4_Tech_F  1
            10.42 0.5685 PO4_Tech_F  1
            60.63 3.0940 PO4_Tech_F  2


-> QC repot:
[1] Filename    Pressure    Uniqueno    Variable    Values      Test.failed
<0 rows> (or 0-length row.names)



-> Flagged SILICATE, event 42, station HL_0:

 sample_key depth  value      method qc
             1.38  2.935 SiO4_Tech_F  1
             5.33  2.880 SiO4_Tech_F  1
            10.42  4.275 SiO4_Tech_F  1
            60.63 32.610 SiO4_Tech_F  2


-> QC repot:
[1] Filename    Pressure    Uniqueno    Variable    Values      Test.failed
<0 rows> (or 0-length row.names)



-> Flagged NITRATE, event 43, station HL_0:

           sample_key depth  value        method qc
 18VA17667_277_434986  1.32  0.325 NO2NO3_Tech_F  1
 18VA17667_277_434985  5.51  0.350 NO2NO3_Tech_F  1
 18VA17667_277_434984 10.28  1.140 NO2NO3_Tech_F  1
 18VA17667_277_434983 60.82 22.605 NO2NO3_Tech_F  2


-> QC repot:
[1] Filename    Pressure    Uniqueno    Variable    Values      Test.failed
<0 rows> (or 0-length row.names)



-> Flagged PHOSPHATE, event 43, station HL_0:

           sample_key depth  value     method qc
 18VA17667_277_434986  1.32 0.3465 PO4_Tech_F  1
 18VA17667_277_434985  5.51 0.3440 PO4_Tech_F  1
 18VA17667_277_434984 10.28 0.4845 PO4_Tech_F  1
 18VA17667_277_434983 60.82 3.2475 PO4_Tech_F  2


-> QC repot:
[1] Filename    Pressure    Uniqueno    Variable    Values      Test.failed
<0 rows> (or 0-length row.names)



-> Flagged SILICATE, event 43, station HL_0:

           sample_key depth  value      method qc
 18VA17667_277_434986  1.32  0.375 SiO4_Tech_F  1
 18VA17667_277_434985  5.51  0.400 SiO4_Tech_F  1
 18VA17667_277_434984 10.28  1.055 SiO4_Tech_F  1
 18VA17667_277_434983 60.82 34.960 SiO4_Tech_F  2


-> QC repot:
[1] Filename    Pressure    Uniqueno    Variable    Values      Test.failed
<0 rows> (or 0-length row.names)



-> Flagged NITRATE, event 44, station HL_0:

           sample_key depth  value        method qc
 18VA17667_278_434990  1.21  1.345 NO2NO3_Tech_F  1
 18VA17667_278_434989  5.17  1.160 NO2NO3_Tech_F  1
 18VA17667_278_434988 10.25  1.295 NO2NO3_Tech_F  1
 18VA17667_278_434987 60.56 22.555 NO2NO3_Tech_F  2


-> QC repot:
[1] Filename    Pressure    Uniqueno    Variable    Values      Test.failed
<0 rows> (or 0-length row.names)



-> Flagged PHOSPHATE, event 44, station HL_0:

           sample_key depth  value     method qc
 18VA17667_278_434990  1.21 0.5125 PO4_Tech_F  1
 18VA17667_278_434989  5.17 0.4825 PO4_Tech_F  1
 18VA17667_278_434988 10.25 0.4430 PO4_Tech_F  1
 18VA17667_278_434987 60.56 4.1050 PO4_Tech_F  2


-> QC repot:
[1] Filename    Pressure    Uniqueno    Variable    Values      Test.failed
<0 rows> (or 0-length row.names)



-> Flagged SILICATE, event 44, station HL_0:

           sample_key depth  value      method qc
 18VA17667_278_434990  1.21  1.620 SiO4_Tech_F  1
 18VA17667_278_434989  5.17  1.155 SiO4_Tech_F  1
 18VA17667_278_434988 10.25  0.940 SiO4_Tech_F  1
 18VA17667_278_434987 60.56 43.115 SiO4_Tech_F  2


-> QC repot:
[1] Filename    Pressure    Uniqueno    Variable    Values      Test.failed
<0 rows> (or 0-length row.names)



-> Flagged NITRATE, event 45, station HL_0:

           sample_key depth  value        method qc
 18VA17667_279_444004  1.52  2.100 NO2NO3_Tech_F  1
 18VA17667_279_444003  5.27  2.125 NO2NO3_Tech_F  1
 18VA17667_279_444002 10.58  2.185 NO2NO3_Tech_F  1
 18VA17667_279_444001 60.73 21.800 NO2NO3_Tech_F  2


-> QC repot:
[1] Filename    Pressure    Uniqueno    Variable    Values      Test.failed
<0 rows> (or 0-length row.names)



-> Flagged PHOSPHATE, event 45, station HL_0:

           sample_key depth  value     method qc
 18VA17667_279_444004  1.52 0.6310 PO4_Tech_F  1
 18VA17667_279_444003  5.27 0.6935 PO4_Tech_F  1
 18VA17667_279_444002 10.58 0.6820 PO4_Tech_F  1
 18VA17667_279_444001 60.73 3.7425 PO4_Tech_F  2


-> QC repot:
[1] Filename    Pressure    Uniqueno    Variable    Values      Test.failed
<0 rows> (or 0-length row.names)



-> Flagged SILICATE, event 45, station HL_0:

           sample_key depth  value      method qc
 18VA17667_279_444004  1.52  2.590 SiO4_Tech_F  1
 18VA17667_279_444003  5.27  2.570 SiO4_Tech_F  1
 18VA17667_279_444002 10.58  2.665 SiO4_Tech_F  1
 18VA17667_279_444001 60.73 43.415 SiO4_Tech_F  2


-> QC repot:
[1] Filename    Pressure    Uniqueno    Variable    Values      Test.failed
<0 rows> (or 0-length row.names)



-> Flagged NITRATE, event 46, station HL_0:

           sample_key depth  value        method qc
 18VA17667_280_444008  1.77  2.965 NO2NO3_Tech_F  1
 18VA17667_280_444007  5.41  2.995 NO2NO3_Tech_F  1
 18VA17667_280_444006 10.44  3.230 NO2NO3_Tech_F  1
 18VA17667_280_444005 60.66 21.940 NO2NO3_Tech_F  2


-> QC repot:
[1] Filename    Pressure    Uniqueno    Variable    Values      Test.failed
<0 rows> (or 0-length row.names)



-> Flagged PHOSPHATE, event 46, station HL_0:

           sample_key depth  value     method qc
 18VA17667_280_444008  1.77 0.7180 PO4_Tech_F  1
 18VA17667_280_444007  5.41 0.7115 PO4_Tech_F  1
 18VA17667_280_444006 10.44 0.7515 PO4_Tech_F  1
 18VA17667_280_444005 60.66 3.8075 PO4_Tech_F  2


-> QC repot:
[1] Filename    Pressure    Uniqueno    Variable    Values      Test.failed
<0 rows> (or 0-length row.names)



-> Flagged SILICATE, event 46, station HL_0:

           sample_key depth  value      method qc
 18VA17667_280_444008  1.77  3.545 SiO4_Tech_F  1
 18VA17667_280_444007  5.41  3.635 SiO4_Tech_F  1
 18VA17667_280_444006 10.44  3.575 SiO4_Tech_F  1
 18VA17667_280_444005 60.66 47.055 SiO4_Tech_F  2


-> QC repot:
[1] Filename    Pressure    Uniqueno    Variable    Values      Test.failed
<0 rows> (or 0-length row.names)



-> Flagged NITRATE, event 47, station HL_0:

           sample_key depth  value        method qc
 18VA17667_281_444012  1.30  4.190 NO2NO3_Tech_F  1
 18VA17667_281_444011  5.34  4.170 NO2NO3_Tech_F  1
 18VA17667_281_444010 10.49  4.245 NO2NO3_Tech_F  1
 18VA17667_281_444009 60.60 19.725 NO2NO3_Tech_F  2


-> QC repot:
[1] Filename    Pressure    Uniqueno    Variable    Values      Test.failed
<0 rows> (or 0-length row.names)



-> Flagged PHOSPHATE, event 47, station HL_0:

           sample_key depth  value     method qc
 18VA17667_281_444012  1.30 0.7890 PO4_Tech_F  1
 18VA17667_281_444011  5.34 0.7950 PO4_Tech_F  1
 18VA17667_281_444010 10.49 0.8320 PO4_Tech_F  1
 18VA17667_281_444009 60.60 4.2375 PO4_Tech_F  2


-> QC repot:
[1] Filename    Pressure    Uniqueno    Variable    Values      Test.failed
<0 rows> (or 0-length row.names)



-> Flagged SILICATE, event 47, station HL_0:

           sample_key depth  value      method qc
 18VA17667_281_444012  1.30  4.545 SiO4_Tech_F  1
 18VA17667_281_444011  5.34  4.495 SiO4_Tech_F  1
 18VA17667_281_444010 10.49  4.655 SiO4_Tech_F  1
 18VA17667_281_444009 60.60 49.590 SiO4_Tech_F  2


-> QC repot:
[1] Filename    Pressure    Uniqueno    Variable    Values      Test.failed
<0 rows> (or 0-length row.names)



-> Flagged NITRATE, event 48, station HL_0:

           sample_key depth  value        method qc
 18VA17667_282_444016  1.03  5.350 NO2NO3_Tech_F  1
 18VA17667_282_444015  5.33  5.330 NO2NO3_Tech_F  1
 18VA17667_282_444014 10.39  5.290 NO2NO3_Tech_F  1
 18VA17667_282_444013 60.60 20.005 NO2NO3_Tech_F  2


-> QC repot:
[1] Filename    Pressure    Uniqueno    Variable    Values      Test.failed
<0 rows> (or 0-length row.names)



-> Flagged PHOSPHATE, event 48, station HL_0:

           sample_key depth  value     method qc
 18VA17667_282_444016  1.03 0.7865 PO4_Tech_F  1
 18VA17667_282_444015  5.33 0.7880 PO4_Tech_F  1
 18VA17667_282_444014 10.39 0.8895 PO4_Tech_F  1
 18VA17667_282_444013 60.60 3.7250 PO4_Tech_F  2


-> QC repot:
[1] Filename    Pressure    Uniqueno    Variable    Values      Test.failed
<0 rows> (or 0-length row.names)



-> Flagged SILICATE, event 48, station HL_0:

           sample_key depth  value      method qc
 18VA17667_282_444016  1.03  5.685 SiO4_Tech_F  1
 18VA17667_282_444015  5.33  5.785 SiO4_Tech_F  1
 18VA17667_282_444014 10.39  5.835 SiO4_Tech_F  1
 18VA17667_282_444013 60.60 49.695 SiO4_Tech_F  2


-> QC repot:
[1] Filename    Pressure    Uniqueno    Variable    Values      Test.failed
<0 rows> (or 0-length row.names)



-> Flagged NITRATE, event 49, station HL_0:

           sample_key depth  value        method qc
 18VA17667_283_444020  1.09  6.190 NO2NO3_Tech_F  1
 18VA17667_283_444019  5.46  6.220 NO2NO3_Tech_F  1
 18VA17667_283_444018 10.47  6.285 NO2NO3_Tech_F  2
 18VA17667_283_444017 60.57 20.520 NO2NO3_Tech_F  1


-> QC repot:
[1] Filename    Pressure    Uniqueno    Variable    Values      Test.failed
<0 rows> (or 0-length row.names)



-> Flagged PHOSPHATE, event 49, station HL_0:

           sample_key depth  value     method qc
 18VA17667_283_444020  1.09 0.8400 PO4_Tech_F  1
 18VA17667_283_444019  5.46 0.8385 PO4_Tech_F  1
 18VA17667_283_444018 10.47 0.8560 PO4_Tech_F  1
 18VA17667_283_444017 60.57 3.4425 PO4_Tech_F  2


-> QC repot:
[1] Filename    Pressure    Uniqueno    Variable    Values      Test.failed
<0 rows> (or 0-length row.names)



-> Flagged SILICATE, event 49, station HL_0:

           sample_key depth  value      method qc
 18VA17667_283_444020  1.09  6.805 SiO4_Tech_F  1
 18VA17667_283_444019  5.46  6.770 SiO4_Tech_F  1
 18VA17667_283_444018 10.47  6.815 SiO4_Tech_F  1
 18VA17667_283_444017 60.57 49.075 SiO4_Tech_F  2


-> QC repot:
[1] Filename    Pressure    Uniqueno    Variable    Values      Test.failed
<0 rows> (or 0-length row.names)



-> Flagged NITRATE, event 5, station HL_0:

           sample_key depth    value        method qc
 18VA17667_284_434834  1.86  8.55000 NO2NO3_Tech_F  1
 18VA17667_284_434833  5.61  7.68667 NO2NO3_Tech_F  1
 18VA17667_284_434832 10.63  7.69500 NO2NO3_Tech_F  1
 18VA17667_284_434831 60.73 18.46667 NO2NO3_Tech_F  2


-> QC repot:
[1] Filename    Pressure    Uniqueno    Variable    Values      Test.failed
<0 rows> (or 0-length row.names)



-> Flagged PHOSPHATE, event 5, station HL_0:

           sample_key depth   value     method qc
 18VA17667_284_434834  1.86 0.91733 PO4_Tech_F  1
 18VA17667_284_434833  5.61 0.96700 PO4_Tech_F  1
 18VA17667_284_434832 10.63 0.95700 PO4_Tech_F  1
 18VA17667_284_434831 60.73 3.20500 PO4_Tech_F  2


-> QC repot:
[1] Filename    Pressure    Uniqueno    Variable    Values      Test.failed
<0 rows> (or 0-length row.names)



-> Flagged SILICATE, event 5, station HL_0:

           sample_key depth    value      method qc
 18VA17667_284_434834  1.86 13.12500 SiO4_Tech_F  1
 18VA17667_284_434833  5.61 10.89000 SiO4_Tech_F  1
 18VA17667_284_434832 10.63 10.11000 SiO4_Tech_F  1
 18VA17667_284_434831 60.73 38.34333 SiO4_Tech_F  2


-> QC repot:
[1] Filename    Pressure    Uniqueno    Variable    Values      Test.failed
<0 rows> (or 0-length row.names)



-> Flagged NITRATE, event 50, station HL_0:

           sample_key depth  value        method qc
 18VA17667_285_444024  1.38  7.670 NO2NO3_Tech_F  2
 18VA17667_285_444023  5.44  6.855 NO2NO3_Tech_F  1
 18VA17667_285_444022 10.55  5.875 NO2NO3_Tech_F  2
 18VA17667_285_444021 60.62 21.495 NO2NO3_Tech_F  1


-> QC repot:
[1] Filename    Pressure    Uniqueno    Variable    Values      Test.failed
<0 rows> (or 0-length row.names)



-> Flagged PHOSPHATE, event 50, station HL_0:

           sample_key depth  value     method qc
 18VA17667_285_444024  1.38 0.8635 PO4_Tech_F  1
 18VA17667_285_444023  5.44 0.8305 PO4_Tech_F  1
 18VA17667_285_444022 10.55 0.8465 PO4_Tech_F  1
 18VA17667_285_444021 60.62 3.1465 PO4_Tech_F  2


-> QC repot:
[1] Filename    Pressure    Uniqueno    Variable    Values      Test.failed
<0 rows> (or 0-length row.names)



-> Flagged SILICATE, event 50, station HL_0:

           sample_key depth  value      method qc
 18VA17667_285_444024  1.38 11.165 SiO4_Tech_F  1
 18VA17667_285_444023  5.44  9.275 SiO4_Tech_F  1
 18VA17667_285_444022 10.55  7.200 SiO4_Tech_F  2
 18VA17667_285_444021 60.62 44.550 SiO4_Tech_F  2


-> QC repot:
[1] Filename    Pressure    Uniqueno    Variable    Values      Test.failed
<0 rows> (or 0-length row.names)



-> Flagged NITRATE, event 51, station HL_0:

           sample_key depth value        method qc
 18VA17667_295_444028  1.39  7.18 NO2NO3_Tech_F  2
 18VA17667_295_444027  5.35  6.19 NO2NO3_Tech_F  1
 18VA17667_295_444026 10.39  8.17 NO2NO3_Tech_F  2
 18VA17667_295_444025 60.69  9.72 NO2NO3_Tech_F  1


-> QC repot:
[1] Filename    Pressure    Uniqueno    Variable    Values      Test.failed
<0 rows> (or 0-length row.names)



-> Flagged PHOSPHATE, event 51, station HL_0:

           sample_key depth  value     method qc
 18VA17667_295_444028  1.39 0.9840 PO4_Tech_F  1
 18VA17667_295_444027  5.35 0.8955 PO4_Tech_F  1
 18VA17667_295_444026 10.39 1.0705 PO4_Tech_F  2
 18VA17667_295_444025 60.69 1.3990 PO4_Tech_F  2


-> QC repot:
[1] Filename    Pressure    Uniqueno    Variable    Values      Test.failed
<0 rows> (or 0-length row.names)



-> Flagged SILICATE, event 51, station HL_0:

           sample_key depth  value      method qc
 18VA17667_295_444028  1.39 11.290 SiO4_Tech_F  1
 18VA17667_295_444027  5.35  8.025 SiO4_Tech_F  1
 18VA17667_295_444026 10.39 10.225 SiO4_Tech_F  2
 18VA17667_295_444025 60.69 14.785 SiO4_Tech_F  1


-> QC repot:
[1] Filename    Pressure    Uniqueno    Variable    Values      Test.failed
<0 rows> (or 0-length row.names)



-> Flagged PHOSPHATE, event 6, station HL_0:

           sample_key depth   value     method qc
 18VA17667_304_434838  1.94 0.97400 PO4_Tech_F  1
 18VA17667_304_434837  5.62 0.95933 PO4_Tech_F  1
 18VA17667_304_434836 10.59 0.97500 PO4_Tech_F  1
 18VA17667_304_434835 60.78 2.97000 PO4_Tech_F  2


-> QC repot:
[1] Filename    Pressure    Uniqueno    Variable    Values      Test.failed
<0 rows> (or 0-length row.names)



-> Flagged SILICATE, event 6, station HL_0:

           sample_key depth    value      method qc
 18VA17667_304_434838  1.94 10.52667 SiO4_Tech_F  1
 18VA17667_304_434837  5.62 10.47667 SiO4_Tech_F  1
 18VA17667_304_434836 10.59 10.41333 SiO4_Tech_F  1
 18VA17667_304_434835 60.78 36.34000 SiO4_Tech_F  2


-> QC repot:
[1] Filename    Pressure    Uniqueno    Variable    Values      Test.failed
<0 rows> (or 0-length row.names)



-> Flagged PHOSPHATE, event 7, station HL_0:

           sample_key depth   value     method qc
 18VA17667_315_434842  1.83 1.14067 PO4_Tech_F  1
 18VA17667_315_434841  5.50 1.12167 PO4_Tech_F  1
 18VA17667_315_434840 10.53 1.11967 PO4_Tech_F  1
 18VA17667_315_434839 60.68 1.75767 PO4_Tech_F  2


-> QC repot:
[1] Filename    Pressure    Uniqueno    Variable    Values      Test.failed
<0 rows> (or 0-length row.names)



-> Flagged SILICATE, event 7, station HL_0:

           sample_key depth    value      method qc
 18VA17667_315_434842  1.83 13.32667 SiO4_Tech_F  1
 18VA17667_315_434841  5.50 12.89333 SiO4_Tech_F  1
 18VA17667_315_434840 10.53 12.90000 SiO4_Tech_F  1
 18VA17667_315_434839 60.68 21.73000 SiO4_Tech_F  2


-> QC repot:
[1] Filename    Pressure    Uniqueno    Variable    Values      Test.failed
<0 rows> (or 0-length row.names)



-> Flagged PHOSPHATE, event 8, station HL_0:

           sample_key depth   value     method qc
 18VA17667_326_434846  1.97 1.11867 PO4_Tech_F  1
 18VA17667_326_434845  5.60 1.09033 PO4_Tech_F  1
 18VA17667_326_434844 10.56 1.05800 PO4_Tech_F  1
 18VA17667_326_434843 60.76 1.59467 PO4_Tech_F  2


-> QC repot:
[1] Filename    Pressure    Uniqueno    Variable    Values      Test.failed
<0 rows> (or 0-length row.names)



-> Flagged SILICATE, event 8, station HL_0:

           sample_key depth    value      method qc
 18VA17667_326_434846  1.97 13.78000 SiO4_Tech_F  1
 18VA17667_326_434845  5.60 12.93000 SiO4_Tech_F  1
 18VA17667_326_434844 10.56 12.67333 SiO4_Tech_F  1
 18VA17667_326_434843 60.76 18.99667 SiO4_Tech_F  2


-> QC repot:
[1] Filename    Pressure    Uniqueno    Variable    Values      Test.failed
<0 rows> (or 0-length row.names)



-> Flagged SILICATE, event 9, station HL_0:

           sample_key depth    value      method qc
 18VA17667_339_434850  1.81 19.70333 SiO4_Tech_F  2
 18VA17667_339_434849  5.55 13.59000 SiO4_Tech_F  1
 18VA17667_339_434848 10.48 11.75667 SiO4_Tech_F  2
 18VA17667_339_434847 60.62 16.34333 SiO4_Tech_F  2


-> QC repot:
[1] Filename    Pressure    Uniqueno    Variable    Values      Test.failed
<0 rows> (or 0-length row.names)




> sink()

> # plot flagged profiles using BC flagged file
> #original file from Gordana Lazin
> #updated by E Chisholm, March 2019
> 
> 
> source("flagcol2.r")

> require(lubridate)

> source("plot_profiles.r")

> wd="C:/Users/ChisholmE/Documents/BIOCHEM/IML QC"

> # load flagged BCD file
> mission="18VA17668"

> fn=file.path(paste0(wd,'/BCD/',mission, '/',mission,"_BCD_flagged.csv"))

> df0=data.frame(read.csv(fn,  header = F, quote = '', fill = T, stringsAsFactors = F))

> names(df0) <- df0[1,]

> df0 <- df0[-1,1:25]

> df0$DIS_HEADER_START_DEPTH <- as.numeric(df0$DIS_HEADER_START_DEPTH)

> df0$DIS_DETAIL_DATA_VAL <- as.numeric(df0$DIS_DETAIL_DATA_VAL)

> # load QC report files 
> qc_folder="C:/Users/ChisholmE/Documents/BIOCHEM/IML QC/QC_V6"

> qcf=paste0("QC_data_",substr(mission,nchar(mission)-4,nchar(mission)),"_IML_format.txt")

> qcf_ctd=paste0("QC_data_",substr(mission,nchar(mission)-4,nchar(mission)),"_IML_format_ctd.txt")

> qcrep=read.table(file.path(qc_folder,qcf), stringsAsFactors=F, sep=";", header=T)

> #no ctd data
> #qcrep_ctd=read.table(file.path(qc_folder,qcf_ctd), stringsAsFactors=F, sep=";", header=T)
> 
> # if (mission %in% c("HUD99054","HUD9 ..." ... [TRUNCATED] 

> qcpar <-  vars$BCD_FIELDS[vars$qc == 'qc']

> #qcpar=c("Temp_CTD_1968","Salinity_CTD","O2_CTD_mLL","Salinity_Sal_PSS","Chl_a_Holm-Hansen_F","pH_CTD",
>         #"Chl_Fluor_Voltage", "O2_Electrod ..." ... [TRUNCATED] 

> # find events for which the dat was flagged
> 
> # 1. find indices of flagged data, fi
> fi=which(df$DIS_DETAIL_DATA_QC_CODE>1)

> # 2. Find flagged events, fe
> fe=unique(df$EVENT_COLLECTOR_EVENT_ID[fi])

> # order flagged events by event number
> fe=fe[order(fe)]

> # =================== #
> # DEFINE REPORT FILE
> # =================== #
> outpath=file.path(paste0(wd,'/BCD/',mission))

> n=now() # make time stamp to mark the start of processing

> timestamp=paste0(year(n), sprintf("%02d",month(n)),sprintf("%02d",day(n)),
+                  sprintf("%02d",hour(n)),sprintf("%02d",minute(n)),spri .... [TRUNCATED] 

> # name of the report file                 
> report_file=paste0("FLAG_report_",mission,"_",timestamp, ".txt")

> report_file=file.path(outpath,report_file)

> # write input files into report
> sink(file=report_file,append=TRUE, split=TRUE)

> cat("\n")


> cat(paste(mission,"FLAG Report:, ", n))
18VA17668 FLAG Report:,  2019-03-15 13:24:04
> cat("\n")


> cat(c("-----------------------","\n","\n"))
----------------------- 
 

> # ========================= #
> # PLOT DATA FOR EACH EVENT
> # ========================= #
> 
> 
> for (i in 1:length(fe)) {
+   
+   event=sprintf( .... [TRUNCATED] 

> # plot flagged profiles using BC flagged file
> #original file from Gordana Lazin
> #updated by E Chisholm, March 2019
> 
> 
> source("flagcol2.r")

> require(lubridate)

> source("plot_profiles.r")

> wd="C:/Users/ChisholmE/Documents/BIOCHEM/IML QC"

> # load flagged BCD file
> mission="18VA18666"

> fn=file.path(paste0(wd,'/BCD/',mission, '/',mission,"_BCD_flagged.csv"))

> df0=data.frame(read.csv(fn,  header = F, quote = '', fill = T, stringsAsFactors = F))

> names(df0) <- df0[1,]

> df0 <- df0[-1,1:25]

> df0$DIS_HEADER_START_DEPTH <- as.numeric(df0$DIS_HEADER_START_DEPTH)

> df0$DIS_DETAIL_DATA_VAL <- as.numeric(df0$DIS_DETAIL_DATA_VAL)

> # load QC report files 
> qc_folder="C:/Users/ChisholmE/Documents/BIOCHEM/IML QC/QC_V6"

> qcf=paste0("QC_data_",substr(mission,nchar(mission)-4,nchar(mission)),"_IML_format.txt")

> qcf_ctd=paste0("QC_data_",substr(mission,nchar(mission)-4,nchar(mission)),"_IML_format_ctd.txt")

> qcrep=read.table(file.path(qc_folder,qcf), stringsAsFactors=F, sep=";", header=T)

> #no ctd data
> #qcrep_ctd=read.table(file.path(qc_folder,qcf_ctd), stringsAsFactors=F, sep=";", header=T)
> 
> # if (mission %in% c("HUD99054","HUD9 ..." ... [TRUNCATED] 

> qcpar <-  vars$BCD_FIELDS[vars$qc == 'qc']

> #qcpar=c("Temp_CTD_1968","Salinity_CTD","O2_CTD_mLL","Salinity_Sal_PSS","Chl_a_Holm-Hansen_F","pH_CTD",
>         #"Chl_Fluor_Voltage", "O2_Electrod ..." ... [TRUNCATED] 

> # find events for which the dat was flagged
> 
> # 1. find indices of flagged data, fi
> fi=which(df$DIS_DETAIL_DATA_QC_CODE>1)

> # 2. Find flagged events, fe
> fe=unique(df$EVENT_COLLECTOR_EVENT_ID[fi])

> # order flagged events by event number
> fe=fe[order(fe)]

> # =================== #
> # DEFINE REPORT FILE
> # =================== #
> outpath=file.path(paste0(wd,'/BCD/',mission))

> n=now() # make time stamp to mark the start of processing

> timestamp=paste0(year(n), sprintf("%02d",month(n)),sprintf("%02d",day(n)),
+                  sprintf("%02d",hour(n)),sprintf("%02d",minute(n)),spri .... [TRUNCATED] 

> # name of the report file                 
> report_file=paste0("FLAG_report_",mission,"_",timestamp, ".txt")

> report_file=file.path(outpath,report_file)

> # write input files into report
> sink(file=report_file,append=TRUE, split=TRUE)

> cat("\n")


> cat(paste(mission,"FLAG Report:, ", n))
18VA18666 FLAG Report:,  2019-03-15 13:24:40
> cat("\n")


> cat(c("-----------------------","\n","\n"))
----------------------- 
 

> # ========================= #
> # PLOT DATA FOR EACH EVENT
> # ========================= #
> 
> 
> for (i in 1:length(fe)) {
+   
+   event=sprintf( .... [TRUNCATED] 
-> Flagged SALINITY, event 13, station HL_02:

 sample_key depth.x Salinity_CTD qc.x depth.y Salinity_Sal_PSS qc.y
               2.01      30.6041    0    2.01           30.622    1
               2.01      30.6041    0   40.46           30.629    1
               2.01      30.6041    0  141.22           33.309    7
               5.35      30.6059    0    2.01           30.622    1
               5.35      30.6059    0   40.46           30.629    1
               5.35      30.6059    0  141.22           33.309    7
              10.36      30.6065    0    2.01           30.622    1
              10.36      30.6065    0   40.46           30.629    1
              10.36      30.6065    0  141.22           33.309    7
              20.29      30.6066    0    2.01           30.622    1
              20.29      30.6066    0   40.46           30.629    1
              20.29      30.6066    0  141.22           33.309    7
              30.58      30.6069    0    2.01           30.622    1
              30.58      30.6069    0   40.46           30.629    1
              30.58      30.6069    0  141.22           33.309    7
              40.46      30.6155    0    2.01           30.622    1
              40.46      30.6155    0   40.46           30.629    1
              40.46      30.6155    0  141.22           33.309    7
              50.87      30.9030    0    2.01           30.622    1
              50.87      30.9030    0   40.46           30.629    1
              50.87      30.9030    0  141.22           33.309    7
              75.74      31.4021    0    2.01           30.622    1
              75.74      31.4021    0   40.46           30.629    1
              75.74      31.4021    0  141.22           33.309    7
             101.04      31.7397    0    2.01           30.622    1
             101.04      31.7397    0   40.46           30.629    1
             101.04      31.7397    0  141.22           33.309    7
             141.22      33.0265    0    2.01           30.622    1
             141.22      33.0265    0   40.46           30.629    1
             141.22      33.0265    0  141.22           33.309    7


-> QC repot:
[1] Filename    Pressure    Uniqueno    Variable    Values      Test.failed
<0 rows> (or 0-length row.names)



-> Flagged NITRATE, event 13, station HL_02:

 sample_key  depth  value        method qc
              2.01  4.035 NO2NO3_Tech_F  1
              5.35  3.990 NO2NO3_Tech_F  1
             10.36  4.010 NO2NO3_Tech_F  1
             20.29  4.025 NO2NO3_Tech_F  1
             30.58  4.010 NO2NO3_Tech_F  1
             40.46  4.020 NO2NO3_Tech_F  1
             50.87  4.495 NO2NO3_Tech_F  1
             75.74  5.265 NO2NO3_Tech_F  1
            101.04  5.630 NO2NO3_Tech_F  2
            141.22 10.520 NO2NO3_Tech_F  1


-> QC repot:
[1] Filename    Pressure    Uniqueno    Variable    Values      Test.failed
<0 rows> (or 0-length row.names)



-> Flagged PHOSPHATE, event 13, station HL_02:

 sample_key  depth  value     method qc
              2.01 0.6105 PO4_Tech_F  1
              5.35 0.6065 PO4_Tech_F  1
             10.36 0.6080 PO4_Tech_F  1
             20.29 0.6195 PO4_Tech_F  1
             30.58 0.6110 PO4_Tech_F  1
             40.46 0.6070 PO4_Tech_F  1
             50.87 0.6220 PO4_Tech_F  1
             75.74 0.6630 PO4_Tech_F  1
            101.04 0.6935 PO4_Tech_F  2
            141.22 0.9680 PO4_Tech_F  1


-> QC repot:
[1] Filename    Pressure    Uniqueno    Variable    Values      Test.failed
<0 rows> (or 0-length row.names)



-> Flagged SILICATE, event 13, station HL_02:

 sample_key  depth  value      method qc
              2.01  5.175 SiO4_Tech_F  1
              5.35  5.075 SiO4_Tech_F  1
             10.36  5.085 SiO4_Tech_F  1
             20.29  5.085 SiO4_Tech_F  1
             30.58  5.095 SiO4_Tech_F  1
             40.46  5.095 SiO4_Tech_F  1
             50.87  4.900 SiO4_Tech_F  1
             75.74  5.315 SiO4_Tech_F  1
            101.04  5.620 SiO4_Tech_F  2
            141.22 10.740 SiO4_Tech_F  1


-> QC repot:
[1] Filename    Pressure    Uniqueno    Variable    Values      Test.failed
<0 rows> (or 0-length row.names)



-> Flagged SALINITY, event 2, station HL_02:

           sample_key depth.x Salinity_CTD qc.x depth.y Salinity_Sal_PSS qc.y
 18VA18666_113_441740  141.21      33.2164    0  141.21           33.223    1
 18VA18666_113_441741  100.73      32.6261    0      NA               NA <NA>
 18VA18666_113_441742   75.63      32.4930    0      NA               NA <NA>
 18VA18666_113_441743   50.63      31.6557    0      NA               NA <NA>
 18VA18666_113_441744   40.50      30.8026    0   40.50           31.123    7
 18VA18666_113_441745   30.65      30.7951    0      NA               NA <NA>
 18VA18666_113_441746   20.66      30.7947    0      NA               NA <NA>
 18VA18666_113_441747   10.86      30.7923    0      NA               NA <NA>
 18VA18666_113_441748    5.14      30.7945    0      NA               NA <NA>
 18VA18666_113_441749    1.95      30.7940    0    1.95           30.803    1


-> QC repot:
[1] Filename    Pressure    Uniqueno    Variable    Values      Test.failed
<0 rows> (or 0-length row.names)



-> Flagged PHOSPHATE, event 4, station HL_02:

 sample_key  depth  value     method qc
              1.30 0.2675 PO4_Tech_F  1
              5.35 0.2860 PO4_Tech_F  1
             10.41 0.3040 PO4_Tech_F  1
             20.46 0.3140 PO4_Tech_F  1
             30.76 0.3200 PO4_Tech_F  1
             40.57 0.3420 PO4_Tech_F  1
             50.71 0.3555 PO4_Tech_F  1
             75.54 0.3120 PO4_Tech_F  1
            101.06 0.3450 PO4_Tech_F  2
            141.19 1.0390 PO4_Tech_F  1


-> QC repot:
[1] Filename    Pressure    Uniqueno    Variable    Values      Test.failed
<0 rows> (or 0-length row.names)



-> Flagged PHOSPHATE, event 6, station HL_02:

 sample_key  depth  value     method qc
              0.68 0.2360 PO4_Tech_F  1
              5.27 0.2305 PO4_Tech_F  1
             10.51 0.2225 PO4_Tech_F  2
             20.68 0.2965 PO4_Tech_F  1
             30.57 0.3320 PO4_Tech_F  1
             40.43 0.4590 PO4_Tech_F  1
             50.91 0.5365 PO4_Tech_F  1
             76.35 0.6375 PO4_Tech_F  1
            100.87 0.7605 PO4_Tech_F  1
            141.49 0.9210 PO4_Tech_F  1


-> QC repot:
[1] Filename    Pressure    Uniqueno    Variable    Values      Test.failed
<0 rows> (or 0-length row.names)



-> Flagged SALINITY, event 7, station HL_02:

 sample_key depth.x Salinity_CTD qc.x depth.y Salinity_Sal_PSS qc.y
               1.53      30.8196    0    1.53           33.410    7
               1.53      30.8196    0   30.34           31.544    7
               1.53      30.8196    0  141.08           30.724    7
               5.44      30.8618    0    1.53           33.410    7
               5.44      30.8618    0   30.34           31.544    7
               5.44      30.8618    0  141.08           30.724    7
              10.53      30.8908    0    1.53           33.410    7
              10.53      30.8908    0   30.34           31.544    7
              10.53      30.8908    0  141.08           30.724    7
              20.49      31.1605    0    1.53           33.410    7
              20.49      31.1605    0   30.34           31.544    7
              20.49      31.1605    0  141.08           30.724    7
              30.34      31.2263    0    1.53           33.410    7
              30.34      31.2263    0   30.34           31.544    7
              30.34      31.2263    0  141.08           30.724    7
              41.07      31.5252    0    1.53           33.410    7
              41.07      31.5252    0   30.34           31.544    7
              41.07      31.5252    0  141.08           30.724    7
              50.73      31.4634    0    1.53           33.410    7
              50.73      31.4634    0   30.34           31.544    7
              50.73      31.4634    0  141.08           30.724    7
              76.02      31.4415    0    1.53           33.410    7
              76.02      31.4415    0   30.34           31.544    7
              76.02      31.4415    0  141.08           30.724    7
             100.95      31.8288    0    1.53           33.410    7
             100.95      31.8288    0   30.34           31.544    7
             100.95      31.8288    0  141.08           30.724    7
             141.08      33.3306    0    1.53           33.410    7
             141.08      33.3306    0   30.34           31.544    7
             141.08      33.3306    0  141.08           30.724    7


-> QC repot:
[1] Filename    Pressure    Uniqueno    Variable    Values      Test.failed
<0 rows> (or 0-length row.names)



-> Flagged OXYGEN, event 7, station HL_02:

 sample_key  depth O2_CTD_mLL qc
              1.53     7.3663  0
              5.44     7.4742  0
             10.53     7.4959  0
             20.49     7.3254  0
             30.34     7.2976  0
             41.07     7.0866  0
             50.73     7.2933  0
             76.02     7.6298  0
            100.95     6.8931  0
            141.08     4.9457  0


-> QC repot:
[1] Filename    Pressure    Uniqueno    Variable    Values      Test.failed
<0 rows> (or 0-length row.names)



-> Flagged NITRATE, event 7, station HL_02:

 sample_key  depth  value        method qc
              1.53 11.645 NO2NO3_Tech_F  2
              5.44  6.425 NO2NO3_Tech_F  2
             10.53  3.125 NO2NO3_Tech_F  1
             20.49  0.745 NO2NO3_Tech_F  1
             30.34  0.250 NO2NO3_Tech_F  1
             41.07  0.230 NO2NO3_Tech_F  1
             50.73  0.255 NO2NO3_Tech_F  1
             76.02  0.180 NO2NO3_Tech_F  1
            100.95  0.200 NO2NO3_Tech_F  2
            141.08  0.000 NO2NO3_Tech_F  2


-> QC repot:
[1] Filename    Pressure    Uniqueno    Variable    Values      Test.failed
<0 rows> (or 0-length row.names)



-> Flagged PHOSPHATE, event 7, station HL_02:

 sample_key  depth  value     method qc
              1.53 0.7845 PO4_Tech_F  1
              5.44 0.6290 PO4_Tech_F  1
             10.53 0.6400 PO4_Tech_F  1
             20.49 0.4010 PO4_Tech_F  1
             30.34 0.3110 PO4_Tech_F  1
             41.07 0.3105 PO4_Tech_F  1
             50.73 0.3120 PO4_Tech_F  1
             76.02 0.3035 PO4_Tech_F  1
            100.95 0.3000 PO4_Tech_F  2
            141.08 0.2980 PO4_Tech_F  2


-> QC repot:
[1] Filename    Pressure    Uniqueno    Variable    Values      Test.failed
<0 rows> (or 0-length row.names)



-> Flagged SILICATE, event 7, station HL_02:

 sample_key  depth  value      method qc
              1.53 11.275 SiO4_Tech_F  2
              5.44  5.880 SiO4_Tech_F  2
             10.53  1.785 SiO4_Tech_F  1
             20.49  0.380 SiO4_Tech_F  1
             30.34  0.275 SiO4_Tech_F  1
             41.07  0.150 SiO4_Tech_F  2
             50.73  0.120 SiO4_Tech_F  2
             76.02  0.080 SiO4_Tech_F  2
            100.95  0.000 SiO4_Tech_F  2
            141.08  0.000 SiO4_Tech_F  2


-> QC repot:
[1] Filename    Pressure    Uniqueno    Variable    Values      Test.failed
<0 rows> (or 0-length row.names)



-> Flagged PHOSPHATE, event 9, station HL_02:

 sample_key  depth  value     method qc
              1.34 0.1410 PO4_Tech_F  1
              5.45 0.1295 PO4_Tech_F  1
             10.32 0.1300 PO4_Tech_F  1
             20.55 0.1770 PO4_Tech_F  1
             30.41 0.2845 PO4_Tech_F  2
             40.77 0.4125 PO4_Tech_F  1
             50.91 0.7815 PO4_Tech_F  1
             75.53 0.7725 PO4_Tech_F  1
            100.64 0.9990 PO4_Tech_F  1
            141.49 1.2270 PO4_Tech_F  1


-> QC repot:
[1] Filename    Pressure    Uniqueno    Variable    Values      Test.failed
<0 rows> (or 0-length row.names)




> sink()

> # plot flagged profiles using BC flagged file
> #original file from Gordana Lazin
> #updated by E Chisholm, March 2019
> 
> 
> source("flagcol2.r")

> require(lubridate)

> source("plot_profiles.r")

> wd="C:/Users/ChisholmE/Documents/BIOCHEM/IML QC"

> # load flagged BCD file
> mission="18VA18667"

> fn=file.path(paste0(wd,'/BCD/',mission, '/',mission,"_BCD_flagged.csv"))

> df0=data.frame(read.csv(fn,  header = F, quote = '', fill = T, stringsAsFactors = F))

> names(df0) <- df0[1,]

> df0 <- df0[-1,1:25]

> df0$DIS_HEADER_START_DEPTH <- as.numeric(df0$DIS_HEADER_START_DEPTH)

> df0$DIS_DETAIL_DATA_VAL <- as.numeric(df0$DIS_DETAIL_DATA_VAL)

> # load QC report files 
> qc_folder="C:/Users/ChisholmE/Documents/BIOCHEM/IML QC/QC_V6"

> qcf=paste0("QC_data_",substr(mission,nchar(mission)-4,nchar(mission)),"_IML_format.txt")

> qcf_ctd=paste0("QC_data_",substr(mission,nchar(mission)-4,nchar(mission)),"_IML_format_ctd.txt")

> qcrep=read.table(file.path(qc_folder,qcf), stringsAsFactors=F, sep=";", header=T)

> #no ctd data
> #qcrep_ctd=read.table(file.path(qc_folder,qcf_ctd), stringsAsFactors=F, sep=";", header=T)
> 
> # if (mission %in% c("HUD99054","HUD9 ..." ... [TRUNCATED] 

> qcpar <-  vars$BCD_FIELDS[vars$qc == 'qc']

> #qcpar=c("Temp_CTD_1968","Salinity_CTD","O2_CTD_mLL","Salinity_Sal_PSS","Chl_a_Holm-Hansen_F","pH_CTD",
>         #"Chl_Fluor_Voltage", "O2_Electrod ..." ... [TRUNCATED] 

> # find events for which the dat was flagged
> 
> # 1. find indices of flagged data, fi
> fi=which(df$DIS_DETAIL_DATA_QC_CODE>1)

> # 2. Find flagged events, fe
> fe=unique(df$EVENT_COLLECTOR_EVENT_ID[fi])

> # order flagged events by event number
> fe=fe[order(fe)]

> # =================== #
> # DEFINE REPORT FILE
> # =================== #
> outpath=file.path(paste0(wd,'/BCD/',mission))

> n=now() # make time stamp to mark the start of processing

> timestamp=paste0(year(n), sprintf("%02d",month(n)),sprintf("%02d",day(n)),
+                  sprintf("%02d",hour(n)),sprintf("%02d",minute(n)),spri .... [TRUNCATED] 

> # name of the report file                 
> report_file=paste0("FLAG_report_",mission,"_",timestamp, ".txt")

> report_file=file.path(outpath,report_file)

> # write input files into report
> sink(file=report_file,append=TRUE, split=TRUE)

> cat("\n")


> cat(paste(mission,"FLAG Report:, ", n))
18VA18667 FLAG Report:,  2019-03-15 13:25:14
> cat("\n")


> cat(c("-----------------------","\n","\n"))
----------------------- 
 

> # ========================= #
> # PLOT DATA FOR EACH EVENT
> # ========================= #
> 
> 
> for (i in 1:length(fe)) {
+   
+   event=sprintf( .... [TRUNCATED] 
-> Flagged SILICATE, event 1, station HL_0:

           sample_key depth  value      method qc
 18VA18667_002_444032  1.40 16.385 SiO4_Tech_F  2
 18VA18667_002_444031  5.35 16.245 SiO4_Tech_F  2
 18VA18667_002_444030 10.47 15.515 SiO4_Tech_F  2
 18VA18667_002_444029 60.66 12.535 SiO4_Tech_F  1


-> QC repot:
[1] Filename    Pressure    Uniqueno    Variable    Values      Test.failed
<0 rows> (or 0-length row.names)



-> Flagged NITRATE, event 10, station HL_0:

           sample_key depth  value        method qc
 18VA18667_003_444068  1.43  9.505 NO2NO3_Tech_F  1
 18VA18667_003_444067  5.36  9.410 NO2NO3_Tech_F  1
 18VA18667_003_444066 10.41  9.165 NO2NO3_Tech_F  2
 18VA18667_003_444065 60.67 17.210 NO2NO3_Tech_F  1


-> QC repot:
[1] Filename    Pressure    Uniqueno    Variable    Values      Test.failed
<0 rows> (or 0-length row.names)



-> Flagged PHOSPHATE, event 10, station HL_0:

           sample_key depth  value     method qc
 18VA18667_003_444068  1.43 0.8780 PO4_Tech_F  1
 18VA18667_003_444067  5.36 0.8855 PO4_Tech_F  1
 18VA18667_003_444066 10.41 0.8760 PO4_Tech_F  1
 18VA18667_003_444065 60.67 2.1675 PO4_Tech_F  2


-> QC repot:
[1] Filename    Pressure    Uniqueno    Variable    Values      Test.failed
<0 rows> (or 0-length row.names)



-> Flagged SILICATE, event 10, station HL_0:

           sample_key depth  value      method qc
 18VA18667_003_444068  1.43 10.050 SiO4_Tech_F  1
 18VA18667_003_444067  5.36 10.030 SiO4_Tech_F  1
 18VA18667_003_444066 10.41  9.695 SiO4_Tech_F  1
 18VA18667_003_444065 60.67 25.380 SiO4_Tech_F  2


-> QC repot:
[1] Filename    Pressure    Uniqueno    Variable    Values      Test.failed
<0 rows> (or 0-length row.names)



-> Flagged PHOSPHATE, event 11, station HL_0:

           sample_key depth  value     method qc
 18VA18667_014_444072  1.30 0.7770 PO4_Tech_F  1
 18VA18667_014_444071  5.26 0.7975 PO4_Tech_F  1
 18VA18667_014_444070 10.40 0.7980 PO4_Tech_F  1
 18VA18667_014_444069 60.53 2.1325 PO4_Tech_F  2


-> QC repot:
[1] Filename    Pressure    Uniqueno    Variable    Values      Test.failed
<0 rows> (or 0-length row.names)



-> Flagged SILICATE, event 11, station HL_0:

           sample_key depth  value      method qc
 18VA18667_014_444072  1.30  9.355 SiO4_Tech_F  1
 18VA18667_014_444071  5.26  9.440 SiO4_Tech_F  1
 18VA18667_014_444070 10.40  8.915 SiO4_Tech_F  1
 18VA18667_014_444069 60.53 25.510 SiO4_Tech_F  2


-> QC repot:
[1] Filename    Pressure    Uniqueno    Variable    Values      Test.failed
<0 rows> (or 0-length row.names)



-> Flagged PHOSPHATE, event 12, station HL_0:

           sample_key depth value     method qc
 18VA18667_025_444076  1.36 0.729 PO4_Tech_F  1
 18VA18667_025_444075  5.36 0.732 PO4_Tech_F  1
 18VA18667_025_444074 10.35 0.778 PO4_Tech_F  1
 18VA18667_025_444073 60.65 2.054 PO4_Tech_F  2


-> QC repot:
[1] Filename    Pressure    Uniqueno    Variable    Values      Test.failed
<0 rows> (or 0-length row.names)



-> Flagged SILICATE, event 12, station HL_0:

           sample_key depth  value      method qc
 18VA18667_025_444076  1.36  8.675 SiO4_Tech_F  1
 18VA18667_025_444075  5.36  8.160 SiO4_Tech_F  1
 18VA18667_025_444074 10.35  7.830 SiO4_Tech_F  1
 18VA18667_025_444073 60.65 26.070 SiO4_Tech_F  2


-> QC repot:
[1] Filename    Pressure    Uniqueno    Variable    Values      Test.failed
<0 rows> (or 0-length row.names)



-> Flagged PHOSPHATE, event 13, station HL_0:

           sample_key depth  value     method qc
 18VA18667_036_444080  1.33 0.4850 PO4_Tech_F  1
 18VA18667_036_444079  5.39 0.5055 PO4_Tech_F  1
 18VA18667_036_444078 10.39 0.5940 PO4_Tech_F  1
 18VA18667_036_444077 60.59 2.0660 PO4_Tech_F  2


-> QC repot:
[1] Filename    Pressure    Uniqueno    Variable    Values      Test.failed
<0 rows> (or 0-length row.names)



-> Flagged SILICATE, event 13, station HL_0:

           sample_key depth  value      method qc
 18VA18667_036_444080  1.33  4.420 SiO4_Tech_F  1
 18VA18667_036_444079  5.39  4.130 SiO4_Tech_F  1
 18VA18667_036_444078 10.39  5.030 SiO4_Tech_F  1
 18VA18667_036_444077 60.59 24.895 SiO4_Tech_F  2


-> QC repot:
[1] Filename    Pressure    Uniqueno    Variable    Values      Test.failed
<0 rows> (or 0-length row.names)



-> Flagged PHOSPHATE, event 14, station HL_0:

           sample_key depth  value     method qc
 18VA18667_047_444084  1.45 0.1330 PO4_Tech_F  2
 18VA18667_047_444083  5.41 0.1545 PO4_Tech_F  1
 18VA18667_047_444082 10.36 0.4700 PO4_Tech_F  1
 18VA18667_047_444081 60.60 1.9570 PO4_Tech_F  1


-> QC repot:
      Filename Pressure Uniqueno Variable Values
 18VA18667_014    60.53   444069     phos   2.13
                                                         Test.failed
  Out of Nutrient Climatology in box(es) 5 (Min=0.34 Max=1.54 n=224)



-> Flagged SILICATE, event 14, station HL_0:

           sample_key depth  value      method qc
 18VA18667_047_444084  1.45  0.000 SiO4_Tech_F  1
 18VA18667_047_444083  5.41  0.000 SiO4_Tech_F  1
 18VA18667_047_444082 10.36  0.955 SiO4_Tech_F  1
 18VA18667_047_444081 60.60 23.000 SiO4_Tech_F  2


-> QC repot:
      Filename Pressure Uniqueno Variable Values
 18VA18667_014    60.53   444069     slca  25.51
                                                          Test.failed
  Out of Nutrient Climatology in box(es) 5 (Min=0.19 Max=13.15 n=219)



-> Flagged SILICATE, event 15, station HL_0:

           sample_key depth  value      method qc
 18VA18667_058_444088  1.45  0.575 SiO4_Tech_F  1
 18VA18667_058_444087  5.36  0.140 SiO4_Tech_F  1
 18VA18667_058_444086 10.46  0.445 SiO4_Tech_F  1
 18VA18667_058_444085 60.64 23.260 SiO4_Tech_F  2


-> QC repot:
[1] Filename    Pressure    Uniqueno    Variable    Values      Test.failed
<0 rows> (or 0-length row.names)



-> Flagged PHOSPHATE, event 16, station HL_0:

           sample_key depth  value     method qc
 18VA18667_069_444092  1.41 0.1175 PO4_Tech_F  2
 18VA18667_069_444091  5.43 0.1650 PO4_Tech_F  1
 18VA18667_069_444090 10.40 0.4320 PO4_Tech_F  1
 18VA18667_069_444089 60.62 1.8800 PO4_Tech_F  1


-> QC repot:
[1] Filename    Pressure    Uniqueno    Variable    Values      Test.failed
<0 rows> (or 0-length row.names)



-> Flagged SILICATE, event 16, station HL_0:

           sample_key depth value      method qc
 18VA18667_069_444092  1.41  0.00 SiO4_Tech_F  1
 18VA18667_069_444091  5.43  0.00 SiO4_Tech_F  1
 18VA18667_069_444090 10.40  0.27 SiO4_Tech_F  1
 18VA18667_069_444089 60.62 19.96 SiO4_Tech_F  2


-> QC repot:
[1] Filename    Pressure    Uniqueno    Variable    Values      Test.failed
<0 rows> (or 0-length row.names)



-> Flagged PHOSPHATE, event 17, station HL_0:

           sample_key depth value     method qc
 18VA18667_080_444096  1.20 0.105 PO4_Tech_F  2
 18VA18667_080_444095  5.37 0.180 PO4_Tech_F  1
 18VA18667_080_444094 10.39 0.540 PO4_Tech_F  1
 18VA18667_080_444093 60.79 1.668 PO4_Tech_F  1


-> QC repot:
[1] Filename    Pressure    Uniqueno    Variable    Values      Test.failed
<0 rows> (or 0-length row.names)



-> Flagged SILICATE, event 19, station HL_0:

           sample_key depth  value      method qc
 18VA18667_102_444104  1.46  1.715 SiO4_Tech_F  1
 18VA18667_102_444103  5.45  0.260 SiO4_Tech_F  1
 18VA18667_102_444102 10.59  0.585 SiO4_Tech_F  1
 18VA18667_102_444101 60.77 17.985 SiO4_Tech_F  2


-> QC repot:
[1] Filename    Pressure    Uniqueno    Variable    Values      Test.failed
<0 rows> (or 0-length row.names)



-> Flagged SILICATE, event 2, station HL_0:

           sample_key depth  value      method qc
 18VA18667_113_444036  1.33 14.675 SiO4_Tech_F  2
 18VA18667_113_444035  5.41 14.765 SiO4_Tech_F  2
 18VA18667_113_444034 10.49 14.675 SiO4_Tech_F  2
 18VA18667_113_444033 60.63 14.075 SiO4_Tech_F  1


-> QC repot:
      Filename Pressure Uniqueno Variable Values
 18VA18667_002     1.40   444032     slca  16.39
 18VA18667_002     5.35   444031     slca  16.25
 18VA18667_002    10.47   444030     slca  15.52
                                                         Test.failed
  Out of Nutrient Climatology in box(es) 5 (Min=1.00 Max=12.81 n=93)
  Out of Nutrient Climatology in box(es) 5 (Min=1.00 Max=12.81 n=93)
  Out of Nutrient Climatology in box(es) 5 (Min=0.00 Max=13.38 n=64)



-> Flagged SILICATE, event 20, station HL_0:

           sample_key depth  value      method qc
 18VA18667_114_444108  1.24  0.700 SiO4_Tech_F  1
 18VA18667_114_444107  5.58  0.830 SiO4_Tech_F  1
 18VA18667_114_444106 10.49  1.520 SiO4_Tech_F  1
 18VA18667_114_444105 60.66 21.175 SiO4_Tech_F  2


-> QC repot:
[1] Filename    Pressure    Uniqueno    Variable    Values      Test.failed
<0 rows> (or 0-length row.names)



-> Flagged SILICATE, event 21, station HL_0:

           sample_key depth  value      method qc
 18VA18667_127_444112  1.51  0.210 SiO4_Tech_F  1
 18VA18667_127_444111  5.42  0.165 SiO4_Tech_F  1
 18VA18667_127_444110 10.63  0.790 SiO4_Tech_F  1
 18VA18667_127_444109 60.73 20.530 SiO4_Tech_F  2


-> QC repot:
[1] Filename    Pressure    Uniqueno    Variable    Values      Test.failed
<0 rows> (or 0-length row.names)



-> Flagged SILICATE, event 22, station HL_0:

           sample_key depth  value      method qc
 18VA18667_138_444116  1.30  2.055 SiO4_Tech_F  1
 18VA18667_138_444115  5.45  1.950 SiO4_Tech_F  1
 18VA18667_138_444114 10.53  2.590 SiO4_Tech_F  1
 18VA18667_138_444113 60.76 22.060 SiO4_Tech_F  2


-> QC repot:
[1] Filename    Pressure    Uniqueno    Variable    Values      Test.failed
<0 rows> (or 0-length row.names)



-> Flagged PHOSPHATE, event 23, station HL_0:

           sample_key depth  value     method qc
 18VA18667_149_444120  1.38 0.2075 PO4_Tech_F  1
 18VA18667_149_444119  5.38 0.2330 PO4_Tech_F  1
 18VA18667_149_444118 10.47 0.4055 PO4_Tech_F  1
 18VA18667_149_444117 60.75 2.1980 PO4_Tech_F  2


-> QC repot:
[1] Filename    Pressure    Uniqueno    Variable    Values      Test.failed
<0 rows> (or 0-length row.names)



-> Flagged SILICATE, event 23, station HL_0:

           sample_key depth  value      method qc
 18VA18667_149_444120  1.38  2.695 SiO4_Tech_F  2
 18VA18667_149_444119  5.38  2.660 SiO4_Tech_F  2
 18VA18667_149_444118 10.47  2.990 SiO4_Tech_F  1
 18VA18667_149_444117 60.75 23.500 SiO4_Tech_F  2


-> QC repot:
[1] Filename    Pressure    Uniqueno    Variable    Values      Test.failed
<0 rows> (or 0-length row.names)



-> Flagged PHOSPHATE, event 24, station HL_0:

           sample_key depth  value     method qc
 18VA18667_160_444124  1.42 0.1785 PO4_Tech_F  1
 18VA18667_160_444123  5.43 0.2175 PO4_Tech_F  1
 18VA18667_160_444122 10.44 0.3940 PO4_Tech_F  1
 18VA18667_160_444121 60.74 2.6255 PO4_Tech_F  2


-> QC repot:
[1] Filename    Pressure    Uniqueno    Variable    Values      Test.failed
<0 rows> (or 0-length row.names)



-> Flagged SILICATE, event 24, station HL_0:

           sample_key depth  value      method qc
 18VA18667_160_444124  1.42  3.025 SiO4_Tech_F  2
 18VA18667_160_444123  5.43  3.055 SiO4_Tech_F  2
 18VA18667_160_444122 10.44  3.330 SiO4_Tech_F  1
 18VA18667_160_444121 60.74 28.525 SiO4_Tech_F  2


-> QC repot:
[1] Filename    Pressure    Uniqueno    Variable    Values      Test.failed
<0 rows> (or 0-length row.names)



-> Flagged PHOSPHATE, event 25, station HL_0:

 sample_key depth  value     method qc
             1.21 0.1415 PO4_Tech_F  1
             5.58 0.2160 PO4_Tech_F  1
            10.61 0.3125 PO4_Tech_F  1
            60.77 2.4255 PO4_Tech_F  2


-> QC repot:
      Filename Pressure Uniqueno Variable Values
 18VA18667_025    60.65   444073     phos   2.05
                                                         Test.failed
  Out of Nutrient Climatology in box(es) 5 (Min=0.34 Max=1.54 n=224)



-> Flagged SILICATE, event 25, station HL_0:

 sample_key depth  value      method qc
             1.21  0.050 SiO4_Tech_F  1
             5.58  0.390 SiO4_Tech_F  1
            10.61  2.005 SiO4_Tech_F  1
            60.77 25.985 SiO4_Tech_F  2


-> QC repot:
      Filename Pressure Uniqueno Variable Values
 18VA18667_025    60.65   444073     slca  26.07
                                                          Test.failed
  Out of Nutrient Climatology in box(es) 5 (Min=0.19 Max=13.15 n=219)



-> Flagged PHOSPHATE, event 26, station HL_0:

           sample_key depth  value     method qc
 18VA18667_182_444132  1.55 0.1730 PO4_Tech_F  1
 18VA18667_182_444131  5.49 0.1795 PO4_Tech_F  1
 18VA18667_182_444130 10.43 0.2935 PO4_Tech_F  1
 18VA18667_182_444129 60.74 2.5990 PO4_Tech_F  2


-> QC repot:
[1] Filename    Pressure    Uniqueno    Variable    Values      Test.failed
<0 rows> (or 0-length row.names)



-> Flagged SILICATE, event 26, station HL_0:

           sample_key depth  value      method qc
 18VA18667_182_444132  1.55  0.815 SiO4_Tech_F  1
 18VA18667_182_444131  5.49  0.855 SiO4_Tech_F  1
 18VA18667_182_444130 10.43  1.700 SiO4_Tech_F  1
 18VA18667_182_444129 60.74 28.265 SiO4_Tech_F  2


-> QC repot:
[1] Filename    Pressure    Uniqueno    Variable    Values      Test.failed
<0 rows> (or 0-length row.names)



-> Flagged PHOSPHATE, event 27, station HL_0:

           sample_key depth  value     method qc
 18VA18667_193_444136  1.30 0.1035 PO4_Tech_F  1
 18VA18667_193_444135  5.42 0.1560 PO4_Tech_F  1
 18VA18667_193_444134 10.45 0.2250 PO4_Tech_F  1
 18VA18667_193_444133 60.71 2.8195 PO4_Tech_F  2


-> QC repot:
[1] Filename    Pressure    Uniqueno    Variable    Values      Test.failed
<0 rows> (or 0-length row.names)



-> Flagged SILICATE, event 27, station HL_0:

           sample_key depth  value      method qc
 18VA18667_193_444136  1.30  0.845 SiO4_Tech_F  1
 18VA18667_193_444135  5.42  0.000 SiO4_Tech_F  1
 18VA18667_193_444134 10.45  0.380 SiO4_Tech_F  1
 18VA18667_193_444133 60.71 30.545 SiO4_Tech_F  2


-> QC repot:
[1] Filename    Pressure    Uniqueno    Variable    Values      Test.failed
<0 rows> (or 0-length row.names)



-> Flagged PHOSPHATE, event 28, station HL_0:

           sample_key depth  value     method qc
 18VA18667_204_444140  1.20 0.1045 PO4_Tech_F  1
 18VA18667_204_444139  5.37 0.1545 PO4_Tech_F  1
 18VA18667_204_444138 10.40 0.3860 PO4_Tech_F  1
 18VA18667_204_444137 60.67 2.7145 PO4_Tech_F  2


-> QC repot:
[1] Filename    Pressure    Uniqueno    Variable    Values      Test.failed
<0 rows> (or 0-length row.names)



-> Flagged SILICATE, event 28, station HL_0:

           sample_key depth value      method qc
 18VA18667_204_444140  1.20  0.00 SiO4_Tech_F  1
 18VA18667_204_444139  5.37  0.00 SiO4_Tech_F  1
 18VA18667_204_444138 10.40  0.29 SiO4_Tech_F  1
 18VA18667_204_444137 60.67 30.64 SiO4_Tech_F  2


-> QC repot:
[1] Filename    Pressure    Uniqueno    Variable    Values      Test.failed
<0 rows> (or 0-length row.names)



-> Flagged PHOSPHATE, event 29, station HL_0:

           sample_key depth  value     method qc
 18VA18667_215_444144  1.61 0.1515 PO4_Tech_F  1
 18VA18667_215_444143  5.58 0.1680 PO4_Tech_F  1
 18VA18667_215_444142 10.47 0.3595 PO4_Tech_F  1
 18VA18667_215_444141 60.83 3.1980 PO4_Tech_F  2


-> QC repot:
[1] Filename    Pressure    Uniqueno    Variable    Values      Test.failed
<0 rows> (or 0-length row.names)



-> Flagged SILICATE, event 29, station HL_0:

           sample_key depth  value      method qc
 18VA18667_215_444144  1.61  0.025 SiO4_Tech_F  1
 18VA18667_215_444143  5.58  0.000 SiO4_Tech_F  1
 18VA18667_215_444142 10.47  0.445 SiO4_Tech_F  1
 18VA18667_215_444141 60.83 35.895 SiO4_Tech_F  2


-> QC repot:
[1] Filename    Pressure    Uniqueno    Variable    Values      Test.failed
<0 rows> (or 0-length row.names)



-> Flagged SILICATE, event 3, station HL_0:

           sample_key depth  value      method qc
 18VA18667_225_444040  1.40 15.415 SiO4_Tech_F  2
 18VA18667_225_444039  5.43 14.285 SiO4_Tech_F  2
 18VA18667_225_444038 10.39 13.580 SiO4_Tech_F  2
 18VA18667_225_444037 60.59 15.555 SiO4_Tech_F  1


-> QC repot:
      Filename Pressure Uniqueno Variable Values
 18VA18667_003    60.67   444065     slca  25.38
                                                          Test.failed
  Out of Nutrient Climatology in box(es) 5 (Min=0.19 Max=13.15 n=219)



-> Flagged PHOSPHATE, event 30, station HL_0:

           sample_key depth  value     method qc
 18VA18667_226_444148  1.33 0.1015 PO4_Tech_F  1
 18VA18667_226_444147  5.51 0.1410 PO4_Tech_F  1
 18VA18667_226_444146 10.50 0.2450 PO4_Tech_F  1
 18VA18667_226_444145 60.72 3.2050 PO4_Tech_F  2


-> QC repot:
[1] Filename    Pressure    Uniqueno    Variable    Values      Test.failed
<0 rows> (or 0-length row.names)



-> Flagged SILICATE, event 30, station HL_0:

           sample_key depth value      method qc
 18VA18667_226_444148  1.33  0.00 SiO4_Tech_F  1
 18VA18667_226_444147  5.51  0.00 SiO4_Tech_F  1
 18VA18667_226_444146 10.50  0.00 SiO4_Tech_F  1
 18VA18667_226_444145 60.72 36.36 SiO4_Tech_F  2


-> QC repot:
[1] Filename    Pressure    Uniqueno    Variable    Values      Test.failed
<0 rows> (or 0-length row.names)



-> Flagged PHOSPHATE, event 31, station HL_0:

           sample_key depth  value     method qc
 18VA18667_237_444152  1.42 0.1040 PO4_Tech_F  1
 18VA18667_237_444151  5.41 0.2255 PO4_Tech_F  1
 18VA18667_237_444150 10.44 0.5885 PO4_Tech_F  1
 18VA18667_237_444149 60.68 3.2690 PO4_Tech_F  2


-> QC repot:
[1] Filename    Pressure    Uniqueno    Variable    Values      Test.failed
<0 rows> (or 0-length row.names)



-> Flagged SILICATE, event 31, station HL_0:

           sample_key depth  value      method qc
 18VA18667_237_444152  1.42  0.000 SiO4_Tech_F  1
 18VA18667_237_444151  5.41  0.650 SiO4_Tech_F  1
 18VA18667_237_444150 10.44  1.935 SiO4_Tech_F  1
 18VA18667_237_444149 60.68 37.685 SiO4_Tech_F  2


-> QC repot:
[1] Filename    Pressure    Uniqueno    Variable    Values      Test.failed
<0 rows> (or 0-length row.names)



-> Flagged PHOSPHATE, event 32, station HL_0:

           sample_key depth  value     method qc
 18VA18667_239_444156  1.39 0.1470 PO4_Tech_F  1
 18VA18667_239_444155  5.36 0.2510 PO4_Tech_F  1
 18VA18667_239_444154 10.37 0.5285 PO4_Tech_F  1
 18VA18667_239_444153 60.65 3.7760 PO4_Tech_F  2


-> QC repot:
[1] Filename    Pressure    Uniqueno    Variable    Values      Test.failed
<0 rows> (or 0-length row.names)



-> Flagged SILICATE, event 32, station HL_0:

           sample_key depth  value      method qc
 18VA18667_239_444156  1.39  0.930 SiO4_Tech_F  1
 18VA18667_239_444155  5.36  1.575 SiO4_Tech_F  1
 18VA18667_239_444154 10.37  2.525 SiO4_Tech_F  1
 18VA18667_239_444153 60.65 42.365 SiO4_Tech_F  2


-> QC repot:
[1] Filename    Pressure    Uniqueno    Variable    Values      Test.failed
<0 rows> (or 0-length row.names)



-> Flagged PHOSPHATE, event 33, station HL_0:

           sample_key depth  value     method qc
 18VA18667_243_444160  1.38 0.1620 PO4_Tech_F  1
 18VA18667_243_444159  5.36 0.3235 PO4_Tech_F  1
 18VA18667_243_444158 10.43 0.4935 PO4_Tech_F  1
 18VA18667_243_444157 60.68 3.4265 PO4_Tech_F  2


-> QC repot:
[1] Filename    Pressure    Uniqueno    Variable    Values      Test.failed
<0 rows> (or 0-length row.names)



-> Flagged SILICATE, event 33, station HL_0:

           sample_key depth  value      method qc
 18VA18667_243_444160  1.38  0.250 SiO4_Tech_F  1
 18VA18667_243_444159  5.36  2.020 SiO4_Tech_F  1
 18VA18667_243_444158 10.43  2.885 SiO4_Tech_F  1
 18VA18667_243_444157 60.68 40.300 SiO4_Tech_F  2


-> QC repot:
[1] Filename    Pressure    Uniqueno    Variable    Values      Test.failed
<0 rows> (or 0-length row.names)



-> Flagged NITRATE, event 34, station HL_0:

           sample_key depth  value        method qc
 18VA18667_244_444164  1.29  0.020 NO2NO3_Tech_F  1
 18VA18667_244_444163  5.37  0.000 NO2NO3_Tech_F  1
 18VA18667_244_444162 10.38  0.445 NO2NO3_Tech_F  1
 18VA18667_244_444161 60.66 21.140 NO2NO3_Tech_F  2


-> QC repot:
[1] Filename    Pressure    Uniqueno    Variable    Values      Test.failed
<0 rows> (or 0-length row.names)



-> Flagged PHOSPHATE, event 34, station HL_0:

           sample_key depth  value     method qc
 18VA18667_244_444164  1.29 0.2305 PO4_Tech_F  1
 18VA18667_244_444163  5.37 0.2170 PO4_Tech_F  1
 18VA18667_244_444162 10.38 0.4715 PO4_Tech_F  1
 18VA18667_244_444161 60.66 3.6630 PO4_Tech_F  2


-> QC repot:
[1] Filename    Pressure    Uniqueno    Variable    Values      Test.failed
<0 rows> (or 0-length row.names)



-> Flagged SILICATE, event 34, station HL_0:

           sample_key depth value      method qc
 18VA18667_244_444164  1.29  0.00 SiO4_Tech_F  1
 18VA18667_244_444163  5.37  0.00 SiO4_Tech_F  1
 18VA18667_244_444162 10.38  2.04 SiO4_Tech_F  1
 18VA18667_244_444161 60.66 42.84 SiO4_Tech_F  2


-> QC repot:
[1] Filename    Pressure    Uniqueno    Variable    Values      Test.failed
<0 rows> (or 0-length row.names)



-> Flagged NITRATE, event 35, station HL_0:

           sample_key depth  value        method qc
 18VA18667_247_444168  1.47  0.080 NO2NO3_Tech_F  1
 18VA18667_247_444167  5.14  0.000 NO2NO3_Tech_F  1
 18VA18667_247_444166 10.44  0.255 NO2NO3_Tech_F  1
 18VA18667_247_444165 60.57 22.680 NO2NO3_Tech_F  2


-> QC repot:
[1] Filename    Pressure    Uniqueno    Variable    Values      Test.failed
<0 rows> (or 0-length row.names)



-> Flagged PHOSPHATE, event 35, station HL_0:

           sample_key depth  value     method qc
 18VA18667_247_444168  1.47 0.2795 PO4_Tech_F  1
 18VA18667_247_444167  5.14 0.2585 PO4_Tech_F  1
 18VA18667_247_444166 10.44 0.3130 PO4_Tech_F  1
 18VA18667_247_444165 60.57 3.7645 PO4_Tech_F  2


-> QC repot:
[1] Filename    Pressure    Uniqueno    Variable    Values      Test.failed
<0 rows> (or 0-length row.names)



-> Flagged SILICATE, event 35, station HL_0:

           sample_key depth value      method qc
 18VA18667_247_444168  1.47  0.29 SiO4_Tech_F  1
 18VA18667_247_444167  5.14  0.22 SiO4_Tech_F  1
 18VA18667_247_444166 10.44  0.53 SiO4_Tech_F  1
 18VA18667_247_444165 60.57 44.65 SiO4_Tech_F  2


-> QC repot:
[1] Filename    Pressure    Uniqueno    Variable    Values      Test.failed
<0 rows> (or 0-length row.names)



-> Flagged PHOSPHATE, event 36, station HL_0:

           sample_key depth  value     method qc
 18VA18667_253_444172  1.39 0.1280 PO4_Tech_F  1
 18VA18667_253_444171  5.41 0.1450 PO4_Tech_F  1
 18VA18667_253_444170 10.43 0.3015 PO4_Tech_F  1
 18VA18667_253_444169 60.66 4.0960 PO4_Tech_F  2


-> QC repot:
      Filename Pressure Uniqueno Variable Values
 18VA18667_036    60.59   444077     phos   2.07
                                                         Test.failed
  Out of Nutrient Climatology in box(es) 5 (Min=0.34 Max=1.54 n=224)



-> Flagged SILICATE, event 36, station HL_0:

           sample_key depth value      method qc
 18VA18667_253_444172  1.39  0.00 SiO4_Tech_F  1
 18VA18667_253_444171  5.41  0.00 SiO4_Tech_F  1
 18VA18667_253_444170 10.43  0.18 SiO4_Tech_F  2
 18VA18667_253_444169 60.66 44.70 SiO4_Tech_F  2


-> QC repot:
      Filename Pressure Uniqueno Variable Values
 18VA18667_036    60.59   444077     slca  24.89
                                                          Test.failed
  Out of Nutrient Climatology in box(es) 5 (Min=0.19 Max=13.15 n=219)



-> Flagged PHOSPHATE, event 37, station HL_0:

           sample_key depth  value     method qc
 18VA18667_257_444176  1.40 0.1790 PO4_Tech_F  1
 18VA18667_257_444175  5.40 0.2125 PO4_Tech_F  1
 18VA18667_257_444174 10.46 0.3930 PO4_Tech_F  1
 18VA18667_257_444173 60.71 3.8785 PO4_Tech_F  2


-> QC repot:
[1] Filename    Pressure    Uniqueno    Variable    Values      Test.failed
<0 rows> (or 0-length row.names)



-> Flagged SILICATE, event 37, station HL_0:

           sample_key depth value      method qc
 18VA18667_257_444176  1.40  0.39 SiO4_Tech_F  1
 18VA18667_257_444175  5.40  0.40 SiO4_Tech_F  1
 18VA18667_257_444174 10.46  1.54 SiO4_Tech_F  1
 18VA18667_257_444173 60.71 44.22 SiO4_Tech_F  2


-> QC repot:
[1] Filename    Pressure    Uniqueno    Variable    Values      Test.failed
<0 rows> (or 0-length row.names)



-> Flagged PHOSPHATE, event 38, station HL_0:

 sample_key depth  value     method qc
             1.28 0.1615 PO4_Tech_F  1
             5.24 0.1840 PO4_Tech_F  1
            10.53 0.3375 PO4_Tech_F  1
            60.68 3.7690 PO4_Tech_F  2


-> QC repot:
[1] Filename    Pressure    Uniqueno    Variable    Values      Test.failed
<0 rows> (or 0-length row.names)



-> Flagged SILICATE, event 38, station HL_0:

 sample_key depth  value      method qc
             1.28  0.155 SiO4_Tech_F  1
             5.24  0.110 SiO4_Tech_F  1
            10.53  1.145 SiO4_Tech_F  1
            60.68 49.390 SiO4_Tech_F  2


-> QC repot:
[1] Filename    Pressure    Uniqueno    Variable    Values      Test.failed
<0 rows> (or 0-length row.names)



-> Flagged PHOSPHATE, event 39, station HL_0:

 sample_key depth  value     method qc
             1.46 0.2995 PO4_Tech_F  1
             5.54 0.3415 PO4_Tech_F  1
            10.47 0.3755 PO4_Tech_F  1
            60.76 4.2465 PO4_Tech_F  2


-> QC repot:
[1] Filename    Pressure    Uniqueno    Variable    Values      Test.failed
<0 rows> (or 0-length row.names)



-> Flagged SILICATE, event 39, station HL_0:

 sample_key depth  value      method qc
             1.46  1.145 SiO4_Tech_F  1
             5.54  1.190 SiO4_Tech_F  1
            10.47  1.230 SiO4_Tech_F  1
            60.76 51.695 SiO4_Tech_F  2


-> QC repot:
[1] Filename    Pressure    Uniqueno    Variable    Values      Test.failed
<0 rows> (or 0-length row.names)



-> Flagged SILICATE, event 4, station HL_0:

           sample_key depth  value      method qc
 18VA18667_264_444044  1.40 15.515 SiO4_Tech_F  2
 18VA18667_264_444043  5.34 13.745 SiO4_Tech_F  2
 18VA18667_264_444042 10.42 12.835 SiO4_Tech_F  1
 18VA18667_264_444041 60.68 17.225 SiO4_Tech_F  1


-> QC repot:
[1] Filename    Pressure    Uniqueno    Variable    Values      Test.failed
<0 rows> (or 0-length row.names)



-> Flagged NITRATE, event 40, station HL_0:

           sample_key depth  value        method qc
 18VA18667_265_444188  1.50  0.300 NO2NO3_Tech_F  1
 18VA18667_265_444187  5.42  0.275 NO2NO3_Tech_F  1
 18VA18667_265_444186 10.65  0.445 NO2NO3_Tech_F  1
 18VA18667_265_444185 60.83 22.040 NO2NO3_Tech_F  2


-> QC repot:
[1] Filename    Pressure    Uniqueno    Variable    Values      Test.failed
<0 rows> (or 0-length row.names)



-> Flagged PHOSPHATE, event 40, station HL_0:

           sample_key depth  value     method qc
 18VA18667_265_444188  1.50 0.2925 PO4_Tech_F  1
 18VA18667_265_444187  5.42 0.2840 PO4_Tech_F  1
 18VA18667_265_444186 10.65 0.3730 PO4_Tech_F  1
 18VA18667_265_444185 60.83 3.7725 PO4_Tech_F  2


-> QC repot:
[1] Filename    Pressure    Uniqueno    Variable    Values      Test.failed
<0 rows> (or 0-length row.names)



-> Flagged SILICATE, event 40, station HL_0:

           sample_key depth value      method qc
 18VA18667_265_444188  1.50  0.70 SiO4_Tech_F  1
 18VA18667_265_444187  5.42  0.67 SiO4_Tech_F  1
 18VA18667_265_444186 10.65  0.69 SiO4_Tech_F  1
 18VA18667_265_444185 60.83 53.32 SiO4_Tech_F  2


-> QC repot:
[1] Filename    Pressure    Uniqueno    Variable    Values      Test.failed
<0 rows> (or 0-length row.names)



-> Flagged NITRATE, event 41, station HL_0:

           sample_key depth  value        method qc
 18VA18667_275_444192  1.30  0.375 NO2NO3_Tech_F  1
 18VA18667_275_444191  5.40  0.250 NO2NO3_Tech_F  1
 18VA18667_275_444190 10.61  0.415 NO2NO3_Tech_F  1
 18VA18667_275_444189 60.68 23.415 NO2NO3_Tech_F  2


-> QC repot:
[1] Filename    Pressure    Uniqueno    Variable    Values      Test.failed
<0 rows> (or 0-length row.names)



-> Flagged PHOSPHATE, event 41, station HL_0:

           sample_key depth  value     method qc
 18VA18667_275_444192  1.30 0.3980 PO4_Tech_F  1
 18VA18667_275_444191  5.40 0.3795 PO4_Tech_F  1
 18VA18667_275_444190 10.61 0.3515 PO4_Tech_F  1
 18VA18667_275_444189 60.68 3.8240 PO4_Tech_F  2


-> QC repot:
[1] Filename    Pressure    Uniqueno    Variable    Values      Test.failed
<0 rows> (or 0-length row.names)



-> Flagged SILICATE, event 41, station HL_0:

           sample_key depth  value      method qc
 18VA18667_275_444192  1.30  0.045 SiO4_Tech_F  2
 18VA18667_275_444191  5.40  0.035 SiO4_Tech_F  2
 18VA18667_275_444190 10.61  0.250 SiO4_Tech_F  1
 18VA18667_275_444189 60.68 50.615 SiO4_Tech_F  2


-> QC repot:
[1] Filename    Pressure    Uniqueno    Variable    Values      Test.failed
<0 rows> (or 0-length row.names)



-> Flagged NITRATE, event 42, station HL_0:

           sample_key depth  value        method qc
 18VA18667_276_444196  1.42  2.625 NO2NO3_Tech_F  1
 18VA18667_276_444195  5.37  1.615 NO2NO3_Tech_F  1
 18VA18667_276_444194 10.37  1.880 NO2NO3_Tech_F  1
 18VA18667_276_444193 60.74 22.740 NO2NO3_Tech_F  2


-> QC repot:
[1] Filename    Pressure    Uniqueno    Variable    Values      Test.failed
<0 rows> (or 0-length row.names)



-> Flagged PHOSPHATE, event 42, station HL_0:

           sample_key depth  value     method qc
 18VA18667_276_444196  1.42 0.5765 PO4_Tech_F  1
 18VA18667_276_444195  5.37 0.5570 PO4_Tech_F  1
 18VA18667_276_444194 10.37 0.4820 PO4_Tech_F  1
 18VA18667_276_444193 60.74 3.6175 PO4_Tech_F  2


-> QC repot:
[1] Filename    Pressure    Uniqueno    Variable    Values      Test.failed
<0 rows> (or 0-length row.names)



-> Flagged SILICATE, event 42, station HL_0:

           sample_key depth  value      method qc
 18VA18667_276_444196  1.42  4.350 SiO4_Tech_F  1
 18VA18667_276_444195  5.37  2.615 SiO4_Tech_F  1
 18VA18667_276_444194 10.37  2.265 SiO4_Tech_F  1
 18VA18667_276_444193 60.74 51.675 SiO4_Tech_F  2


-> QC repot:
[1] Filename    Pressure    Uniqueno    Variable    Values      Test.failed
<0 rows> (or 0-length row.names)



-> Flagged PHOSPHATE, event 43, station HL_0:

           sample_key depth  value     method qc
 18VA18667_277_444200  1.40 0.7080 PO4_Tech_F  1
 18VA18667_277_444199  5.51 0.7500 PO4_Tech_F  1
 18VA18667_277_444198 10.59 0.8825 PO4_Tech_F  1
 18VA18667_277_444197 60.60 1.7455 PO4_Tech_F  2


-> QC repot:
[1] Filename    Pressure    Uniqueno    Variable    Values      Test.failed
<0 rows> (or 0-length row.names)



-> Flagged SILICATE, event 43, station HL_0:

           sample_key depth  value      method qc
 18VA18667_277_444200  1.40  6.455 SiO4_Tech_F  1
 18VA18667_277_444199  5.51  6.750 SiO4_Tech_F  1
 18VA18667_277_444198 10.59  8.185 SiO4_Tech_F  1
 18VA18667_277_444197 60.60 20.180 SiO4_Tech_F  2


-> QC repot:
[1] Filename    Pressure    Uniqueno    Variable    Values      Test.failed
<0 rows> (or 0-length row.names)



-> Flagged PHOSPHATE, event 44, station HL_0:

           sample_key depth  value     method qc
 18VA18667_278_444204  0.91 0.6715 PO4_Tech_F  1
 18VA18667_278_444203  5.34 0.7470 PO4_Tech_F  1
 18VA18667_278_444202 10.39 0.8820 PO4_Tech_F  1
 18VA18667_278_444201 60.57 1.9175 PO4_Tech_F  2


-> QC repot:
[1] Filename    Pressure    Uniqueno    Variable    Values      Test.failed
<0 rows> (or 0-length row.names)



-> Flagged SILICATE, event 44, station HL_0:

           sample_key depth  value      method qc
 18VA18667_278_444204  0.91 13.050 SiO4_Tech_F  2
 18VA18667_278_444203  5.34  8.925 SiO4_Tech_F  1
 18VA18667_278_444202 10.39  9.900 SiO4_Tech_F  1
 18VA18667_278_444201 60.57 21.945 SiO4_Tech_F  2


-> QC repot:
[1] Filename    Pressure    Uniqueno    Variable    Values      Test.failed
<0 rows> (or 0-length row.names)



-> Flagged NITRATE, event 45, station HL_0:

           sample_key depth  value        method qc
 18VA18667_279_444208  1.52  8.170 NO2NO3_Tech_F  1
 18VA18667_279_444207  5.52  7.000 NO2NO3_Tech_F  1
 18VA18667_279_444206 10.55  7.835 NO2NO3_Tech_F  2
 18VA18667_279_444205 60.63 11.665 NO2NO3_Tech_F  1


-> QC repot:
[1] Filename    Pressure    Uniqueno    Variable    Values      Test.failed
<0 rows> (or 0-length row.names)



-> Flagged PHOSPHATE, event 45, station HL_0:

           sample_key depth  value     method qc
 18VA18667_279_444208  1.52 0.6380 PO4_Tech_F  1
 18VA18667_279_444207  5.52 0.6560 PO4_Tech_F  1
 18VA18667_279_444206 10.55 0.7980 PO4_Tech_F  1
 18VA18667_279_444205 60.63 2.0895 PO4_Tech_F  2


-> QC repot:
[1] Filename    Pressure    Uniqueno    Variable    Values      Test.failed
<0 rows> (or 0-length row.names)



-> Flagged SILICATE, event 45, station HL_0:

           sample_key depth  value      method qc
 18VA18667_279_444208  1.52 16.880 SiO4_Tech_F  2
 18VA18667_279_444207  5.52  9.095 SiO4_Tech_F  2
 18VA18667_279_444206 10.55  9.640 SiO4_Tech_F  2
 18VA18667_279_444205 60.63 22.475 SiO4_Tech_F  2


-> QC repot:
[1] Filename    Pressure    Uniqueno    Variable    Values      Test.failed
<0 rows> (or 0-length row.names)



-> Flagged NITRATE, event 46, station HL_0:

           sample_key depth  value        method qc
 18VA18667_280_444212  0.72  7.510 NO2NO3_Tech_F  1
 18VA18667_280_444211  5.49  7.515 NO2NO3_Tech_F  1
 18VA18667_280_444210 10.37  8.410 NO2NO3_Tech_F  2
 18VA18667_280_444209 60.83 13.640 NO2NO3_Tech_F  1


-> QC repot:
[1] Filename    Pressure    Uniqueno    Variable    Values      Test.failed
<0 rows> (or 0-length row.names)



-> Flagged PHOSPHATE, event 46, station HL_0:

           sample_key depth  value     method qc
 18VA18667_280_444212  0.72 0.8385 PO4_Tech_F  1
 18VA18667_280_444211  5.49 0.8395 PO4_Tech_F  1
 18VA18667_280_444210 10.37 0.8700 PO4_Tech_F  1
 18VA18667_280_444209 60.83 2.2055 PO4_Tech_F  2


-> QC repot:
[1] Filename    Pressure    Uniqueno    Variable    Values      Test.failed
<0 rows> (or 0-length row.names)



-> Flagged SILICATE, event 46, station HL_0:

           sample_key depth  value      method qc
 18VA18667_280_444212  0.72  9.585 SiO4_Tech_F  2
 18VA18667_280_444211  5.49  9.555 SiO4_Tech_F  2
 18VA18667_280_444210 10.37  9.810 SiO4_Tech_F  2
 18VA18667_280_444209 60.83 24.875 SiO4_Tech_F  2


-> QC repot:
[1] Filename    Pressure    Uniqueno    Variable    Values      Test.failed
<0 rows> (or 0-length row.names)



-> Flagged NITRATE, event 47, station HL_0:

           sample_key depth  value        method qc
 18VA18667_281_444216  1.27  9.365 NO2NO3_Tech_F  2
 18VA18667_281_444215  5.23  9.380 NO2NO3_Tech_F  2
 18VA18667_281_444214 10.33 10.940 NO2NO3_Tech_F  2
 18VA18667_281_444213 60.61  9.890 NO2NO3_Tech_F  1


-> QC repot:
[1] Filename    Pressure    Uniqueno    Variable    Values      Test.failed
<0 rows> (or 0-length row.names)



-> Flagged PHOSPHATE, event 47, station HL_0:

           sample_key depth  value     method qc
 18VA18667_281_444216  1.27 0.9830 PO4_Tech_F  2
 18VA18667_281_444215  5.23 0.9885 PO4_Tech_F  2
 18VA18667_281_444214 10.33 1.1160 PO4_Tech_F  2
 18VA18667_281_444213 60.61 1.3220 PO4_Tech_F  1


-> QC repot:
      Filename Pressure Uniqueno Variable Values
 18VA18667_047     1.45   444084     phos   0.13
                                                         Test.failed
  Out of Nutrient Climatology in box(es) 5 (Min=0.15 Max=2.63 n=201)



-> Flagged SILICATE, event 47, station HL_0:

           sample_key depth  value      method qc
 18VA18667_281_444216  1.27 11.100 SiO4_Tech_F  2
 18VA18667_281_444215  5.23 11.065 SiO4_Tech_F  2
 18VA18667_281_444214 10.33 12.110 SiO4_Tech_F  2
 18VA18667_281_444213 60.61 12.870 SiO4_Tech_F  1


-> QC repot:
      Filename Pressure Uniqueno Variable Values
 18VA18667_047     60.6   444081     slca     23
                                                          Test.failed
  Out of Nutrient Climatology in box(es) 5 (Min=0.00 Max=18.04 n=551)



-> Flagged NITRATE, event 48, station HL_0:

           sample_key depth  value        method qc
 18VA18667_282_444220  1.36 11.040 NO2NO3_Tech_F  2
 18VA18667_282_444219  5.51 10.485 NO2NO3_Tech_F  2
 18VA18667_282_444218 10.48 11.660 NO2NO3_Tech_F  2
 18VA18667_282_444217 60.75 10.690 NO2NO3_Tech_F  1


-> QC repot:
[1] Filename    Pressure    Uniqueno    Variable    Values      Test.failed
<0 rows> (or 0-length row.names)



-> Flagged PHOSPHATE, event 48, station HL_0:

           sample_key depth  value     method qc
 18VA18667_282_444220  1.36 1.5220 PO4_Tech_F  2
 18VA18667_282_444219  5.51 1.1205 PO4_Tech_F  2
 18VA18667_282_444218 10.48 1.1680 PO4_Tech_F  2
 18VA18667_282_444217 60.75 1.5265 PO4_Tech_F  2


-> QC repot:
[1] Filename    Pressure    Uniqueno    Variable    Values      Test.failed
<0 rows> (or 0-length row.names)



-> Flagged SILICATE, event 48, station HL_0:

           sample_key depth  value      method qc
 18VA18667_282_444220  1.36 14.645 SiO4_Tech_F  2
 18VA18667_282_444219  5.51 13.145 SiO4_Tech_F  2
 18VA18667_282_444218 10.48 12.850 SiO4_Tech_F  2
 18VA18667_282_444217 60.75 14.730 SiO4_Tech_F  1


-> QC repot:
[1] Filename    Pressure    Uniqueno    Variable    Values      Test.failed
<0 rows> (or 0-length row.names)



-> Flagged NITRATE, event 49, station HL_0:

           sample_key depth  value        method qc
 18VA18667_283_444224  1.37 10.540 NO2NO3_Tech_F  2
 18VA18667_283_444223  5.19 10.440 NO2NO3_Tech_F  2
 18VA18667_283_444222 10.41  9.560 NO2NO3_Tech_F  2
 18VA18667_283_444221 60.76 11.665 NO2NO3_Tech_F  1


-> QC repot:
[1] Filename    Pressure    Uniqueno    Variable    Values      Test.failed
<0 rows> (or 0-length row.names)



-> Flagged PHOSPHATE, event 49, station HL_0:

           sample_key depth  value     method qc
 18VA18667_283_444224  1.37 1.1080 PO4_Tech_F  1
 18VA18667_283_444223  5.19 1.0970 PO4_Tech_F  1
 18VA18667_283_444222 10.41 1.0455 PO4_Tech_F  2
 18VA18667_283_444221 60.76 1.6990 PO4_Tech_F  2


-> QC repot:
[1] Filename    Pressure    Uniqueno    Variable    Values      Test.failed
<0 rows> (or 0-length row.names)



-> Flagged SILICATE, event 49, station HL_0:

           sample_key depth  value      method qc
 18VA18667_283_444224  1.37 14.290 SiO4_Tech_F  2
 18VA18667_283_444223  5.19 13.985 SiO4_Tech_F  2
 18VA18667_283_444222 10.41 11.530 SiO4_Tech_F  2
 18VA18667_283_444221 60.76 16.675 SiO4_Tech_F  1


-> QC repot:
[1] Filename    Pressure    Uniqueno    Variable    Values      Test.failed
<0 rows> (or 0-length row.names)



-> Flagged SILICATE, event 5, station HL_0:

           sample_key depth  value      method qc
 18VA18667_284_444048  1.28 13.280 SiO4_Tech_F  2
 18VA18667_284_444047  5.42 13.300 SiO4_Tech_F  2
 18VA18667_284_444046 10.34 13.295 SiO4_Tech_F  1
 18VA18667_284_444045 60.63 21.585 SiO4_Tech_F  2


-> QC repot:
[1] Filename    Pressure    Uniqueno    Variable    Values      Test.failed
<0 rows> (or 0-length row.names)



-> Flagged NITRATE, event 50, station HL_0:

           sample_key depth value        method qc
 18VA18667_285_444228  1.24  9.83 NO2NO3_Tech_F  2
 18VA18667_285_444227  5.22  9.88 NO2NO3_Tech_F  2
 18VA18667_285_444226 10.47 10.12 NO2NO3_Tech_F  2
 18VA18667_285_444225 60.75 13.02 NO2NO3_Tech_F  1


-> QC repot:
[1] Filename    Pressure    Uniqueno    Variable    Values      Test.failed
<0 rows> (or 0-length row.names)



-> Flagged PHOSPHATE, event 50, station HL_0:

           sample_key depth  value     method qc
 18VA18667_285_444228  1.24 1.0565 PO4_Tech_F  1
 18VA18667_285_444227  5.22 1.0930 PO4_Tech_F  1
 18VA18667_285_444226 10.47 1.0520 PO4_Tech_F  2
 18VA18667_285_444225 60.75 1.9025 PO4_Tech_F  2


-> QC repot:
[1] Filename    Pressure    Uniqueno    Variable    Values      Test.failed
<0 rows> (or 0-length row.names)



-> Flagged SILICATE, event 50, station HL_0:

           sample_key depth  value      method qc
 18VA18667_285_444228  1.24 13.250 SiO4_Tech_F  2
 18VA18667_285_444227  5.22 13.215 SiO4_Tech_F  2
 18VA18667_285_444226 10.47 11.920 SiO4_Tech_F  2
 18VA18667_285_444225 60.75 18.760 SiO4_Tech_F  2


-> QC repot:
[1] Filename    Pressure    Uniqueno    Variable    Values      Test.failed
<0 rows> (or 0-length row.names)



-> Flagged NITRATE, event 51, station HL_0:

           sample_key depth  value        method qc
 18VA18667_295_444232  1.44  9.020 NO2NO3_Tech_F  2
 18VA18667_295_444231  5.43  9.015 NO2NO3_Tech_F  2
 18VA18667_295_444230 10.58  9.900 NO2NO3_Tech_F  2
 18VA18667_295_444229 60.75 14.315 NO2NO3_Tech_F  1


-> QC repot:
[1] Filename    Pressure    Uniqueno    Variable    Values      Test.failed
<0 rows> (or 0-length row.names)



-> Flagged PHOSPHATE, event 51, station HL_0:

           sample_key depth  value     method qc
 18VA18667_295_444232  1.44 0.9930 PO4_Tech_F  1
 18VA18667_295_444231  5.43 0.9960 PO4_Tech_F  1
 18VA18667_295_444230 10.58 1.0510 PO4_Tech_F  2
 18VA18667_295_444229 60.75 2.2475 PO4_Tech_F  2


-> QC repot:
[1] Filename    Pressure    Uniqueno    Variable    Values      Test.failed
<0 rows> (or 0-length row.names)



-> Flagged SILICATE, event 51, station HL_0:

           sample_key depth  value      method qc
 18VA18667_295_444232  1.44 11.730 SiO4_Tech_F  2
 18VA18667_295_444231  5.43 11.700 SiO4_Tech_F  2
 18VA18667_295_444230 10.58 11.685 SiO4_Tech_F  2
 18VA18667_295_444229 60.75 22.640 SiO4_Tech_F  2


-> QC repot:
[1] Filename    Pressure    Uniqueno    Variable    Values      Test.failed
<0 rows> (or 0-length row.names)



-> Flagged PHOSPHATE, event 6, station HL_0:

           sample_key depth  value     method qc
 18VA18667_304_444052  1.47 1.0120 PO4_Tech_F  1
 18VA18667_304_444051  5.41 1.0070 PO4_Tech_F  1
 18VA18667_304_444050 10.42 1.0065 PO4_Tech_F  1
 18VA18667_304_444049 60.75 1.8000 PO4_Tech_F  2


-> QC repot:
[1] Filename    Pressure    Uniqueno    Variable    Values      Test.failed
<0 rows> (or 0-length row.names)



-> Flagged SILICATE, event 6, station HL_0:

           sample_key depth  value      method qc
 18VA18667_304_444052  1.47 17.005 SiO4_Tech_F  2
 18VA18667_304_444051  5.41 12.630 SiO4_Tech_F  1
 18VA18667_304_444050 10.42 12.480 SiO4_Tech_F  1
 18VA18667_304_444049 60.75 21.010 SiO4_Tech_F  2


-> QC repot:
[1] Filename    Pressure    Uniqueno    Variable    Values      Test.failed
<0 rows> (or 0-length row.names)



-> Flagged PHOSPHATE, event 7, station HL_0:

 sample_key depth  value     method qc
             1.37 0.9910 PO4_Tech_F  1
             5.44 1.0280 PO4_Tech_F  1
            10.38 0.9710 PO4_Tech_F  1
            60.64 1.9665 PO4_Tech_F  2


-> QC repot:
[1] Filename    Pressure    Uniqueno    Variable    Values      Test.failed
<0 rows> (or 0-length row.names)



-> Flagged SILICATE, event 7, station HL_0:

 sample_key depth  value      method qc
             1.37 13.660 SiO4_Tech_F  1
             5.44 11.985 SiO4_Tech_F  1
            10.38 11.110 SiO4_Tech_F  1
            60.64 21.740 SiO4_Tech_F  2


-> QC repot:
[1] Filename    Pressure    Uniqueno    Variable    Values      Test.failed
<0 rows> (or 0-length row.names)



-> Flagged PHOSPHATE, event 8, station HL_0:

           sample_key depth  value     method qc
 18VA18667_326_444060  1.27 0.9625 PO4_Tech_F  1
 18VA18667_326_444059  5.44 0.9775 PO4_Tech_F  1
 18VA18667_326_444058 10.45 0.9360 PO4_Tech_F  1
 18VA18667_326_444057 60.58 2.0835 PO4_Tech_F  2


-> QC repot:
[1] Filename    Pressure    Uniqueno    Variable    Values      Test.failed
<0 rows> (or 0-length row.names)



-> Flagged SILICATE, event 8, station HL_0:

           sample_key depth  value      method qc
 18VA18667_326_444060  1.27 13.385 SiO4_Tech_F  1
 18VA18667_326_444059  5.44 12.050 SiO4_Tech_F  1
 18VA18667_326_444058 10.45 10.845 SiO4_Tech_F  1
 18VA18667_326_444057 60.58 24.115 SiO4_Tech_F  2


-> QC repot:
[1] Filename    Pressure    Uniqueno    Variable    Values      Test.failed
<0 rows> (or 0-length row.names)



-> Flagged PHOSPHATE, event 9, station HL_0:

           sample_key depth  value     method qc
 18VA18667_339_444064  1.34 0.9320 PO4_Tech_F  1
 18VA18667_339_444063  5.36 0.9225 PO4_Tech_F  1
 18VA18667_339_444062 10.39 0.9045 PO4_Tech_F  1
 18VA18667_339_444061 60.66 2.0530 PO4_Tech_F  2


-> QC repot:
[1] Filename    Pressure    Uniqueno    Variable    Values      Test.failed
<0 rows> (or 0-length row.names)



-> Flagged SILICATE, event 9, station HL_0:

           sample_key depth  value      method qc
 18VA18667_339_444064  1.34 11.405 SiO4_Tech_F  1
 18VA18667_339_444063  5.36 10.795 SiO4_Tech_F  1
 18VA18667_339_444062 10.39 10.045 SiO4_Tech_F  1
 18VA18667_339_444061 60.66 24.310 SiO4_Tech_F  2


-> QC repot:
[1] Filename    Pressure    Uniqueno    Variable    Values      Test.failed
<0 rows> (or 0-length row.names)




> sink()
