
> cat("\n")


> cat(paste(mission,"FLAG Report:, ", n))
18HU92037 FLAG Report:,  2019-03-15 11:47:51
> cat("\n")


> cat(c("-----------------------","\n","\n"))
----------------------- 
 

> # ========================= #
> # PLOT DATA FOR EACH EVENT
> # ========================= #
> 
> 
> for (i in 1:length(fe)) {
+   
+   event=sprintf( .... [TRUNCATED] 
-> Flagged PHOSPHATE, event 92037398, station CTD-84:

           sample_key depth value method qc
 18HU92037_362_114449     0  0.25  PO4_0  1
 18HU92037_362_114448    10  0.27  PO4_0  1
 18HU92037_362_114447    20  0.23  PO4_0  1
 18HU92037_362_114446    30  0.29  PO4_0  1
 18HU92037_362_114445    40  0.52  PO4_0  7
 18HU92037_362_114444    50  0.87  PO4_0  1
 18HU92037_362_114443    60  1.05  PO4_0  1
 18HU92037_362_114442    70  1.05  PO4_0  1
 18HU92037_362_114441    80  1.22  PO4_0  1
 18HU92037_362_114440    90  1.31  PO4_0  1
 18HU92037_362_114439   100  1.41  PO4_0  1


-> QC repot:
[1] Filename    Pressure    Uniqueno    Variable    Values      Test.failed
<0 rows> (or 0-length row.names)



-> Flagged SILICATE, event 92037398, station CTD-84:

           sample_key depth value method qc
 18HU92037_362_114449     0  0.57 SiO4_0  1
 18HU92037_362_114448    10  0.62 SiO4_0  1
 18HU92037_362_114447    20  0.77 SiO4_0  1
 18HU92037_362_114446    30  1.04 SiO4_0  7
 18HU92037_362_114445    40  2.52 SiO4_0  1
 18HU92037_362_114444    50  5.29 SiO4_0  1
 18HU92037_362_114443    60  9.47 SiO4_0  1
 18HU92037_362_114442    70  8.22 SiO4_0  1
 18HU92037_362_114441    80 11.03 SiO4_0  1
 18HU92037_362_114440    90 12.69 SiO4_0  1
 18HU92037_362_114439   100 13.75 SiO4_0  1


-> QC repot:
[1] Filename    Pressure    Uniqueno    Variable    Values      Test.failed
<0 rows> (or 0-length row.names)



-> Flagged NITRATE, event 92037400, station CTD-85:

           sample_key depth value   method qc
 18HU92037_364_114466     0  0.00 NO2NO3_0  7
 18HU92037_364_114465    10  0.00 NO2NO3_0  7
 18HU92037_364_114464    20  0.00 NO2NO3_0  1
 18HU92037_364_114463    30  0.01 NO2NO3_0  1
 18HU92037_364_114462    40  0.38 NO2NO3_0  1
 18HU92037_364_114461    50  3.88 NO2NO3_0  1
 18HU92037_364_114460    60  5.85 NO2NO3_0  1
 18HU92037_364_114459    70  6.06 NO2NO3_0  1
 18HU92037_364_114458    80  7.81 NO2NO3_0  1
 18HU92037_364_114457    90  9.38 NO2NO3_0  1
 18HU92037_364_114456   100  8.56 NO2NO3_0  1
 18HU92037_364_114455   110  8.56 NO2NO3_0  1
 18HU92037_364_114454   120  8.49 NO2NO3_0  1
 18HU92037_364_114453   130 10.01 NO2NO3_0  1
 18HU92037_364_114452   140 11.37 NO2NO3_0  1
 18HU92037_364_114451   150  9.99 NO2NO3_0  1
 18HU92037_364_114450   200 17.31 NO2NO3_0  1


-> QC repot:
[1] Filename    Pressure    Uniqueno    Variable    Values      Test.failed
<0 rows> (or 0-length row.names)



-> Flagged PHOSPHATE, event 92037400, station CTD-85:

           sample_key depth value method qc
 18HU92037_364_114466     0  0.02  PO4_0  1
 18HU92037_364_114465    10  0.04  PO4_0  1
 18HU92037_364_114464    20  0.00  PO4_0  1
 18HU92037_364_114463    30  0.02  PO4_0  1
 18HU92037_364_114462    40  0.23  PO4_0  1
 18HU92037_364_114461    50  0.38  PO4_0  1
 18HU92037_364_114460    60  0.34  PO4_0  1
 18HU92037_364_114459    70  0.45  PO4_0  1
 18HU92037_364_114458    80  0.52  PO4_0  1
 18HU92037_364_114457    90  0.56  PO4_0  1
 18HU92037_364_114456   100  0.52  PO4_0  1
 18HU92037_364_114455   110  0.54  PO4_0  1
 18HU92037_364_114454   120  0.53  PO4_0  2
 18HU92037_364_114453   130  0.57  PO4_0  1
 18HU92037_364_114452   140  0.71  PO4_0  1
 18HU92037_364_114451   150  0.67  PO4_0  1
 18HU92037_364_114450   200  1.06  PO4_0  1


-> QC repot:
[1] Filename    Pressure    Uniqueno    Variable    Values      Test.failed
<0 rows> (or 0-length row.names)



-> Flagged SILICATE, event 92037400, station CTD-85:

           sample_key depth value method qc
 18HU92037_364_114466     0  0.89 SiO4_0  1
 18HU92037_364_114465    10  0.78 SiO4_0  1
 18HU92037_364_114464    20  0.78 SiO4_0  1
 18HU92037_364_114463    30  0.97 SiO4_0  1
 18HU92037_364_114462    40  1.98 SiO4_0  1
 18HU92037_364_114461    50  2.98 SiO4_0  1
 18HU92037_364_114460    60  3.50 SiO4_0  1
 18HU92037_364_114459    70  3.52 SiO4_0  1
 18HU92037_364_114458    80  4.14 SiO4_0  1
 18HU92037_364_114457    90  4.82 SiO4_0  1
 18HU92037_364_114456   100  4.37 SiO4_0  1
 18HU92037_364_114455   110  4.54 SiO4_0  1
 18HU92037_364_114454   120  4.57 SiO4_0  2
 18HU92037_364_114453   130  5.23 SiO4_0  1
 18HU92037_364_114452   140  5.97 SiO4_0  1
 18HU92037_364_114451   150  5.35 SiO4_0  1
 18HU92037_364_114450   200  9.50 SiO4_0  1


-> QC repot:
[1] Filename    Pressure    Uniqueno    Variable    Values      Test.failed
<0 rows> (or 0-length row.names)




> sink()
