
> cat("\n")


> cat(paste(mission,"FLAG Report:, ", n))
18HU06019 FLAG Report:,  2019-03-15 14:42:15
> cat("\n")


> cat(c("-----------------------","\n","\n"))
----------------------- 
 

> # ========================= #
> # PLOT DATA FOR EACH EVENT
> # ========================= #
> 
> 
> for (i in 1:length(fe)) {
+   
+   event=sprintf( .... [TRUNCATED] 
-> Flagged OXYGEN, event 264, station HL_09:

           sample_key  depth O2_Winkler_Auto qc
 18HU06019_187_299652   10.0             6.9  1
 18HU06019_187_299651  100.3             4.7  1
 18HU06019_187_299650  200.4           -76.4  4
 18HU06019_187_299649  350.5             4.5  1
 18HU06019_187_299648  601.1             5.6  1
 18HU06019_187_299647  801.2             5.9  1
 18HU06019_187_299646 1001.4             6.1  1
 18HU06019_187_299645 1200.6             6.1  1
 18HU06019_187_299644 1389.8             6.1  1
 18HU06019_187_299643 1561.7             6.2  1
 18HU06019_187_299642 1739.4             6.2  1
 18HU06019_187_299641 1921.8             6.2  1
 18HU06019_187_299640 2169.5             6.2  1
 18HU06019_187_299639 2368.9             6.2  1
 18HU06019_187_299638 2550.5             6.2  1
 18HU06019_187_299637 2739.5             6.2  1
 18HU06019_187_299636 2901.2             6.3  1
 18HU06019_187_299635 3062.3             6.3  1
 18HU06019_187_299634 3211.9             6.3  1
 18HU06019_187_299633 3341.7             6.3  1
 18HU06019_187_299632 3461.4             6.3  1
 18HU06019_187_299631 3570.6             6.2  1
 18HU06019_187_299630 3701.3             6.3  1
 18HU06019_187_299629 3855.3             6.3  1


-> QC repot:
[1] Filename    Pressure    Uniqueno    Variable    Values      Test.failed
<0 rows> (or 0-length row.names)




> sink()
