
> cat("\n")


> cat(paste(mission,"FLAG Report:, ", n))
18TL05601 FLAG Report:,  2019-03-15 12:37:50
> cat("\n")


> cat(c("-----------------------","\n","\n"))
----------------------- 
 

> # ========================= #
> # PLOT DATA FOR EACH EVENT
> # ========================= #
> 
> 
> for (i in 1:length(fe)) {
+   
+   event=sprintf( .... [TRUNCATED] 
-> Flagged PHOSPHATE, event 53, station STN27:

           sample_key depth value method qc
 18TL05601_297_259898     4  0.31  PO4_0  1
 18TL05601_297_259897    10  0.52  PO4_0  1
 18TL05601_297_259896    20  0.28  PO4_0  1
 18TL05601_297_259895    30  0.31  PO4_0  1
 18TL05601_297_259894    40  0.27  PO4_0  2
 18TL05601_297_259893    49  0.26  PO4_0  2
 18TL05601_297_259892    75  0.46  PO4_0  1
 18TL05601_297_259891    99  0.72  PO4_0  1
 18TL05601_297_259890   149  1.16  PO4_0  1
 18TL05601_297_259889   172  1.30  PO4_0  1


-> QC repot:
[1] Filename    Pressure    Uniqueno    Variable    Values      Test.failed
<0 rows> (or 0-length row.names)




> # plot flagged profiles using BC flagged file
> #original file from Gordana Lazin
> #updated by E Chisholm, March 2019
> 
> 
> source("flagcol2.r")

> require(lubridate)

> source("plot_profiles.r")

> wd="C:/Users/ChisholmE/Documents/BIOCHEM/IML QC"

> # load flagged BCD file
> mission="18TL06043"

> fn=file.path(paste0(wd,'/BCD/',mission, '/',mission,"_BCD_flagged.csv"))

> df0=data.frame(read.csv(fn,  header = F, quote = '', fill = T, stringsAsFactors = F))

> names(df0) <- df0[1,]

> df0 <- df0[-1,1:25]

> df0$DIS_HEADER_START_DEPTH <- as.numeric(df0$DIS_HEADER_START_DEPTH)

> df0$DIS_DETAIL_DATA_VAL <- as.numeric(df0$DIS_DETAIL_DATA_VAL)

> # load QC report files 
> qc_folder="C:/Users/ChisholmE/Documents/BIOCHEM/IML QC/QC_V6"

> qcf=paste0("QC_data_",substr(mission,nchar(mission)-4,nchar(mission)),"_IML_format.txt")

> qcf_ctd=paste0("QC_data_",substr(mission,nchar(mission)-4,nchar(mission)),"_IML_format_ctd.txt")

> qcrep=read.table(file.path(qc_folder,qcf), stringsAsFactors=F, sep=";", header=T)

> #no ctd data
> #qcrep_ctd=read.table(file.path(qc_folder,qcf_ctd), stringsAsFactors=F, sep=";", header=T)
> 
> # if (mission %in% c("HUD99054","HUD9 ..." ... [TRUNCATED] 

> qcpar <-  vars$BCD_FIELDS[vars$qc == 'qc']

> #qcpar=c("Temp_CTD_1968","Salinity_CTD","O2_CTD_mLL","Salinity_Sal_PSS","Chl_a_Holm-Hansen_F","pH_CTD",
>         #"Chl_Fluor_Voltage", "O2_Electrod ..." ... [TRUNCATED] 

> # find events for which the dat was flagged
> 
> # 1. find indices of flagged data, fi
> fi=which(df$DIS_DETAIL_DATA_QC_CODE>1)

> # 2. Find flagged events, fe
> fe=unique(df$EVENT_COLLECTOR_EVENT_ID[fi])

> # order flagged events by event number
> fe=fe[order(fe)]

> # =================== #
> # DEFINE REPORT FILE
> # =================== #
> outpath=file.path(paste0(wd,'/BCD/',mission))

> n=now() # make time stamp to mark the start of processing

> timestamp=paste0(year(n), sprintf("%02d",month(n)),sprintf("%02d",day(n)),
+                  sprintf("%02d",hour(n)),sprintf("%02d",minute(n)),spri .... [TRUNCATED] 

> # name of the report file                 
> report_file=paste0("FLAG_report_",mission,"_",timestamp, ".txt")

> report_file=file.path(outpath,report_file)

> # write input files into report
> sink(file=report_file,append=TRUE, split=TRUE)
