
> cat("\n")


> cat(paste(mission,"FLAG Report:, ", n))
18HU14007 FLAG Report:,  2019-03-15 11:06:57
> cat("\n")


> cat(c("-----------------------","\n","\n"))
----------------------- 
 

> # ========================= #
> # PLOT DATA FOR EACH EVENT
> # ========================= #
> 
> 
> for (i in 1:length(fe)) {
+   
+   event=sprintf( .... [TRUNCATED] 
-> Flagged SALINITY, event 178, station HL_16:

           sample_key depth.x Salinity_CTD qc.x depth.y Salinity_Sal_PSS qc.y
 18HU14007_089_401110 5239.32      34.8751    0 5239.32           34.877    1
 18HU14007_089_401111 5020.61      34.8801    0 5020.61           34.881    1
 18HU14007_089_401112 4879.96      34.8816    0 4879.96           34.882    1
 18HU14007_089_401113 4661.58      34.8848    0 4661.58           34.884    1
 18HU14007_089_401114 4401.67      34.8881    0 4401.67           34.888    1
 18HU14007_089_401115 4100.04      34.8936    0 4100.04           34.893    1
 18HU14007_089_401116 3752.66      34.9032    0 3752.66           34.903    1
 18HU14007_089_401117 3401.61      34.9190    0 3401.61           34.918    1
 18HU14007_089_401118 3101.42      34.9304    0 3101.42           34.933    1
 18HU14007_089_401119 2781.05      34.9403    0 2781.05           34.940    1
 18HU14007_089_401120 2480.73      34.9443    0 2480.73           34.945    1
 18HU14007_089_401121 2181.46      34.9526    0 2181.46           34.952    1
 18HU14007_089_401122 1911.71      34.9604    0      NA               NA <NA>
 18HU14007_089_401123 1652.09      34.9650    0 1652.09           34.965    1
 18HU14007_089_401124 1401.84      34.9829    0 1401.84           34.982    1
 18HU14007_089_401125 1152.91      35.0063    0 1152.91           35.006    1
 18HU14007_089_401126  961.71      35.0247    0  961.71           35.004    1
 18HU14007_089_401127  732.81      35.0963    0  732.81           35.098    1
 18HU14007_089_401128  560.20      35.2777    0  560.20           35.276    1
 18HU14007_089_401129  330.38      35.6532    0  330.38           35.655    1
 18HU14007_089_401130  195.12      36.5311    0  195.12           36.521    1
 18HU14007_089_401131  100.70      36.6304    0  100.70           36.628    1
 18HU14007_089_401132   50.75      36.5043    0   50.75           36.503    1
 18HU14007_089_401133    3.49      36.4801    0    3.49           34.875    7


-> QC repot:
[1] Filename    Pressure    Uniqueno    Variable    Values      Test.failed
<0 rows> (or 0-length row.names)



-> Flagged SALINITY, event 180, station HL_15:

           sample_key depth.x Salinity_CTD qc.x depth.y Salinity_Sal_PSS qc.y
 18HU14007_092_401139 5174.09      34.8751    0 5174.09         36.48100    7
 18HU14007_092_401140 4999.86      34.8794    0 4999.86         34.87900    1
 18HU14007_092_401141 4749.81      34.8833    0 4749.81         34.88200    1
 18HU14007_092_401142 4498.69      34.8865    0 4498.69         34.88500    1
 18HU14007_092_401143 4249.73      34.8895    0 4249.73         34.88900    1
 18HU14007_092_401144 4000.60      34.8944    0 4000.60         34.89300    1
 18HU14007_092_401145 3750.25      34.9008    0 3750.25         34.90000    1
 18HU14007_092_401146 3470.37      34.9106    0 3470.37         34.90900    1
 18HU14007_092_401147 3179.83      34.9240    0 3179.83         34.92405    1
 18HU14007_092_401148 2882.14      34.9349    0 2882.14         34.93400    1
 18HU14007_092_401149 2571.25      34.9420    0 2571.25         34.94200    1
 18HU14007_092_401150 2280.79      34.9469    0 2280.79         34.94600    1
 18HU14007_092_401151 2000.05      34.9519    0 2000.05         34.95000    1
 18HU14007_092_401152 1720.35      34.9606    0 1720.35         34.95900    1
 18HU14007_092_401153 1449.99      34.9681    0 1449.99         34.94700    1
 18HU14007_092_401154 1198.90      34.9833    0 1198.90         34.98206    1
 18HU14007_092_401155  960.50      34.9999    0  960.50         34.99800    1
 18HU14007_092_401156  729.27      35.0325    0  729.27         35.03100    1
 18HU14007_092_401157  511.67      35.0988    0  511.67         35.09700    1
 18HU14007_092_401158  339.78      35.2428    0  339.78         35.24200    1
 18HU14007_092_401159  194.93      35.6072    0  194.93         35.60400    1
 18HU14007_092_401160   98.84      35.5650    0   98.84         35.56000    1
 18HU14007_092_401161   49.73      35.8875    0   49.73         35.89900    1
 18HU14007_092_401162    2.33      36.1633    0    2.33         36.16500    1


-> QC repot:
[1] Filename    Pressure    Uniqueno    Variable    Values      Test.failed
<0 rows> (or 0-length row.names)



-> Flagged SILICATE, event 188, station HL_11:

           sample_key   depth  value        method qc
 18HU14007_100_401278    3.13  1.445 SiO4_Tech_Fsh  1
 18HU14007_100_401277   49.66  2.595 SiO4_Tech_Fsh  1
 18HU14007_100_401276  100.38  5.445 SiO4_Tech_Fsh  1
 18HU14007_100_401275  231.55 12.625 SiO4_Tech_Fsh  1
 18HU14007_100_401274  350.66 14.280 SiO4_Tech_Fsh  1
 18HU14007_100_401273  532.22 12.915 SiO4_Tech_Fsh  1
 18HU14007_100_401272  730.10 11.975 SiO4_Tech_Fsh  1
 18HU14007_100_401271  961.02 11.510 SiO4_Tech_Fsh  1
 18HU14007_100_401270 1200.48 11.825 SiO4_Tech_Fsh  1
 18HU14007_100_401269 1451.14 12.390 SiO4_Tech_Fsh  1
 18HU14007_100_401268 1721.92 13.270 SiO4_Tech_Fsh  1
 18HU14007_100_401267 2000.06 14.360 SiO4_Tech_Fsh  1
 18HU14007_100_401266 2281.06 15.545 SiO4_Tech_Fsh  1
 18HU14007_100_401265 2570.44 16.860 SiO4_Tech_Fsh  1
 18HU14007_100_401264 2879.57 18.305 SiO4_Tech_Fsh  1
 18HU14007_100_401263 3180.20 19.310 SiO4_Tech_Fsh  1
 18HU14007_100_401262 3469.27 19.815 SiO4_Tech_Fsh  1
 18HU14007_100_401261 3750.88 21.890 SiO4_Tech_Fsh  1
 18HU14007_100_401260 3950.61 24.075 SiO4_Tech_Fsh  1
 18HU14007_100_401259 4100.67 25.565 SiO4_Tech_Fsh  1
 18HU14007_100_401258 4221.21 29.370 SiO4_Tech_Fsh  2
 18HU14007_100_401257 4320.60 34.110 SiO4_Tech_Fsh  2
 18HU14007_100_401256 4421.44 37.665 SiO4_Tech_Fsh  2
 18HU14007_100_401255 4499.00 37.550 SiO4_Tech_Fsh  2


-> QC repot:
[1] Filename    Pressure    Uniqueno    Variable    Values      Test.failed
<0 rows> (or 0-length row.names)



-> Flagged NITRATE, event 190, station HL_10:

           sample_key   depth  value          method qc
 18HU14007_103_401307    2.09  0.000 NO2NO3_Tech_Fsh  1
 18HU14007_103_401306   10.96  0.000 NO2NO3_Tech_Fsh  1
 18HU14007_103_401305   50.13  5.710 NO2NO3_Tech_Fsh  1
 18HU14007_103_401304  101.06  8.820 NO2NO3_Tech_Fsh  1
 18HU14007_103_401303  194.31 18.510 NO2NO3_Tech_Fsh  1
 18HU14007_103_401302  331.03 25.005 NO2NO3_Tech_Fsh  2
 18HU14007_103_401301  500.23 21.740 NO2NO3_Tech_Fsh  1
 18HU14007_103_401300  649.26 19.890 NO2NO3_Tech_Fsh  1
 18HU14007_103_401299  850.26 18.445 NO2NO3_Tech_Fsh  1
 18HU14007_103_401298 1051.19 17.975 NO2NO3_Tech_Fsh  1
 18HU14007_103_401297 1272.32 18.240 NO2NO3_Tech_Fsh  1
 18HU14007_103_401296 1510.13 18.145 NO2NO3_Tech_Fsh  1
 18HU14007_103_401295 1761.23 18.150 NO2NO3_Tech_Fsh  1
 18HU14007_103_401294 2021.09 18.115 NO2NO3_Tech_Fsh  1
 18HU14007_103_401293 2280.01 17.960 NO2NO3_Tech_Fsh  1
 18HU14007_103_401292 2531.30 17.875 NO2NO3_Tech_Fsh  1
 18HU14007_103_401291 2771.96 17.850 NO2NO3_Tech_Fsh  1
 18HU14007_103_401290 3150.92 17.425 NO2NO3_Tech_Fsh  1
 18HU14007_103_401289 3220.81 17.095 NO2NO3_Tech_Fsh  1
 18HU14007_103_401288 3325.51 17.225 NO2NO3_Tech_Fsh  1
 18HU14007_103_401287 3600.78 17.860 NO2NO3_Tech_Fsh  1
 18HU14007_103_401286 3760.22 17.920 NO2NO3_Tech_Fsh  1
 18HU14007_103_401285 3902.53 18.640 NO2NO3_Tech_Fsh  1
 18HU14007_103_401284 4144.25 19.515 NO2NO3_Tech_Fsh  1


-> QC repot:
[1] Filename    Pressure    Uniqueno    Variable    Values      Test.failed
<0 rows> (or 0-length row.names)



-> Flagged SILICATE, event 190, station HL_10:

           sample_key   depth  value        method qc
 18HU14007_103_401307    2.09  1.110 SiO4_Tech_Fsh  1
 18HU14007_103_401306   10.96  1.100 SiO4_Tech_Fsh  1
 18HU14007_103_401305   50.13  2.040 SiO4_Tech_Fsh  1
 18HU14007_103_401304  101.06  3.315 SiO4_Tech_Fsh  1
 18HU14007_103_401303  194.31  8.870 SiO4_Tech_Fsh  1
 18HU14007_103_401302  331.03 14.705 SiO4_Tech_Fsh  1
 18HU14007_103_401301  500.23 13.570 SiO4_Tech_Fsh  1
 18HU14007_103_401300  649.26 12.310 SiO4_Tech_Fsh  1
 18HU14007_103_401299  850.26 11.550 SiO4_Tech_Fsh  1
 18HU14007_103_401298 1051.19 11.115 SiO4_Tech_Fsh  1
 18HU14007_103_401297 1272.32 11.785 SiO4_Tech_Fsh  1
 18HU14007_103_401296 1510.13 12.300 SiO4_Tech_Fsh  1
 18HU14007_103_401295 1761.23 13.060 SiO4_Tech_Fsh  1
 18HU14007_103_401294 2021.09 14.205 SiO4_Tech_Fsh  1
 18HU14007_103_401293 2280.01 15.710 SiO4_Tech_Fsh  1
 18HU14007_103_401292 2531.30 17.015 SiO4_Tech_Fsh  1
 18HU14007_103_401291 2771.96 18.090 SiO4_Tech_Fsh  1
 18HU14007_103_401290 3150.92 18.960 SiO4_Tech_Fsh  1
 18HU14007_103_401289 3220.81 17.950 SiO4_Tech_Fsh  1
 18HU14007_103_401288 3325.51 19.560 SiO4_Tech_Fsh  1
 18HU14007_103_401287 3600.78 24.635 SiO4_Tech_Fsh  1
 18HU14007_103_401286 3760.22 24.890 SiO4_Tech_Fsh  1
 18HU14007_103_401285 3902.53 28.715 SiO4_Tech_Fsh  2
 18HU14007_103_401284 4144.25 35.300 SiO4_Tech_Fsh  2


-> QC repot:
[1] Filename    Pressure    Uniqueno    Variable    Values      Test.failed
<0 rows> (or 0-length row.names)



-> Flagged NITRATE, event 205, station HL_06:

           sample_key   depth  value          method qc
 18HU14007_122_401429    1.69  0.000 NO2NO3_Tech_Fsh  2
 18HU14007_122_401428    9.81  0.000 NO2NO3_Tech_Fsh  2
 18HU14007_122_401427   20.14  0.400 NO2NO3_Tech_Fsh  1
 18HU14007_122_401426   29.29  3.140 NO2NO3_Tech_Fsh  1
 18HU14007_122_401425   39.37  0.675 NO2NO3_Tech_Fsh  1
 18HU14007_122_401424   49.51  1.420 NO2NO3_Tech_Fsh  1
 18HU14007_122_401423   60.24  3.740 NO2NO3_Tech_Fsh  1
 18HU14007_122_401422   80.35  7.500 NO2NO3_Tech_Fsh  1
 18HU14007_122_401421  100.04  9.980 NO2NO3_Tech_Fsh  1
 18HU14007_122_401420  149.69 10.670 NO2NO3_Tech_Fsh  1
 18HU14007_122_401419  199.51 17.300 NO2NO3_Tech_Fsh  1
 18HU14007_122_401418  300.77 24.440 NO2NO3_Tech_Fsh  1
 18HU14007_122_401417  399.68 22.685 NO2NO3_Tech_Fsh  1
 18HU14007_122_401416  499.89 20.365 NO2NO3_Tech_Fsh  1
 18HU14007_122_401415  621.73 18.915 NO2NO3_Tech_Fsh  1
 18HU14007_122_401414  720.22 18.320 NO2NO3_Tech_Fsh  1
 18HU14007_122_401413  869.69 17.525 NO2NO3_Tech_Fsh  1
 18HU14007_122_401412 1001.10 17.865 NO2NO3_Tech_Fsh  1
 18HU14007_122_401411 1105.89 17.900 NO2NO3_Tech_Fsh  1


-> QC repot:
[1] Filename    Pressure    Uniqueno    Variable    Values      Test.failed
<0 rows> (or 0-length row.names)



-> Flagged PHOSPHATE, event 211, station HL_05:

           sample_key depth  value       method qc
 18HU14007_129_401443  1.97 0.1555 PO4_Tech_Fsh  1
 18HU14007_129_401442 10.20 0.1675 PO4_Tech_Fsh  2
 18HU14007_129_401441 20.26 0.2890 PO4_Tech_Fsh  1
 18HU14007_129_401440 30.95 0.4230 PO4_Tech_Fsh  1
 18HU14007_129_401439 40.34 0.5165 PO4_Tech_Fsh  1
 18HU14007_129_401438 49.87 0.5305 PO4_Tech_Fsh  1
 18HU14007_129_401437 61.27 0.6820 PO4_Tech_Fsh  1
 18HU14007_129_401436 79.62 0.7060 PO4_Tech_Fsh  1
 18HU14007_129_401435 94.10 0.7265 PO4_Tech_Fsh  1


-> QC repot:
[1] Filename    Pressure    Uniqueno    Variable    Values      Test.failed
<0 rows> (or 0-length row.names)



-> Flagged SALINITY, event 214, station HL_04:

           sample_key depth.x Salinity_CTD qc.x depth.y Salinity_Sal_PSS qc.y
 18HU14007_132_401444   77.94      34.3452    0   77.94           34.350    1
 18HU14007_132_401445   75.00      34.3381    0      NA               NA <NA>
 18HU14007_132_401446   59.94      34.2522    0      NA               NA <NA>
 18HU14007_132_401447   50.83      34.0421    0      NA               NA <NA>
 18HU14007_132_401448   40.59      33.8633    0      NA               NA <NA>
 18HU14007_132_401449   30.13      33.1117    0      NA               NA <NA>
 18HU14007_132_401450   20.46      33.1025    0      NA               NA <NA>
 18HU14007_132_401451   10.18      33.0742    0   10.18           35.135    7
 18HU14007_132_401452    1.73      32.3963    0      NA               NA <NA>


-> QC repot:
[1] Filename    Pressure    Uniqueno    Variable    Values      Test.failed
<0 rows> (or 0-length row.names)



-> Flagged PHOSPHATE, event 214, station HL_04:

           sample_key depth  value       method qc
 18HU14007_132_401452  1.73 0.2610 PO4_Tech_Fsh  1
 18HU14007_132_401451 10.18 0.2250 PO4_Tech_Fsh  2
 18HU14007_132_401450 20.46 0.3160 PO4_Tech_Fsh  1
 18HU14007_132_401449 30.13 0.5115 PO4_Tech_Fsh  1
 18HU14007_132_401448 40.59 0.4175 PO4_Tech_Fsh  1
 18HU14007_132_401447 50.83 0.5830 PO4_Tech_Fsh  1
 18HU14007_132_401446 59.94 0.6955 PO4_Tech_Fsh  1
 18HU14007_132_401445 75.00 0.7940 PO4_Tech_Fsh  1
 18HU14007_132_401444 77.94 0.8050 PO4_Tech_Fsh  1


-> QC repot:
[1] Filename    Pressure    Uniqueno    Variable    Values      Test.failed
<0 rows> (or 0-length row.names)




> sink()
