
> cat("\n")


> cat(paste(mission,"FLAG Report:, ", n))
18HU86006 FLAG Report:,  2019-03-15 11:38:22
> cat("\n")


> cat(c("-----------------------","\n","\n"))
----------------------- 
 

> # ========================= #
> # PLOT DATA FOR EACH EVENT
> # ========================= #
> 
> 
> for (i in 1:length(fe)) {
+   
+   event=sprintf( .... [TRUNCATED] 
-> Flagged PHOSPHATE, event 16, station CAST#1:

          sample_key depth value method qc
 18HU86006_069_30300     5  0.29  PO4_0  1
 18HU86006_069_30299    98  0.97  PO4_0  1
 18HU86006_069_30298   298  1.17  PO4_0  1
 18HU86006_069_30297   500  1.30  PO4_0  1
 18HU86006_069_30296   705  1.18  PO4_0  1
 18HU86006_069_30295   907  1.14  PO4_0  1
 18HU86006_069_30294  1110  1.15  PO4_0  1
 18HU86006_069_30293  1313  1.17  PO4_0  1
 18HU86006_069_30292  1513  1.17  PO4_0  1
 18HU86006_069_30291  1720  1.22  PO4_0  1
 18HU86006_069_30290  1923  1.20  PO4_0  1
 18HU86006_069_30289  2126  1.19  PO4_0  1
 18HU86006_069_30288  2330  1.15  PO4_0  1
 18HU86006_069_30287  2537  1.13  PO4_0  1
 18HU86006_069_30286  2740  1.13  PO4_0  1
 18HU86006_069_30285  2945  0.00  PO4_0  1
 18HU86006_069_30284  3047  1.14  PO4_0  7
 18HU86006_069_30283  3201  1.13  PO4_0  1
 18HU86006_069_30282  3301  1.13  PO4_0  1
 18HU86006_069_30281  3352  1.14  PO4_0  1
 18HU86006_069_30280  3397  1.17  PO4_0  1


-> QC repot:
[1] Filename    Pressure    Uniqueno    Variable    Values      Test.failed
<0 rows> (or 0-length row.names)



-> Flagged SILICATE, event 16, station CAST#1:

          sample_key depth value method qc
 18HU86006_069_30300     5  0.24 SiO4_0  1
 18HU86006_069_30299    98  7.41 SiO4_0  1
 18HU86006_069_30298   298 11.41 SiO4_0  1
 18HU86006_069_30297   500 12.84 SiO4_0  1
 18HU86006_069_30296   705 11.50 SiO4_0  1
 18HU86006_069_30295   907 10.77 SiO4_0  1
 18HU86006_069_30294  1110 11.56 SiO4_0  1
 18HU86006_069_30293  1313 11.43 SiO4_0  1
 18HU86006_069_30292  1513 12.27 SiO4_0  1
 18HU86006_069_30291  1720 14.22 SiO4_0  1
 18HU86006_069_30290  1923 16.58 SiO4_0  1
 18HU86006_069_30289  2126 14.89 SiO4_0  1
 18HU86006_069_30288  2330 15.09 SiO4_0  1
 18HU86006_069_30287  2537 19.94 SiO4_0  1
 18HU86006_069_30286  2740 14.80 SiO4_0  1
 18HU86006_069_30285  2945 15.45 SiO4_0  7
 18HU86006_069_30284  3047 16.82 SiO4_0  1
 18HU86006_069_30283  3201 18.56 SiO4_0  1
 18HU86006_069_30282  3301 17.64 SiO4_0  1
 18HU86006_069_30281  3352 17.04 SiO4_0  1
 18HU86006_069_30280  3397 17.08 SiO4_0  1


-> QC repot:
[1] Filename    Pressure    Uniqueno    Variable    Values      Test.failed
<0 rows> (or 0-length row.names)



-> Flagged PHOSPHATE, event 56, station CAST#1:

          sample_key depth value method qc
 18HU86006_300_31187     3  0.43  PO4_0  1
 18HU86006_300_31186    43  0.96  PO4_0  1
 18HU86006_300_31185   103  1.03  PO4_0  1
 18HU86006_300_31184   165  1.23  PO4_0  1
 18HU86006_300_31183   221  1.17  PO4_0  1
 18HU86006_300_31182   284  1.16  PO4_0  1
 18HU86006_300_31181   346  1.32  PO4_0  1
 18HU86006_300_31180   407  1.20  PO4_0  1
 18HU86006_300_31179   464  1.30  PO4_0  1
 18HU86006_300_31178   526  1.32  PO4_0  1
 18HU86006_300_31177   587  1.51  PO4_0  1
 18HU86006_300_31176   641  1.48  PO4_0  1
 18HU86006_300_31175   696  1.39  PO4_0  1
 18HU86006_300_31174   759  1.63  PO4_0  1
 18HU86006_300_31173   816  1.89  PO4_0  1
 18HU86006_300_31172   884  1.49  PO4_0  1
 18HU86006_300_31171   951  1.30  PO4_0  1
 18HU86006_300_31170  1074  1.71  PO4_0  1
 18HU86006_300_31169  1135  1.68  PO4_0  1
 18HU86006_300_31168  1192  1.51  PO4_0  3
 18HU86006_300_31167  1271  1.36  PO4_0  1


-> QC repot:
[1] Filename    Pressure    Uniqueno    Variable    Values      Test.failed
<0 rows> (or 0-length row.names)




> sink()
